[6.230s] Invoking command in '/home/zuiken/Documents/ichosai_2026_trolley/ros2_ws/src/trolley_drive': PYTHONPATH=/home/zuiken/Documents/ichosai_2026_trolley/ros2_ws/src/build/trolley_drive/prefix_override:/usr/lib/python3/dist-packages/colcon_core/task/python/colcon_distutils_commands:/home/zuiken/Documents/ichosai_2026_trolley/ros2_ws/src/install/trolley_drive/lib/python3.12/site-packages:${PYTHONPATH} /usr/bin/python3 -W ignore:setup.py install is deprecated -W ignore:easy_install command is deprecated setup.py egg_info --egg-base ../build/trolley_drive build --build-base /home/zuiken/Documents/ichosai_2026_trolley/ros2_ws/src/build/trolley_drive/build install --record /home/zuiken/Documents/ichosai_2026_trolley/ros2_ws/src/build/trolley_drive/install.log --install-scripts $base/lib/trolley_drive --single-version-externally-managed install_data
[6.641s] running egg_info
[6.641s] creating ../build/trolley_drive/trolley_drive.egg-info
[6.668s] writing ../build/trolley_drive/trolley_drive.egg-info/PKG-INFO
[6.668s] writing dependency_links to ../build/trolley_drive/trolley_drive.egg-info/dependency_links.txt
[6.668s] writing requirements to ../build/trolley_drive/trolley_drive.egg-info/requires.txt
[6.668s] writing top-level names to ../build/trolley_drive/trolley_drive.egg-info/top_level.txt
[6.669s] writing manifest file '../build/trolley_drive/trolley_drive.egg-info/SOURCES.txt'
[6.723s] reading manifest file '../build/trolley_drive/trolley_drive.egg-info/SOURCES.txt'
[6.724s] writing manifest file '../build/trolley_drive/trolley_drive.egg-info/SOURCES.txt'
[6.724s] running build
[6.725s] running build_py
[6.725s] creating /home/zuiken/Documents/ichosai_2026_trolley/ros2_ws/src/build/trolley_drive/build
[6.725s] creating /home/zuiken/Documents/ichosai_2026_trolley/ros2_ws/src/build/trolley_drive/build/lib
[6.725s] creating /home/zuiken/Documents/ichosai_2026_trolley/ros2_ws/src/build/trolley_drive/build/lib/trolley_drive
[6.725s] copying trolley_drive/__init__.py -> /home/zuiken/Documents/ichosai_2026_trolley/ros2_ws/src/build/trolley_drive/build/lib/trolley_drive
[6.726s] running install
[6.737s] running install_lib
[6.763s] creating /home/zuiken/Documents/ichosai_2026_trolley/ros2_ws/src/install/trolley_drive/lib/python3.12/site-packages/trolley_drive
[6.763s] copying /home/zuiken/Documents/ichosai_2026_trolley/ros2_ws/src/build/trolley_drive/build/lib/trolley_drive/__init__.py -> /home/zuiken/Documents/ichosai_2026_trolley/ros2_ws/src/install/trolley_drive/lib/python3.12/site-packages/trolley_drive
[6.764s] byte-compiling /home/zuiken/Documents/ichosai_2026_trolley/ros2_ws/src/install/trolley_drive/lib/python3.12/site-packages/trolley_drive/__init__.py to __init__.cpython-312.pyc
[6.764s] running install_data
[6.764s] creating /home/zuiken/Documents/ichosai_2026_trolley/ros2_ws/src/install/trolley_drive/share/ament_index
[6.764s] creating /home/zuiken/Documents/ichosai_2026_trolley/ros2_ws/src/install/trolley_drive/share/ament_index/resource_index
[6.764s] creating /home/zuiken/Documents/ichosai_2026_trolley/ros2_ws/src/install/trolley_drive/share/ament_index/resource_index/packages
[6.765s] copying resource/trolley_drive -> /home/zuiken/Documents/ichosai_2026_trolley/ros2_ws/src/install/trolley_drive/share/ament_index/resource_index/packages
[6.765s] copying package.xml -> /home/zuiken/Documents/ichosai_2026_trolley/ros2_ws/src/install/trolley_drive/share/trolley_drive
[6.765s] running install_egg_info
[6.793s] Copying ../build/trolley_drive/trolley_drive.egg-info to /home/zuiken/Documents/ichosai_2026_trolley/ros2_ws/src/install/trolley_drive/lib/python3.12/site-packages/trolley_drive-0.0.0-py3.12.egg-info
[6.794s] running install_scripts
[6.986s] writing list of installed files to '/home/zuiken/Documents/ichosai_2026_trolley/ros2_ws/src/build/trolley_drive/install.log'
[7.620s] Invoked command in '/home/zuiken/Documents/ichosai_2026_trolley/ros2_ws/src/trolley_drive' returned '0': PYTHONPATH=/home/zuiken/Documents/ichosai_2026_trolley/ros2_ws/src/build/trolley_drive/prefix_override:/usr/lib/python3/dist-packages/colcon_core/task/python/colcon_distutils_commands:/home/zuiken/Documents/ichosai_2026_trolley/ros2_ws/src/install/trolley_drive/lib/python3.12/site-packages:${PYTHONPATH} /usr/bin/python3 -W ignore:setup.py install is deprecated -W ignore:easy_install command is deprecated setup.py egg_info --egg-base ../build/trolley_drive build --build-base /home/zuiken/Documents/ichosai_2026_trolley/ros2_ws/src/build/trolley_drive/build install --record /home/zuiken/Documents/ichosai_2026_trolley/ros2_ws/src/build/trolley_drive/install.log --install-scripts $base/lib/trolley_drive --single-version-externally-managed install_data
