[1.964s] Invoking command in '/home/zuiken/Documents/ichosai_2026_trolley/ros2_ws/src/joy_teleop': PYTHONPATH=/home/zuiken/Documents/ichosai_2026_trolley/ros2_ws/build/joy_teleop/prefix_override:/usr/lib/python3/dist-packages/colcon_core/task/python/colcon_distutils_commands:/home/zuiken/Documents/ichosai_2026_trolley/ros2_ws/install/joy_teleop/lib/python3.12/site-packages:${PYTHONPATH} /usr/bin/python3 -W ignore:setup.py install is deprecated -W ignore:easy_install command is deprecated setup.py egg_info --egg-base ../../build/joy_teleop build --build-base /home/zuiken/Documents/ichosai_2026_trolley/ros2_ws/build/joy_teleop/build install --record /home/zuiken/Documents/ichosai_2026_trolley/ros2_ws/build/joy_teleop/install.log --install-scripts $base/lib/joy_teleop --single-version-externally-managed install_data
[2.350s] running egg_info
[2.376s] writing ../../build/joy_teleop/joy_teleop.egg-info/PKG-INFO
[2.377s] writing dependency_links to ../../build/joy_teleop/joy_teleop.egg-info/dependency_links.txt
[2.377s] writing entry points to ../../build/joy_teleop/joy_teleop.egg-info/entry_points.txt
[2.377s] writing requirements to ../../build/joy_teleop/joy_teleop.egg-info/requires.txt
[2.380s] writing top-level names to ../../build/joy_teleop/joy_teleop.egg-info/top_level.txt
[2.430s] reading manifest file '../../build/joy_teleop/joy_teleop.egg-info/SOURCES.txt'
[2.432s] writing manifest file '../../build/joy_teleop/joy_teleop.egg-info/SOURCES.txt'
[2.432s] running build
[2.432s] running build_py
[2.432s] running install
[2.442s] running install_lib
[2.469s] running install_data
[2.470s] running install_egg_info
[2.498s] removing '/home/zuiken/Documents/ichosai_2026_trolley/ros2_ws/install/joy_teleop/lib/python3.12/site-packages/joy_teleop-0.0.0-py3.12.egg-info' (and everything under it)
[2.498s] Copying ../../build/joy_teleop/joy_teleop.egg-info to /home/zuiken/Documents/ichosai_2026_trolley/ros2_ws/install/joy_teleop/lib/python3.12/site-packages/joy_teleop-0.0.0-py3.12.egg-info
[2.500s] running install_scripts
[2.692s] Installing joy_teleop script to /home/zuiken/Documents/ichosai_2026_trolley/ros2_ws/install/joy_teleop/lib/joy_teleop
[2.693s] writing list of installed files to '/home/zuiken/Documents/ichosai_2026_trolley/ros2_ws/build/joy_teleop/install.log'
[2.806s] Invoked command in '/home/zuiken/Documents/ichosai_2026_trolley/ros2_ws/src/joy_teleop' returned '0': PYTHONPATH=/home/zuiken/Documents/ichosai_2026_trolley/ros2_ws/build/joy_teleop/prefix_override:/usr/lib/python3/dist-packages/colcon_core/task/python/colcon_distutils_commands:/home/zuiken/Documents/ichosai_2026_trolley/ros2_ws/install/joy_teleop/lib/python3.12/site-packages:${PYTHONPATH} /usr/bin/python3 -W ignore:setup.py install is deprecated -W ignore:easy_install command is deprecated setup.py egg_info --egg-base ../../build/joy_teleop build --build-base /home/zuiken/Documents/ichosai_2026_trolley/ros2_ws/build/joy_teleop/build install --record /home/zuiken/Documents/ichosai_2026_trolley/ros2_ws/build/joy_teleop/install.log --install-scripts $base/lib/joy_teleop --single-version-externally-managed install_data
