[4.853s] Invoking command in '/home/zuiken/Documents/ichosai_2026_trolley/ros2_ws/src/joy_teleop': PYTHONPATH=/home/zuiken/Documents/ichosai_2026_trolley/ros2_ws/build/joy_teleop/prefix_override:/usr/lib/python3/dist-packages/colcon_core/task/python/colcon_distutils_commands:/home/zuiken/Documents/ichosai_2026_trolley/ros2_ws/install/joy_teleop/lib/python3.12/site-packages:${PYTHONPATH} /usr/bin/python3 -W ignore:setup.py install is deprecated -W ignore:easy_install command is deprecated setup.py egg_info --egg-base ../../build/joy_teleop build --build-base /home/zuiken/Documents/ichosai_2026_trolley/ros2_ws/build/joy_teleop/build install --record /home/zuiken/Documents/ichosai_2026_trolley/ros2_ws/build/joy_teleop/install.log --install-scripts $base/lib/joy_teleop --single-version-externally-managed install_data
[5.226s] running egg_info
[5.251s] writing ../../build/joy_teleop/joy_teleop.egg-info/PKG-INFO
[6.634s] writing dependency_links to ../../build/joy_teleop/joy_teleop.egg-info/dependency_links.txt
[7.591s] writing entry points to ../../build/joy_teleop/joy_teleop.egg-info/entry_points.txt
[8.585s] writing requirements to ../../build/joy_teleop/joy_teleop.egg-info/requires.txt
[8.839s] writing top-level names to ../../build/joy_teleop/joy_teleop.egg-info/top_level.txt
[9.628s] reading manifest file '../../build/joy_teleop/joy_teleop.egg-info/SOURCES.txt'
[9.629s] writing manifest file '../../build/joy_teleop/joy_teleop.egg-info/SOURCES.txt'
[10.217s] running build
[10.217s] running build_py
[10.218s] running install
[10.232s] running install_lib
[10.258s] running install_data
[10.258s] running install_egg_info
[10.285s] removing '/home/zuiken/Documents/ichosai_2026_trolley/ros2_ws/install/joy_teleop/lib/python3.12/site-packages/joy_teleop-0.0.0-py3.12.egg-info' (and everything under it)
[10.664s] Copying ../../build/joy_teleop/joy_teleop.egg-info to /home/zuiken/Documents/ichosai_2026_trolley/ros2_ws/install/joy_teleop/lib/python3.12/site-packages/joy_teleop-0.0.0-py3.12.egg-info
[10.666s] running install_scripts
[10.850s] Installing joy_teleop script to /home/zuiken/Documents/ichosai_2026_trolley/ros2_ws/install/joy_teleop/lib/joy_teleop
[11.238s] writing list of installed files to '/home/zuiken/Documents/ichosai_2026_trolley/ros2_ws/build/joy_teleop/install.log'
[12.629s] Invoked command in '/home/zuiken/Documents/ichosai_2026_trolley/ros2_ws/src/joy_teleop' returned '0': PYTHONPATH=/home/zuiken/Documents/ichosai_2026_trolley/ros2_ws/build/joy_teleop/prefix_override:/usr/lib/python3/dist-packages/colcon_core/task/python/colcon_distutils_commands:/home/zuiken/Documents/ichosai_2026_trolley/ros2_ws/install/joy_teleop/lib/python3.12/site-packages:${PYTHONPATH} /usr/bin/python3 -W ignore:setup.py install is deprecated -W ignore:easy_install command is deprecated setup.py egg_info --egg-base ../../build/joy_teleop build --build-base /home/zuiken/Documents/ichosai_2026_trolley/ros2_ws/build/joy_teleop/build install --record /home/zuiken/Documents/ichosai_2026_trolley/ros2_ws/build/joy_teleop/install.log --install-scripts $base/lib/joy_teleop --single-version-externally-managed install_data
