[1.634s] Invoking command in '/home/zuiken/Documents/ichosai_2026_trolley/ros2_ws/src/trolley_drive': AMENT_PREFIX_PATH=/home/zuiken/Documents/ichosai_2026_trolley/ros2_ws/src/install/trolley_interfaces:${AMENT_PREFIX_PATH} CMAKE_PREFIX_PATH=/home/zuiken/Documents/ichosai_2026_trolley/ros2_ws/src/install/trolley_interfaces:${CMAKE_PREFIX_PATH} DEBUGINFOD_URLS=https://debuginfod.ubuntu.com LD_LIBRARY_PATH=/home/zuiken/Documents/ichosai_2026_trolley/ros2_ws/src/install/trolley_interfaces/lib:${LD_LIBRARY_PATH} PYTHONPATH=/home/zuiken/Documents/ichosai_2026_trolley/ros2_ws/src/build/trolley_drive/prefix_override:/usr/lib/python3/dist-packages/colcon_core/task/python/colcon_distutils_commands:/home/zuiken/Documents/ichosai_2026_trolley/ros2_ws/src/install/trolley_drive/lib/python3.12/site-packages:/home/zuiken/Documents/ichosai_2026_trolley/ros2_ws/src/install/trolley_interfaces/lib/python3.12/site-packages:${PYTHONPATH} /usr/bin/python3 -W ignore:setup.py install is deprecated -W ignore:easy_install command is deprecated setup.py egg_info --egg-base ../build/trolley_drive build --build-base /home/zuiken/Documents/ichosai_2026_trolley/ros2_ws/src/build/trolley_drive/build install --record /home/zuiken/Documents/ichosai_2026_trolley/ros2_ws/src/build/trolley_drive/install.log --install-scripts $base/lib/trolley_drive --single-version-externally-managed install_data
[2.121s] running egg_info
[2.149s] writing ../build/trolley_drive/trolley_drive.egg-info/PKG-INFO
[2.149s] writing dependency_links to ../build/trolley_drive/trolley_drive.egg-info/dependency_links.txt
[2.149s] writing entry points to ../build/trolley_drive/trolley_drive.egg-info/entry_points.txt
[2.151s] writing requirements to ../build/trolley_drive/trolley_drive.egg-info/requires.txt
[2.151s] writing top-level names to ../build/trolley_drive/trolley_drive.egg-info/top_level.txt
[2.210s] reading manifest file '../build/trolley_drive/trolley_drive.egg-info/SOURCES.txt'
[2.212s] writing manifest file '../build/trolley_drive/trolley_drive.egg-info/SOURCES.txt'
[2.215s] running build
[2.215s] running build_py
[2.215s] running install
[2.224s] running install_lib
[2.256s] running install_data
[2.256s] running install_egg_info
[2.285s] removing '/home/zuiken/Documents/ichosai_2026_trolley/ros2_ws/src/install/trolley_drive/lib/python3.12/site-packages/trolley_drive-0.0.0-py3.12.egg-info' (and everything under it)
[2.286s] Copying ../build/trolley_drive/trolley_drive.egg-info to /home/zuiken/Documents/ichosai_2026_trolley/ros2_ws/src/install/trolley_drive/lib/python3.12/site-packages/trolley_drive-0.0.0-py3.12.egg-info
[2.292s] running install_scripts
[2.534s] Installing drive_node script to /home/zuiken/Documents/ichosai_2026_trolley/ros2_ws/src/install/trolley_drive/lib/trolley_drive
[2.536s] writing list of installed files to '/home/zuiken/Documents/ichosai_2026_trolley/ros2_ws/src/build/trolley_drive/install.log'
[2.802s] Invoked command in '/home/zuiken/Documents/ichosai_2026_trolley/ros2_ws/src/trolley_drive' returned '0': AMENT_PREFIX_PATH=/home/zuiken/Documents/ichosai_2026_trolley/ros2_ws/src/install/trolley_interfaces:${AMENT_PREFIX_PATH} CMAKE_PREFIX_PATH=/home/zuiken/Documents/ichosai_2026_trolley/ros2_ws/src/install/trolley_interfaces:${CMAKE_PREFIX_PATH} DEBUGINFOD_URLS=https://debuginfod.ubuntu.com LD_LIBRARY_PATH=/home/zuiken/Documents/ichosai_2026_trolley/ros2_ws/src/install/trolley_interfaces/lib:${LD_LIBRARY_PATH} PYTHONPATH=/home/zuiken/Documents/ichosai_2026_trolley/ros2_ws/src/build/trolley_drive/prefix_override:/usr/lib/python3/dist-packages/colcon_core/task/python/colcon_distutils_commands:/home/zuiken/Documents/ichosai_2026_trolley/ros2_ws/src/install/trolley_drive/lib/python3.12/site-packages:/home/zuiken/Documents/ichosai_2026_trolley/ros2_ws/src/install/trolley_interfaces/lib/python3.12/site-packages:${PYTHONPATH} /usr/bin/python3 -W ignore:setup.py install is deprecated -W ignore:easy_install command is deprecated setup.py egg_info --egg-base ../build/trolley_drive build --build-base /home/zuiken/Documents/ichosai_2026_trolley/ros2_ws/src/build/trolley_drive/build install --record /home/zuiken/Documents/ichosai_2026_trolley/ros2_ws/src/build/trolley_drive/install.log --install-scripts $base/lib/trolley_drive --single-version-externally-managed install_data
