[1.885s] Invoking command in '/home/zuiken/Documents/ichosai_2026_trolley/ros2_ws/src/build/trolley_interfaces': CMAKE_PREFIX_PATH=${CMAKE_PREFIX_PATH}:/opt/ros/jazzy /usr/bin/cmake /home/zuiken/Documents/ichosai_2026_trolley/ros2_ws/src/trolley_interfaces -DCMAKE_INSTALL_PREFIX=/home/zuiken/Documents/ichosai_2026_trolley/ros2_ws/src/install/trolley_interfaces
[2.529s] -- The C compiler identification is GNU 13.3.0
[3.182s] -- The CXX compiler identification is GNU 13.3.0
[3.267s] -- Detecting C compiler ABI info
[3.496s] -- Detecting C compiler ABI info - done
[3.512s] -- Check for working C compiler: /usr/bin/cc - skipped
[3.515s] -- Detecting C compile features
[3.517s] -- Detecting C compile features - done
[3.545s] -- Detecting CXX compiler ABI info
[3.742s] -- Detecting CXX compiler ABI info - done
[3.761s] -- Check for working CXX compiler: /usr/bin/c++ - skipped
[3.761s] -- Detecting CXX compile features
[3.763s] -- Detecting CXX compile features - done
[3.853s] -- Found ament_cmake: 2.5.6 (/opt/ros/jazzy/share/ament_cmake/cmake)
[4.254s] -- Found Python3: /usr/bin/python3 (found version "3.12.3") found components: Interpreter 
[4.606s] -- Found ament_lint_auto: 0.17.5 (/opt/ros/jazzy/share/ament_lint_auto/cmake)
[4.959s] -- Added test 'lint_cmake' to check CMake code style
[4.965s] -- Added test 'xmllint' to check XML markup files
[4.976s] -- Configuring done (2.7s)
[4.986s] -- Generating done (0.0s)
[4.992s] -- Build files have been written to: /home/zuiken/Documents/ichosai_2026_trolley/ros2_ws/src/build/trolley_interfaces
[5.014s] Invoked command in '/home/zuiken/Documents/ichosai_2026_trolley/ros2_ws/src/build/trolley_interfaces' returned '0': CMAKE_PREFIX_PATH=${CMAKE_PREFIX_PATH}:/opt/ros/jazzy /usr/bin/cmake /home/zuiken/Documents/ichosai_2026_trolley/ros2_ws/src/trolley_interfaces -DCMAKE_INSTALL_PREFIX=/home/zuiken/Documents/ichosai_2026_trolley/ros2_ws/src/install/trolley_interfaces
[5.014s] Invoking command in '/home/zuiken/Documents/ichosai_2026_trolley/ros2_ws/src/build/trolley_interfaces': CMAKE_PREFIX_PATH=${CMAKE_PREFIX_PATH}:/opt/ros/jazzy /usr/bin/cmake --build /home/zuiken/Documents/ichosai_2026_trolley/ros2_ws/src/build/trolley_interfaces -- -j4 -l4
[5.101s] Invoked command in '/home/zuiken/Documents/ichosai_2026_trolley/ros2_ws/src/build/trolley_interfaces' returned '0': CMAKE_PREFIX_PATH=${CMAKE_PREFIX_PATH}:/opt/ros/jazzy /usr/bin/cmake --build /home/zuiken/Documents/ichosai_2026_trolley/ros2_ws/src/build/trolley_interfaces -- -j4 -l4
[5.124s] Invoking command in '/home/zuiken/Documents/ichosai_2026_trolley/ros2_ws/src/build/trolley_interfaces': CMAKE_PREFIX_PATH=${CMAKE_PREFIX_PATH}:/opt/ros/jazzy /usr/bin/cmake --install /home/zuiken/Documents/ichosai_2026_trolley/ros2_ws/src/build/trolley_interfaces
[5.361s] -- Install configuration: ""
[5.684s] -- Installing: /home/zuiken/Documents/ichosai_2026_trolley/ros2_ws/src/install/trolley_interfaces/share/ament_index/resource_index/package_run_dependencies/trolley_interfaces
[5.684s] -- Installing: /home/zuiken/Documents/ichosai_2026_trolley/ros2_ws/src/install/trolley_interfaces/share/ament_index/resource_index/parent_prefix_path/trolley_interfaces
[5.685s] -- Installing: /home/zuiken/Documents/ichosai_2026_trolley/ros2_ws/src/install/trolley_interfaces/share/trolley_interfaces/environment/ament_prefix_path.sh
[5.685s] -- Installing: /home/zuiken/Documents/ichosai_2026_trolley/ros2_ws/src/install/trolley_interfaces/share/trolley_interfaces/environment/ament_prefix_path.dsv
[5.685s] -- Installing: /home/zuiken/Documents/ichosai_2026_trolley/ros2_ws/src/install/trolley_interfaces/share/trolley_interfaces/environment/path.sh
[5.686s] -- Installing: /home/zuiken/Documents/ichosai_2026_trolley/ros2_ws/src/install/trolley_interfaces/share/trolley_interfaces/environment/path.dsv
[5.686s] -- Installing: /home/zuiken/Documents/ichosai_2026_trolley/ros2_ws/src/install/trolley_interfaces/share/trolley_interfaces/local_setup.bash
[5.686s] -- Installing: /home/zuiken/Documents/ichosai_2026_trolley/ros2_ws/src/install/trolley_interfaces/share/trolley_interfaces/local_setup.sh
[5.686s] -- Installing: /home/zuiken/Documents/ichosai_2026_trolley/ros2_ws/src/install/trolley_interfaces/share/trolley_interfaces/local_setup.zsh
[5.687s] -- Installing: /home/zuiken/Documents/ichosai_2026_trolley/ros2_ws/src/install/trolley_interfaces/share/trolley_interfaces/local_setup.dsv
[5.687s] -- Installing: /home/zuiken/Documents/ichosai_2026_trolley/ros2_ws/src/install/trolley_interfaces/share/trolley_interfaces/package.dsv
[5.687s] -- Installing: /home/zuiken/Documents/ichosai_2026_trolley/ros2_ws/src/install/trolley_interfaces/share/ament_index/resource_index/packages/trolley_interfaces
[5.688s] -- Installing: /home/zuiken/Documents/ichosai_2026_trolley/ros2_ws/src/install/trolley_interfaces/share/trolley_interfaces/cmake/trolley_interfacesConfig.cmake
[5.688s] -- Installing: /home/zuiken/Documents/ichosai_2026_trolley/ros2_ws/src/install/trolley_interfaces/share/trolley_interfaces/cmake/trolley_interfacesConfig-version.cmake
[5.688s] -- Installing: /home/zuiken/Documents/ichosai_2026_trolley/ros2_ws/src/install/trolley_interfaces/share/trolley_interfaces/package.xml
[5.693s] Invoked command in '/home/zuiken/Documents/ichosai_2026_trolley/ros2_ws/src/build/trolley_interfaces' returned '0': CMAKE_PREFIX_PATH=${CMAKE_PREFIX_PATH}:/opt/ros/jazzy /usr/bin/cmake --install /home/zuiken/Documents/ichosai_2026_trolley/ros2_ws/src/build/trolley_interfaces
