[4.908s] Invoking command in '/home/zuiken/Documents/ichosai_2026_trolley/ros2_ws/src/joy_teleop': PYTHONPATH=/home/zuiken/Documents/ichosai_2026_trolley/ros2_ws/src/build/joy_teleop/prefix_override:/usr/lib/python3/dist-packages/colcon_core/task/python/colcon_distutils_commands:/home/zuiken/Documents/ichosai_2026_trolley/ros2_ws/src/install/joy_teleop/lib/python3.12/site-packages:${PYTHONPATH} /usr/bin/python3 -W ignore:setup.py install is deprecated -W ignore:easy_install command is deprecated setup.py egg_info --egg-base ../build/joy_teleop build --build-base /home/zuiken/Documents/ichosai_2026_trolley/ros2_ws/src/build/joy_teleop/build install --record /home/zuiken/Documents/ichosai_2026_trolley/ros2_ws/src/build/joy_teleop/install.log --install-scripts $base/lib/joy_teleop --single-version-externally-managed install_data
[5.425s] running egg_info
[5.426s] writing ../build/joy_teleop/joy_teleop.egg-info/PKG-INFO
[5.747s] writing dependency_links to ../build/joy_teleop/joy_teleop.egg-info/dependency_links.txt
[6.613s] writing entry points to ../build/joy_teleop/joy_teleop.egg-info/entry_points.txt
[6.706s] writing requirements to ../build/joy_teleop/joy_teleop.egg-info/requires.txt
[6.956s] writing top-level names to ../build/joy_teleop/joy_teleop.egg-info/top_level.txt
[7.305s] reading manifest file '../build/joy_teleop/joy_teleop.egg-info/SOURCES.txt'
[7.402s] writing manifest file '../build/joy_teleop/joy_teleop.egg-info/SOURCES.txt'
[7.403s] running build
[7.404s] running build_py
[7.404s] running install
[7.419s] running install_lib
[7.444s] running install_data
[7.445s] running install_egg_info
[7.472s] removing '/home/zuiken/Documents/ichosai_2026_trolley/ros2_ws/src/install/joy_teleop/lib/python3.12/site-packages/joy_teleop-0.0.0-py3.12.egg-info' (and everything under it)
[7.472s] Copying ../build/joy_teleop/joy_teleop.egg-info to /home/zuiken/Documents/ichosai_2026_trolley/ros2_ws/src/install/joy_teleop/lib/python3.12/site-packages/joy_teleop-0.0.0-py3.12.egg-info
[7.552s] running install_scripts
[7.756s] Installing joy_teleop script to /home/zuiken/Documents/ichosai_2026_trolley/ros2_ws/src/install/joy_teleop/lib/joy_teleop
[7.878s] writing list of installed files to '/home/zuiken/Documents/ichosai_2026_trolley/ros2_ws/src/build/joy_teleop/install.log'
[8.729s] Invoked command in '/home/zuiken/Documents/ichosai_2026_trolley/ros2_ws/src/joy_teleop' returned '0': PYTHONPATH=/home/zuiken/Documents/ichosai_2026_trolley/ros2_ws/src/build/joy_teleop/prefix_override:/usr/lib/python3/dist-packages/colcon_core/task/python/colcon_distutils_commands:/home/zuiken/Documents/ichosai_2026_trolley/ros2_ws/src/install/joy_teleop/lib/python3.12/site-packages:${PYTHONPATH} /usr/bin/python3 -W ignore:setup.py install is deprecated -W ignore:easy_install command is deprecated setup.py egg_info --egg-base ../build/joy_teleop build --build-base /home/zuiken/Documents/ichosai_2026_trolley/ros2_ws/src/build/joy_teleop/build install --record /home/zuiken/Documents/ichosai_2026_trolley/ros2_ws/src/build/joy_teleop/install.log --install-scripts $base/lib/joy_teleop --single-version-externally-managed install_data
