running egg_info
creating ../build/trolley_bringup/trolley_bringup.egg-info
writing ../build/trolley_bringup/trolley_bringup.egg-info/PKG-INFO
writing dependency_links to ../build/trolley_bringup/trolley_bringup.egg-info/dependency_links.txt
writing requirements to ../build/trolley_bringup/trolley_bringup.egg-info/requires.txt
writing top-level names to ../build/trolley_bringup/trolley_bringup.egg-info/top_level.txt
writing manifest file '../build/trolley_bringup/trolley_bringup.egg-info/SOURCES.txt'
reading manifest file '../build/trolley_bringup/trolley_bringup.egg-info/SOURCES.txt'
writing manifest file '../build/trolley_bringup/trolley_bringup.egg-info/SOURCES.txt'
running build
running build_py
creating /home/zuiken/Documents/ichosai_2026_trolley/ros2_ws/src/build/trolley_bringup/build
creating /home/zuiken/Documents/ichosai_2026_trolley/ros2_ws/src/build/trolley_bringup/build/lib
creating /home/zuiken/Documents/ichosai_2026_trolley/ros2_ws/src/build/trolley_bringup/build/lib/trolley_bringup
copying trolley_bringup/__init__.py -> /home/zuiken/Documents/ichosai_2026_trolley/ros2_ws/src/build/trolley_bringup/build/lib/trolley_bringup
running install
running install_lib
creating /home/zuiken/Documents/ichosai_2026_trolley/ros2_ws/src/install/trolley_bringup/lib/python3.12/site-packages/trolley_bringup
copying /home/zuiken/Documents/ichosai_2026_trolley/ros2_ws/src/build/trolley_bringup/build/lib/trolley_bringup/__init__.py -> /home/zuiken/Documents/ichosai_2026_trolley/ros2_ws/src/install/trolley_bringup/lib/python3.12/site-packages/trolley_bringup
byte-compiling /home/zuiken/Documents/ichosai_2026_trolley/ros2_ws/src/install/trolley_bringup/lib/python3.12/site-packages/trolley_bringup/__init__.py to __init__.cpython-312.pyc
running install_data
creating /home/zuiken/Documents/ichosai_2026_trolley/ros2_ws/src/install/trolley_bringup/share/ament_index
creating /home/zuiken/Documents/ichosai_2026_trolley/ros2_ws/src/install/trolley_bringup/share/ament_index/resource_index
creating /home/zuiken/Documents/ichosai_2026_trolley/ros2_ws/src/install/trolley_bringup/share/ament_index/resource_index/packages
copying resource/trolley_bringup -> /home/zuiken/Documents/ichosai_2026_trolley/ros2_ws/src/install/trolley_bringup/share/ament_index/resource_index/packages
copying package.xml -> /home/zuiken/Documents/ichosai_2026_trolley/ros2_ws/src/install/trolley_bringup/share/trolley_bringup
running install_egg_info
Copying ../build/trolley_bringup/trolley_bringup.egg-info to /home/zuiken/Documents/ichosai_2026_trolley/ros2_ws/src/install/trolley_bringup/lib/python3.12/site-packages/trolley_bringup-0.0.0-py3.12.egg-info
running install_scripts
writing list of installed files to '/home/zuiken/Documents/ichosai_2026_trolley/ros2_ws/src/build/trolley_bringup/install.log'
