[5.350s] Invoking command in '/home/zuiken/Documents/ichosai_2026_trolley/ros2_ws/src/joy_teleop': DEBUGINFOD_URLS=https://debuginfod.ubuntu.com PYTHONPATH=/home/zuiken/Documents/ichosai_2026_trolley/ros2_ws/src/build/joy_teleop/prefix_override:/usr/lib/python3/dist-packages/colcon_core/task/python/colcon_distutils_commands:/home/zuiken/Documents/ichosai_2026_trolley/ros2_ws/src/install/joy_teleop/lib/python3.12/site-packages:${PYTHONPATH} /usr/bin/python3 -W ignore:setup.py install is deprecated -W ignore:easy_install command is deprecated setup.py egg_info --egg-base ../build/joy_teleop build --build-base /home/zuiken/Documents/ichosai_2026_trolley/ros2_ws/src/build/joy_teleop/build install --record /home/zuiken/Documents/ichosai_2026_trolley/ros2_ws/src/build/joy_teleop/install.log --install-scripts $base/lib/joy_teleop --single-version-externally-managed install_data
[5.915s] running egg_info
[5.952s] writing ../build/joy_teleop/joy_teleop.egg-info/PKG-INFO
[5.957s] writing dependency_links to ../build/joy_teleop/joy_teleop.egg-info/dependency_links.txt
[5.957s] writing entry points to ../build/joy_teleop/joy_teleop.egg-info/entry_points.txt
[5.957s] writing requirements to ../build/joy_teleop/joy_teleop.egg-info/requires.txt
[5.957s] writing top-level names to ../build/joy_teleop/joy_teleop.egg-info/top_level.txt
[6.041s] reading manifest file '../build/joy_teleop/joy_teleop.egg-info/SOURCES.txt'
[6.046s] writing manifest file '../build/joy_teleop/joy_teleop.egg-info/SOURCES.txt'
[6.046s] running build
[6.046s] running build_py
[6.046s] running install
[6.062s] running install_lib
[6.095s] running install_data
[6.095s] running install_egg_info
[6.138s] removing '/home/zuiken/Documents/ichosai_2026_trolley/ros2_ws/src/install/joy_teleop/lib/python3.12/site-packages/joy_teleop-0.0.0-py3.12.egg-info' (and everything under it)
[6.140s] Copying ../build/joy_teleop/joy_teleop.egg-info to /home/zuiken/Documents/ichosai_2026_trolley/ros2_ws/src/install/joy_teleop/lib/python3.12/site-packages/joy_teleop-0.0.0-py3.12.egg-info
[6.141s] running install_scripts
[6.376s] Installing joy_teleop script to /home/zuiken/Documents/ichosai_2026_trolley/ros2_ws/src/install/joy_teleop/lib/joy_teleop
[6.377s] writing list of installed files to '/home/zuiken/Documents/ichosai_2026_trolley/ros2_ws/src/build/joy_teleop/install.log'
[6.625s] Invoked command in '/home/zuiken/Documents/ichosai_2026_trolley/ros2_ws/src/joy_teleop' returned '0': DEBUGINFOD_URLS=https://debuginfod.ubuntu.com PYTHONPATH=/home/zuiken/Documents/ichosai_2026_trolley/ros2_ws/src/build/joy_teleop/prefix_override:/usr/lib/python3/dist-packages/colcon_core/task/python/colcon_distutils_commands:/home/zuiken/Documents/ichosai_2026_trolley/ros2_ws/src/install/joy_teleop/lib/python3.12/site-packages:${PYTHONPATH} /usr/bin/python3 -W ignore:setup.py install is deprecated -W ignore:easy_install command is deprecated setup.py egg_info --egg-base ../build/joy_teleop build --build-base /home/zuiken/Documents/ichosai_2026_trolley/ros2_ws/src/build/joy_teleop/build install --record /home/zuiken/Documents/ichosai_2026_trolley/ros2_ws/src/build/joy_teleop/install.log --install-scripts $base/lib/joy_teleop --single-version-externally-managed install_data
