running egg_info
creating ../build/trolley_api/trolley_api.egg-info
writing ../build/trolley_api/trolley_api.egg-info/PKG-INFO
writing dependency_links to ../build/trolley_api/trolley_api.egg-info/dependency_links.txt
writing requirements to ../build/trolley_api/trolley_api.egg-info/requires.txt
writing top-level names to ../build/trolley_api/trolley_api.egg-info/top_level.txt
writing manifest file '../build/trolley_api/trolley_api.egg-info/SOURCES.txt'
reading manifest file '../build/trolley_api/trolley_api.egg-info/SOURCES.txt'
writing manifest file '../build/trolley_api/trolley_api.egg-info/SOURCES.txt'
running build
running build_py
creating /home/zuiken/Documents/ichosai_2026_trolley/ros2_ws/src/build/trolley_api/build
creating /home/zuiken/Documents/ichosai_2026_trolley/ros2_ws/src/build/trolley_api/build/lib
creating /home/zuiken/Documents/ichosai_2026_trolley/ros2_ws/src/build/trolley_api/build/lib/trolley_api
copying trolley_api/__init__.py -> /home/zuiken/Documents/ichosai_2026_trolley/ros2_ws/src/build/trolley_api/build/lib/trolley_api
copying trolley_api/api_server.py -> /home/zuiken/Documents/ichosai_2026_trolley/ros2_ws/src/build/trolley_api/build/lib/trolley_api
running install
running install_lib
creating /home/zuiken/Documents/ichosai_2026_trolley/ros2_ws/src/install/trolley_api/lib/python3.12/site-packages/trolley_api
copying /home/zuiken/Documents/ichosai_2026_trolley/ros2_ws/src/build/trolley_api/build/lib/trolley_api/__init__.py -> /home/zuiken/Documents/ichosai_2026_trolley/ros2_ws/src/install/trolley_api/lib/python3.12/site-packages/trolley_api
copying /home/zuiken/Documents/ichosai_2026_trolley/ros2_ws/src/build/trolley_api/build/lib/trolley_api/api_server.py -> /home/zuiken/Documents/ichosai_2026_trolley/ros2_ws/src/install/trolley_api/lib/python3.12/site-packages/trolley_api
byte-compiling /home/zuiken/Documents/ichosai_2026_trolley/ros2_ws/src/install/trolley_api/lib/python3.12/site-packages/trolley_api/__init__.py to __init__.cpython-312.pyc
byte-compiling /home/zuiken/Documents/ichosai_2026_trolley/ros2_ws/src/install/trolley_api/lib/python3.12/site-packages/trolley_api/api_server.py to api_server.cpython-312.pyc
running install_data
creating /home/zuiken/Documents/ichosai_2026_trolley/ros2_ws/src/install/trolley_api/share/ament_index
creating /home/zuiken/Documents/ichosai_2026_trolley/ros2_ws/src/install/trolley_api/share/ament_index/resource_index
creating /home/zuiken/Documents/ichosai_2026_trolley/ros2_ws/src/install/trolley_api/share/ament_index/resource_index/packages
copying resource/trolley_api -> /home/zuiken/Documents/ichosai_2026_trolley/ros2_ws/src/install/trolley_api/share/ament_index/resource_index/packages
copying package.xml -> /home/zuiken/Documents/ichosai_2026_trolley/ros2_ws/src/install/trolley_api/share/trolley_api
running install_egg_info
Copying ../build/trolley_api/trolley_api.egg-info to /home/zuiken/Documents/ichosai_2026_trolley/ros2_ws/src/install/trolley_api/lib/python3.12/site-packages/trolley_api-0.0.0-py3.12.egg-info
running install_scripts
writing list of installed files to '/home/zuiken/Documents/ichosai_2026_trolley/ros2_ws/src/build/trolley_api/install.log'
