[2.447s] Invoking command in '/home/zuiken/Documents/ichosai_2026_trolley/ros2_ws/src/joy_teleop': PYTHONPATH=/home/zuiken/Documents/ichosai_2026_trolley/ros2_ws/build/joy_teleop/prefix_override:/usr/lib/python3/dist-packages/colcon_core/task/python/colcon_distutils_commands:/home/zuiken/Documents/ichosai_2026_trolley/ros2_ws/install/joy_teleop/lib/python3.12/site-packages:${PYTHONPATH} /usr/bin/python3 -W ignore:setup.py install is deprecated -W ignore:easy_install command is deprecated setup.py egg_info --egg-base ../../build/joy_teleop build --build-base /home/zuiken/Documents/ichosai_2026_trolley/ros2_ws/build/joy_teleop/build install --record /home/zuiken/Documents/ichosai_2026_trolley/ros2_ws/build/joy_teleop/install.log --install-scripts $base/lib/joy_teleop --single-version-externally-managed install_data
[5.545s] running egg_info
[5.545s] writing ../../build/joy_teleop/joy_teleop.egg-info/PKG-INFO
[5.586s] writing dependency_links to ../../build/joy_teleop/joy_teleop.egg-info/dependency_links.txt
[5.586s] writing entry points to ../../build/joy_teleop/joy_teleop.egg-info/entry_points.txt
[5.590s] writing requirements to ../../build/joy_teleop/joy_teleop.egg-info/requires.txt
[5.591s] writing top-level names to ../../build/joy_teleop/joy_teleop.egg-info/top_level.txt
[5.647s] reading manifest file '../../build/joy_teleop/joy_teleop.egg-info/SOURCES.txt'
[5.649s] writing manifest file '../../build/joy_teleop/joy_teleop.egg-info/SOURCES.txt'
[6.073s] running build
[6.073s] running build_py
[6.074s] running install
[6.086s] running install_lib
[6.114s] running install_data
[6.115s] running install_egg_info
[6.147s] removing '/home/zuiken/Documents/ichosai_2026_trolley/ros2_ws/install/joy_teleop/lib/python3.12/site-packages/joy_teleop-0.0.0-py3.12.egg-info' (and everything under it)
[6.148s] Copying ../../build/joy_teleop/joy_teleop.egg-info to /home/zuiken/Documents/ichosai_2026_trolley/ros2_ws/install/joy_teleop/lib/python3.12/site-packages/joy_teleop-0.0.0-py3.12.egg-info
[6.149s] running install_scripts
[6.342s] Installing joy_teleop script to /home/zuiken/Documents/ichosai_2026_trolley/ros2_ws/install/joy_teleop/lib/joy_teleop
[6.899s] writing list of installed files to '/home/zuiken/Documents/ichosai_2026_trolley/ros2_ws/build/joy_teleop/install.log'
[9.089s] Invoked command in '/home/zuiken/Documents/ichosai_2026_trolley/ros2_ws/src/joy_teleop' returned '0': PYTHONPATH=/home/zuiken/Documents/ichosai_2026_trolley/ros2_ws/build/joy_teleop/prefix_override:/usr/lib/python3/dist-packages/colcon_core/task/python/colcon_distutils_commands:/home/zuiken/Documents/ichosai_2026_trolley/ros2_ws/install/joy_teleop/lib/python3.12/site-packages:${PYTHONPATH} /usr/bin/python3 -W ignore:setup.py install is deprecated -W ignore:easy_install command is deprecated setup.py egg_info --egg-base ../../build/joy_teleop build --build-base /home/zuiken/Documents/ichosai_2026_trolley/ros2_ws/build/joy_teleop/build install --record /home/zuiken/Documents/ichosai_2026_trolley/ros2_ws/build/joy_teleop/install.log --install-scripts $base/lib/joy_teleop --single-version-externally-managed install_data
