[0.209s] DEBUG:colcon:Command line arguments: ['/usr/bin/colcon', 'build']
[0.209s] DEBUG:colcon:Parsed command line arguments: Namespace(log_base=None, log_level=None, verb_name='build', build_base='build', install_base='install', merge_install=False, symlink_install=False, test_result_base=None, continue_on_error=False, executor='parallel', parallel_workers=4, event_handlers=None, ignore_user_meta=False, metas=['./colcon.meta'], base_paths=['.'], packages_ignore=None, packages_ignore_regex=None, paths=None, packages_up_to=None, packages_up_to_regex=None, packages_above=None, packages_above_and_dependencies=None, packages_above_depth=None, packages_select_by_dep=None, packages_skip_by_dep=None, packages_skip_up_to=None, packages_select_build_failed=False, packages_skip_build_finished=False, packages_select_test_failures=False, packages_skip_test_passed=False, packages_select=None, packages_skip=None, packages_select_regex=None, packages_skip_regex=None, packages_start=None, packages_end=None, allow_overriding=[], cmake_args=None, cmake_target=None, cmake_target_skip_unavailable=False, cmake_clean_cache=False, cmake_clean_first=False, cmake_force_configure=False, ament_cmake_args=None, catkin_cmake_args=None, catkin_skip_building_tests=False, mixin_files=None, mixin=None, verb_parser=<colcon_mixin.mixin.mixin_argument.MixinArgumentDecorator object at 0xffff933a0ef0>, verb_extension=<colcon_core.verb.build.BuildVerb object at 0xffff9355d9d0>, main=<bound method BuildVerb.main of <colcon_core.verb.build.BuildVerb object at 0xffff9355d9d0>>, mixin_verb=('build',))
[0.278s] Level 1:colcon.colcon_core.package_discovery:discover_packages(colcon_meta) check parameters
[0.278s] Level 1:colcon.colcon_core.package_discovery:discover_packages(recursive) check parameters
[0.278s] Level 1:colcon.colcon_core.package_discovery:discover_packages(ignore) check parameters
[0.278s] Level 1:colcon.colcon_core.package_discovery:discover_packages(path) check parameters
[0.278s] Level 1:colcon.colcon_core.package_discovery:discover_packages(colcon_meta) discover
[0.278s] Level 1:colcon.colcon_core.package_discovery:discover_packages(recursive) discover
[0.279s] INFO:colcon.colcon_core.package_discovery:Crawling recursively for packages in '/home/zuiken/Documents/ichosai_2026_trolley/ros2_ws/src'
[0.279s] Level 1:colcon.colcon_core.package_identification:_identify(.) by extensions ['ignore', 'ignore_ament_install']
[0.279s] Level 1:colcon.colcon_core.package_identification:_identify(.) by extension 'ignore'
[0.279s] Level 1:colcon.colcon_core.package_identification:_identify(.) by extension 'ignore_ament_install'
[0.279s] Level 1:colcon.colcon_core.package_identification:_identify(.) by extensions ['colcon_pkg']
[0.279s] Level 1:colcon.colcon_core.package_identification:_identify(.) by extension 'colcon_pkg'
[0.279s] Level 1:colcon.colcon_core.package_identification:_identify(.) by extensions ['colcon_meta']
[0.279s] Level 1:colcon.colcon_core.package_identification:_identify(.) by extension 'colcon_meta'
[0.279s] Level 1:colcon.colcon_core.package_identification:_identify(.) by extensions ['ros']
[0.279s] Level 1:colcon.colcon_core.package_identification:_identify(.) by extension 'ros'
[0.319s] Level 1:colcon.colcon_core.package_identification:_identify(.) by extensions ['cmake', 'python']
[0.319s] Level 1:colcon.colcon_core.package_identification:_identify(.) by extension 'cmake'
[0.319s] Level 1:colcon.colcon_core.package_identification:_identify(.) by extension 'python'
[0.319s] Level 1:colcon.colcon_core.package_identification:_identify(.) by extensions ['python_setup_py']
[0.319s] Level 1:colcon.colcon_core.package_identification:_identify(.) by extension 'python_setup_py'
[0.319s] Level 1:colcon.colcon_core.package_identification:_identify(build) by extensions ['ignore', 'ignore_ament_install']
[0.319s] Level 1:colcon.colcon_core.package_identification:_identify(build) by extension 'ignore'
[0.319s] Level 1:colcon.colcon_core.package_identification:_identify(build) ignored
[0.319s] Level 1:colcon.colcon_core.package_identification:_identify(install) by extensions ['ignore', 'ignore_ament_install']
[0.320s] Level 1:colcon.colcon_core.package_identification:_identify(install) by extension 'ignore'
[0.320s] Level 1:colcon.colcon_core.package_identification:_identify(install) ignored
[0.320s] Level 1:colcon.colcon_core.package_identification:_identify(joy_teleop) by extensions ['ignore', 'ignore_ament_install']
[0.320s] Level 1:colcon.colcon_core.package_identification:_identify(joy_teleop) by extension 'ignore'
[0.320s] Level 1:colcon.colcon_core.package_identification:_identify(joy_teleop) by extension 'ignore_ament_install'
[0.320s] Level 1:colcon.colcon_core.package_identification:_identify(joy_teleop) by extensions ['colcon_pkg']
[0.320s] Level 1:colcon.colcon_core.package_identification:_identify(joy_teleop) by extension 'colcon_pkg'
[0.320s] Level 1:colcon.colcon_core.package_identification:_identify(joy_teleop) by extensions ['colcon_meta']
[0.320s] Level 1:colcon.colcon_core.package_identification:_identify(joy_teleop) by extension 'colcon_meta'
[0.320s] Level 1:colcon.colcon_core.package_identification:_identify(joy_teleop) by extensions ['ros']
[0.320s] Level 1:colcon.colcon_core.package_identification:_identify(joy_teleop) by extension 'ros'
[0.323s] DEBUG:colcon.colcon_core.package_identification:Package 'joy_teleop' with type 'ros.ament_python' and name 'joy_teleop'
[0.324s] Level 1:colcon.colcon_core.package_identification:_identify(log) by extensions ['ignore', 'ignore_ament_install']
[0.324s] Level 1:colcon.colcon_core.package_identification:_identify(log) by extension 'ignore'
[0.324s] Level 1:colcon.colcon_core.package_identification:_identify(log) ignored
[0.324s] Level 1:colcon.colcon_core.package_identification:_identify(trolley_bringup) by extensions ['ignore', 'ignore_ament_install']
[0.324s] Level 1:colcon.colcon_core.package_identification:_identify(trolley_bringup) by extension 'ignore'
[0.324s] Level 1:colcon.colcon_core.package_identification:_identify(trolley_bringup) by extension 'ignore_ament_install'
[0.324s] Level 1:colcon.colcon_core.package_identification:_identify(trolley_bringup) by extensions ['colcon_pkg']
[0.324s] Level 1:colcon.colcon_core.package_identification:_identify(trolley_bringup) by extension 'colcon_pkg'
[0.324s] Level 1:colcon.colcon_core.package_identification:_identify(trolley_bringup) by extensions ['colcon_meta']
[0.324s] Level 1:colcon.colcon_core.package_identification:_identify(trolley_bringup) by extension 'colcon_meta'
[0.324s] Level 1:colcon.colcon_core.package_identification:_identify(trolley_bringup) by extensions ['ros']
[0.324s] Level 1:colcon.colcon_core.package_identification:_identify(trolley_bringup) by extension 'ros'
[0.325s] DEBUG:colcon.colcon_core.package_identification:Package 'trolley_bringup' with type 'ros.ament_python' and name 'trolley_bringup'
[0.325s] Level 1:colcon.colcon_core.package_identification:_identify(trolley_drive) by extensions ['ignore', 'ignore_ament_install']
[0.325s] Level 1:colcon.colcon_core.package_identification:_identify(trolley_drive) by extension 'ignore'
[0.325s] Level 1:colcon.colcon_core.package_identification:_identify(trolley_drive) by extension 'ignore_ament_install'
[0.325s] Level 1:colcon.colcon_core.package_identification:_identify(trolley_drive) by extensions ['colcon_pkg']
[0.325s] Level 1:colcon.colcon_core.package_identification:_identify(trolley_drive) by extension 'colcon_pkg'
[0.325s] Level 1:colcon.colcon_core.package_identification:_identify(trolley_drive) by extensions ['colcon_meta']
[0.325s] Level 1:colcon.colcon_core.package_identification:_identify(trolley_drive) by extension 'colcon_meta'
[0.325s] Level 1:colcon.colcon_core.package_identification:_identify(trolley_drive) by extensions ['ros']
[0.325s] Level 1:colcon.colcon_core.package_identification:_identify(trolley_drive) by extension 'ros'
[0.326s] DEBUG:colcon.colcon_core.package_identification:Package 'trolley_drive' with type 'ros.ament_python' and name 'trolley_drive'
[0.326s] Level 1:colcon.colcon_core.package_identification:_identify(trolley_interfaces) by extensions ['ignore', 'ignore_ament_install']
[0.326s] Level 1:colcon.colcon_core.package_identification:_identify(trolley_interfaces) by extension 'ignore'
[0.326s] Level 1:colcon.colcon_core.package_identification:_identify(trolley_interfaces) by extension 'ignore_ament_install'
[0.326s] Level 1:colcon.colcon_core.package_identification:_identify(trolley_interfaces) by extensions ['colcon_pkg']
[0.326s] Level 1:colcon.colcon_core.package_identification:_identify(trolley_interfaces) by extension 'colcon_pkg'
[0.327s] Level 1:colcon.colcon_core.package_identification:_identify(trolley_interfaces) by extensions ['colcon_meta']
[0.327s] Level 1:colcon.colcon_core.package_identification:_identify(trolley_interfaces) by extension 'colcon_meta'
[0.327s] Level 1:colcon.colcon_core.package_identification:_identify(trolley_interfaces) by extensions ['ros']
[0.327s] Level 1:colcon.colcon_core.package_identification:_identify(trolley_interfaces) by extension 'ros'
[0.327s] DEBUG:colcon.colcon_core.package_identification:Package 'trolley_interfaces' with type 'ros.ament_cmake' and name 'trolley_interfaces'
[0.327s] Level 1:colcon.colcon_core.package_discovery:discover_packages(recursive) using defaults
[0.327s] Level 1:colcon.colcon_core.package_discovery:discover_packages(ignore) discover
[0.327s] Level 1:colcon.colcon_core.package_discovery:discover_packages(ignore) using defaults
[0.327s] Level 1:colcon.colcon_core.package_discovery:discover_packages(path) discover
[0.327s] Level 1:colcon.colcon_core.package_discovery:discover_packages(path) using defaults
[0.353s] Level 1:colcon.colcon_core.package_discovery:discover_packages(prefix_path) check parameters
[0.353s] Level 1:colcon.colcon_core.package_discovery:discover_packages(prefix_path) discover
[0.355s] DEBUG:colcon.colcon_installed_package_information.package_discovery:Found 4 installed packages in /home/zuiken/Documents/ichosai_2026_trolley/ros2_ws/src/install
[0.357s] DEBUG:colcon.colcon_installed_package_information.package_discovery:Found 287 installed packages in /opt/ros/jazzy
[0.360s] Level 1:colcon.colcon_core.package_discovery:discover_packages(prefix_path) using defaults
[0.419s] Level 5:colcon.colcon_core.verb:set package 'joy_teleop' build argument 'cmake_args' from command line to 'None'
[0.419s] Level 5:colcon.colcon_core.verb:set package 'joy_teleop' build argument 'cmake_target' from command line to 'None'
[0.419s] Level 5:colcon.colcon_core.verb:set package 'joy_teleop' build argument 'cmake_target_skip_unavailable' from command line to 'False'
[0.419s] Level 5:colcon.colcon_core.verb:set package 'joy_teleop' build argument 'cmake_clean_cache' from command line to 'False'
[0.419s] Level 5:colcon.colcon_core.verb:set package 'joy_teleop' build argument 'cmake_clean_first' from command line to 'False'
[0.419s] Level 5:colcon.colcon_core.verb:set package 'joy_teleop' build argument 'cmake_force_configure' from command line to 'False'
[0.420s] Level 5:colcon.colcon_core.verb:set package 'joy_teleop' build argument 'ament_cmake_args' from command line to 'None'
[0.420s] Level 5:colcon.colcon_core.verb:set package 'joy_teleop' build argument 'catkin_cmake_args' from command line to 'None'
[0.420s] Level 5:colcon.colcon_core.verb:set package 'joy_teleop' build argument 'catkin_skip_building_tests' from command line to 'False'
[0.420s] DEBUG:colcon.colcon_core.verb:Building package 'joy_teleop' with the following arguments: {'ament_cmake_args': None, 'build_base': '/home/zuiken/Documents/ichosai_2026_trolley/ros2_ws/src/build/joy_teleop', 'catkin_cmake_args': None, 'catkin_skip_building_tests': False, 'cmake_args': None, 'cmake_clean_cache': False, 'cmake_clean_first': False, 'cmake_force_configure': False, 'cmake_target': None, 'cmake_target_skip_unavailable': False, 'install_base': '/home/zuiken/Documents/ichosai_2026_trolley/ros2_ws/src/install/joy_teleop', 'merge_install': False, 'path': '/home/zuiken/Documents/ichosai_2026_trolley/ros2_ws/src/joy_teleop', 'symlink_install': False, 'test_result_base': None}
[0.420s] Level 5:colcon.colcon_core.verb:set package 'trolley_bringup' build argument 'cmake_args' from command line to 'None'
[0.420s] Level 5:colcon.colcon_core.verb:set package 'trolley_bringup' build argument 'cmake_target' from command line to 'None'
[0.420s] Level 5:colcon.colcon_core.verb:set package 'trolley_bringup' build argument 'cmake_target_skip_unavailable' from command line to 'False'
[0.420s] Level 5:colcon.colcon_core.verb:set package 'trolley_bringup' build argument 'cmake_clean_cache' from command line to 'False'
[0.420s] Level 5:colcon.colcon_core.verb:set package 'trolley_bringup' build argument 'cmake_clean_first' from command line to 'False'
[0.420s] Level 5:colcon.colcon_core.verb:set package 'trolley_bringup' build argument 'cmake_force_configure' from command line to 'False'
[0.420s] Level 5:colcon.colcon_core.verb:set package 'trolley_bringup' build argument 'ament_cmake_args' from command line to 'None'
[0.420s] Level 5:colcon.colcon_core.verb:set package 'trolley_bringup' build argument 'catkin_cmake_args' from command line to 'None'
[0.420s] Level 5:colcon.colcon_core.verb:set package 'trolley_bringup' build argument 'catkin_skip_building_tests' from command line to 'False'
[0.420s] DEBUG:colcon.colcon_core.verb:Building package 'trolley_bringup' with the following arguments: {'ament_cmake_args': None, 'build_base': '/home/zuiken/Documents/ichosai_2026_trolley/ros2_ws/src/build/trolley_bringup', 'catkin_cmake_args': None, 'catkin_skip_building_tests': False, 'cmake_args': None, 'cmake_clean_cache': False, 'cmake_clean_first': False, 'cmake_force_configure': False, 'cmake_target': None, 'cmake_target_skip_unavailable': False, 'install_base': '/home/zuiken/Documents/ichosai_2026_trolley/ros2_ws/src/install/trolley_bringup', 'merge_install': False, 'path': '/home/zuiken/Documents/ichosai_2026_trolley/ros2_ws/src/trolley_bringup', 'symlink_install': False, 'test_result_base': None}
[0.421s] Level 5:colcon.colcon_core.verb:set package 'trolley_drive' build argument 'cmake_args' from command line to 'None'
[0.421s] Level 5:colcon.colcon_core.verb:set package 'trolley_drive' build argument 'cmake_target' from command line to 'None'
[0.421s] Level 5:colcon.colcon_core.verb:set package 'trolley_drive' build argument 'cmake_target_skip_unavailable' from command line to 'False'
[0.421s] Level 5:colcon.colcon_core.verb:set package 'trolley_drive' build argument 'cmake_clean_cache' from command line to 'False'
[0.421s] Level 5:colcon.colcon_core.verb:set package 'trolley_drive' build argument 'cmake_clean_first' from command line to 'False'
[0.421s] Level 5:colcon.colcon_core.verb:set package 'trolley_drive' build argument 'cmake_force_configure' from command line to 'False'
[0.421s] Level 5:colcon.colcon_core.verb:set package 'trolley_drive' build argument 'ament_cmake_args' from command line to 'None'
[0.421s] Level 5:colcon.colcon_core.verb:set package 'trolley_drive' build argument 'catkin_cmake_args' from command line to 'None'
[0.421s] Level 5:colcon.colcon_core.verb:set package 'trolley_drive' build argument 'catkin_skip_building_tests' from command line to 'False'
[0.421s] DEBUG:colcon.colcon_core.verb:Building package 'trolley_drive' with the following arguments: {'ament_cmake_args': None, 'build_base': '/home/zuiken/Documents/ichosai_2026_trolley/ros2_ws/src/build/trolley_drive', 'catkin_cmake_args': None, 'catkin_skip_building_tests': False, 'cmake_args': None, 'cmake_clean_cache': False, 'cmake_clean_first': False, 'cmake_force_configure': False, 'cmake_target': None, 'cmake_target_skip_unavailable': False, 'install_base': '/home/zuiken/Documents/ichosai_2026_trolley/ros2_ws/src/install/trolley_drive', 'merge_install': False, 'path': '/home/zuiken/Documents/ichosai_2026_trolley/ros2_ws/src/trolley_drive', 'symlink_install': False, 'test_result_base': None}
[0.421s] Level 5:colcon.colcon_core.verb:set package 'trolley_interfaces' build argument 'cmake_args' from command line to 'None'
[0.421s] Level 5:colcon.colcon_core.verb:set package 'trolley_interfaces' build argument 'cmake_target' from command line to 'None'
[0.421s] Level 5:colcon.colcon_core.verb:set package 'trolley_interfaces' build argument 'cmake_target_skip_unavailable' from command line to 'False'
[0.421s] Level 5:colcon.colcon_core.verb:set package 'trolley_interfaces' build argument 'cmake_clean_cache' from command line to 'False'
[0.421s] Level 5:colcon.colcon_core.verb:set package 'trolley_interfaces' build argument 'cmake_clean_first' from command line to 'False'
[0.421s] Level 5:colcon.colcon_core.verb:set package 'trolley_interfaces' build argument 'cmake_force_configure' from command line to 'False'
[0.421s] Level 5:colcon.colcon_core.verb:set package 'trolley_interfaces' build argument 'ament_cmake_args' from command line to 'None'
[0.421s] Level 5:colcon.colcon_core.verb:set package 'trolley_interfaces' build argument 'catkin_cmake_args' from command line to 'None'
[0.421s] Level 5:colcon.colcon_core.verb:set package 'trolley_interfaces' build argument 'catkin_skip_building_tests' from command line to 'False'
[0.421s] DEBUG:colcon.colcon_core.verb:Building package 'trolley_interfaces' with the following arguments: {'ament_cmake_args': None, 'build_base': '/home/zuiken/Documents/ichosai_2026_trolley/ros2_ws/src/build/trolley_interfaces', 'catkin_cmake_args': None, 'catkin_skip_building_tests': False, 'cmake_args': None, 'cmake_clean_cache': False, 'cmake_clean_first': False, 'cmake_force_configure': False, 'cmake_target': None, 'cmake_target_skip_unavailable': False, 'install_base': '/home/zuiken/Documents/ichosai_2026_trolley/ros2_ws/src/install/trolley_interfaces', 'merge_install': False, 'path': '/home/zuiken/Documents/ichosai_2026_trolley/ros2_ws/src/trolley_interfaces', 'symlink_install': False, 'test_result_base': None}
[0.422s] INFO:colcon.colcon_core.executor:Executing jobs using 'parallel' executor
[0.423s] DEBUG:colcon.colcon_parallel_executor.executor.parallel:run_until_complete
[0.423s] INFO:colcon.colcon_ros.task.ament_python.build:Building ROS package in '/home/zuiken/Documents/ichosai_2026_trolley/ros2_ws/src/joy_teleop' with build type 'ament_python'
[0.423s] Level 1:colcon.colcon_core.shell:create_environment_hook('joy_teleop', 'ament_prefix_path')
[0.426s] INFO:colcon.colcon_core.plugin_system:Skipping extension 'colcon_core.shell.bat': Not used on non-Windows systems
[0.426s] INFO:colcon.colcon_core.shell:Creating environment hook '/home/zuiken/Documents/ichosai_2026_trolley/ros2_ws/src/install/joy_teleop/share/joy_teleop/hook/ament_prefix_path.ps1'
[0.427s] INFO:colcon.colcon_core.shell:Creating environment descriptor '/home/zuiken/Documents/ichosai_2026_trolley/ros2_ws/src/install/joy_teleop/share/joy_teleop/hook/ament_prefix_path.dsv'
[0.427s] INFO:colcon.colcon_core.shell:Creating environment hook '/home/zuiken/Documents/ichosai_2026_trolley/ros2_ws/src/install/joy_teleop/share/joy_teleop/hook/ament_prefix_path.sh'
[0.428s] INFO:colcon.colcon_core.shell:Skip shell extension 'powershell' for command environment: Not usable outside of PowerShell
[0.428s] DEBUG:colcon.colcon_core.shell:Skip shell extension 'dsv' for command environment
[0.433s] INFO:colcon.colcon_ros.task.ament_python.build:Building ROS package in '/home/zuiken/Documents/ichosai_2026_trolley/ros2_ws/src/trolley_bringup' with build type 'ament_python'
[0.433s] Level 1:colcon.colcon_core.shell:create_environment_hook('trolley_bringup', 'ament_prefix_path')
[0.434s] INFO:colcon.colcon_core.shell:Creating environment hook '/home/zuiken/Documents/ichosai_2026_trolley/ros2_ws/src/install/trolley_bringup/share/trolley_bringup/hook/ament_prefix_path.ps1'
[0.633s] INFO:colcon.colcon_core.shell:Creating environment descriptor '/home/zuiken/Documents/ichosai_2026_trolley/ros2_ws/src/install/trolley_bringup/share/trolley_bringup/hook/ament_prefix_path.dsv'
[0.634s] INFO:colcon.colcon_core.shell:Creating environment hook '/home/zuiken/Documents/ichosai_2026_trolley/ros2_ws/src/install/trolley_bringup/share/trolley_bringup/hook/ament_prefix_path.sh'
[0.636s] INFO:colcon.colcon_core.shell:Skip shell extension 'powershell' for command environment: Not usable outside of PowerShell
[0.636s] DEBUG:colcon.colcon_core.shell:Skip shell extension 'dsv' for command environment
[0.644s] INFO:colcon.colcon_ros.task.ament_python.build:Building ROS package in '/home/zuiken/Documents/ichosai_2026_trolley/ros2_ws/src/trolley_drive' with build type 'ament_python'
[0.645s] Level 1:colcon.colcon_core.shell:create_environment_hook('trolley_drive', 'ament_prefix_path')
[0.645s] INFO:colcon.colcon_core.shell:Creating environment hook '/home/zuiken/Documents/ichosai_2026_trolley/ros2_ws/src/install/trolley_drive/share/trolley_drive/hook/ament_prefix_path.ps1'
[0.646s] INFO:colcon.colcon_core.shell:Creating environment descriptor '/home/zuiken/Documents/ichosai_2026_trolley/ros2_ws/src/install/trolley_drive/share/trolley_drive/hook/ament_prefix_path.dsv'
[0.647s] INFO:colcon.colcon_core.shell:Creating environment hook '/home/zuiken/Documents/ichosai_2026_trolley/ros2_ws/src/install/trolley_drive/share/trolley_drive/hook/ament_prefix_path.sh'
[0.648s] INFO:colcon.colcon_core.shell:Skip shell extension 'powershell' for command environment: Not usable outside of PowerShell
[0.648s] DEBUG:colcon.colcon_core.shell:Skip shell extension 'dsv' for command environment
[0.653s] INFO:colcon.colcon_ros.task.ament_cmake.build:Building ROS package in '/home/zuiken/Documents/ichosai_2026_trolley/ros2_ws/src/trolley_interfaces' with build type 'ament_cmake'
[0.653s] INFO:colcon.colcon_cmake.task.cmake.build:Building CMake package in '/home/zuiken/Documents/ichosai_2026_trolley/ros2_ws/src/trolley_interfaces'
[0.654s] INFO:colcon.colcon_core.shell:Skip shell extension 'powershell' for command environment: Not usable outside of PowerShell
[0.654s] DEBUG:colcon.colcon_core.shell:Skip shell extension 'dsv' for command environment
[0.982s] INFO:colcon.colcon_core.task.python.build:Building Python package in '/home/zuiken/Documents/ichosai_2026_trolley/ros2_ws/src/joy_teleop'
[0.982s] INFO:colcon.colcon_core.shell:Skip shell extension 'powershell' for command environment: Not usable outside of PowerShell
[0.982s] DEBUG:colcon.colcon_core.shell:Skip shell extension 'dsv' for command environment
[1.304s] INFO:colcon.colcon_core.task.python.build:Building Python package in '/home/zuiken/Documents/ichosai_2026_trolley/ros2_ws/src/trolley_bringup'
[1.305s] INFO:colcon.colcon_core.shell:Skip shell extension 'powershell' for command environment: Not usable outside of PowerShell
[1.305s] DEBUG:colcon.colcon_core.shell:Skip shell extension 'dsv' for command environment
[1.622s] INFO:colcon.colcon_core.task.python.build:Building Python package in '/home/zuiken/Documents/ichosai_2026_trolley/ros2_ws/src/trolley_drive'
[1.623s] INFO:colcon.colcon_core.shell:Skip shell extension 'powershell' for command environment: Not usable outside of PowerShell
[1.623s] DEBUG:colcon.colcon_core.shell:Skip shell extension 'dsv' for command environment
[1.634s] DEBUG:colcon.colcon_core.event_handler.log_command:Invoking command in '/home/zuiken/Documents/ichosai_2026_trolley/ros2_ws/src/build/trolley_interfaces': CMAKE_PREFIX_PATH=${CMAKE_PREFIX_PATH}:/home/zuiken/Documents/ichosai_2026_trolley/ros2_ws/src/install/trolley_drive:/home/zuiken/Documents/ichosai_2026_trolley/ros2_ws/src/install/trolley_bringup:/home/zuiken/Documents/ichosai_2026_trolley/ros2_ws/src/install/joy_teleop:/opt/ros/jazzy /usr/bin/cmake --build /home/zuiken/Documents/ichosai_2026_trolley/ros2_ws/src/build/trolley_interfaces -- -j4 -l4
[2.928s] DEBUG:colcon.colcon_core.task.python.build:Available setuptools commands: install_lib, build_py, install, bdist_wheel, install_scripts, alias, symlink_data, update_catalog, register, bdist, test, build_clib, dist_info, build_scripts, build_ext, init_catalog, clean, check, setopt, extract_messages, develop, upload_docs, install_data, build, saveopts, egg_info, sdist, install_headers, install_egg_info, compile_catalog, editable_wheel, upload, easy_install, rotate, bdist_egg, bdist_dumb, bdist_rpm
[2.930s] DEBUG:colcon.colcon_core.event_handler.log_command:Invoking command in '/home/zuiken/Documents/ichosai_2026_trolley/ros2_ws/src/joy_teleop': PYTHONPATH=/home/zuiken/Documents/ichosai_2026_trolley/ros2_ws/src/build/joy_teleop/prefix_override:/usr/lib/python3/dist-packages/colcon_core/task/python/colcon_distutils_commands:/home/zuiken/Documents/ichosai_2026_trolley/ros2_ws/src/install/joy_teleop/lib/python3.12/site-packages:${PYTHONPATH} /usr/bin/python3 -W ignore:setup.py install is deprecated -W ignore:easy_install command is deprecated setup.py egg_info --egg-base ../build/joy_teleop build --build-base /home/zuiken/Documents/ichosai_2026_trolley/ros2_ws/src/build/joy_teleop/build install --record /home/zuiken/Documents/ichosai_2026_trolley/ros2_ws/src/build/joy_teleop/install.log --install-scripts $base/lib/joy_teleop --single-version-externally-managed install_data
[3.217s] DEBUG:colcon.colcon_core.task.python.build:Available setuptools commands: install_lib, build_py, install, bdist_wheel, install_scripts, alias, symlink_data, update_catalog, register, bdist, test, build_clib, dist_info, build_scripts, build_ext, init_catalog, clean, check, setopt, extract_messages, develop, upload_docs, install_data, build, saveopts, egg_info, sdist, install_headers, install_egg_info, compile_catalog, editable_wheel, upload, easy_install, rotate, bdist_egg, bdist_dumb, bdist_rpm
[3.219s] DEBUG:colcon.colcon_core.event_handler.log_command:Invoking command in '/home/zuiken/Documents/ichosai_2026_trolley/ros2_ws/src/trolley_drive': PYTHONPATH=/home/zuiken/Documents/ichosai_2026_trolley/ros2_ws/src/build/trolley_drive/prefix_override:/usr/lib/python3/dist-packages/colcon_core/task/python/colcon_distutils_commands:/home/zuiken/Documents/ichosai_2026_trolley/ros2_ws/src/install/trolley_drive/lib/python3.12/site-packages:${PYTHONPATH} /usr/bin/python3 -W ignore:setup.py install is deprecated -W ignore:easy_install command is deprecated setup.py egg_info --egg-base ../build/trolley_drive build --build-base /home/zuiken/Documents/ichosai_2026_trolley/ros2_ws/src/build/trolley_drive/build install --record /home/zuiken/Documents/ichosai_2026_trolley/ros2_ws/src/build/trolley_drive/install.log --install-scripts $base/lib/trolley_drive --single-version-externally-managed install_data
[3.501s] DEBUG:colcon.colcon_core.task.python.build:Available setuptools commands: install_lib, build_py, install, bdist_wheel, install_scripts, alias, symlink_data, update_catalog, register, bdist, test, build_clib, dist_info, build_scripts, build_ext, init_catalog, clean, check, setopt, extract_messages, develop, upload_docs, install_data, build, saveopts, egg_info, sdist, install_headers, install_egg_info, compile_catalog, editable_wheel, upload, easy_install, rotate, bdist_egg, bdist_dumb, bdist_rpm
[3.503s] DEBUG:colcon.colcon_core.event_handler.log_command:Invoking command in '/home/zuiken/Documents/ichosai_2026_trolley/ros2_ws/src/trolley_bringup': PYTHONPATH=/home/zuiken/Documents/ichosai_2026_trolley/ros2_ws/src/build/trolley_bringup/prefix_override:/usr/lib/python3/dist-packages/colcon_core/task/python/colcon_distutils_commands:/home/zuiken/Documents/ichosai_2026_trolley/ros2_ws/src/install/trolley_bringup/lib/python3.12/site-packages:${PYTHONPATH} /usr/bin/python3 -W ignore:setup.py install is deprecated -W ignore:easy_install command is deprecated setup.py egg_info --egg-base ../build/trolley_bringup build --build-base /home/zuiken/Documents/ichosai_2026_trolley/ros2_ws/src/build/trolley_bringup/build install --record /home/zuiken/Documents/ichosai_2026_trolley/ros2_ws/src/build/trolley_bringup/install.log --install-scripts $base/lib/trolley_bringup --single-version-externally-managed install_data
[4.714s] DEBUG:colcon.colcon_core.event_handler.log_command:Invoked command in '/home/zuiken/Documents/ichosai_2026_trolley/ros2_ws/src/joy_teleop' returned '0': PYTHONPATH=/home/zuiken/Documents/ichosai_2026_trolley/ros2_ws/src/build/joy_teleop/prefix_override:/usr/lib/python3/dist-packages/colcon_core/task/python/colcon_distutils_commands:/home/zuiken/Documents/ichosai_2026_trolley/ros2_ws/src/install/joy_teleop/lib/python3.12/site-packages:${PYTHONPATH} /usr/bin/python3 -W ignore:setup.py install is deprecated -W ignore:easy_install command is deprecated setup.py egg_info --egg-base ../build/joy_teleop build --build-base /home/zuiken/Documents/ichosai_2026_trolley/ros2_ws/src/build/joy_teleop/build install --record /home/zuiken/Documents/ichosai_2026_trolley/ros2_ws/src/build/joy_teleop/install.log --install-scripts $base/lib/joy_teleop --single-version-externally-managed install_data
[4.718s] Level 1:colcon.colcon_core.environment:checking '/home/zuiken/Documents/ichosai_2026_trolley/ros2_ws/src/install/joy_teleop' for CMake module files
[4.719s] Level 1:colcon.colcon_core.environment:checking '/home/zuiken/Documents/ichosai_2026_trolley/ros2_ws/src/install/joy_teleop' for CMake config files
[4.720s] Level 1:colcon.colcon_core.environment:checking '/home/zuiken/Documents/ichosai_2026_trolley/ros2_ws/src/install/joy_teleop/lib'
[4.721s] Level 1:colcon.colcon_core.environment:checking '/home/zuiken/Documents/ichosai_2026_trolley/ros2_ws/src/install/joy_teleop/bin'
[4.721s] Level 1:colcon.colcon_core.environment:checking '/home/zuiken/Documents/ichosai_2026_trolley/ros2_ws/src/install/joy_teleop/lib/pkgconfig/joy_teleop.pc'
[4.721s] Level 1:colcon.colcon_core.environment:checking '/home/zuiken/Documents/ichosai_2026_trolley/ros2_ws/src/install/joy_teleop/lib/python3.12/site-packages'
[4.722s] Level 1:colcon.colcon_core.shell:create_environment_hook('joy_teleop', 'pythonpath')
[4.722s] INFO:colcon.colcon_core.shell:Creating environment hook '/home/zuiken/Documents/ichosai_2026_trolley/ros2_ws/src/install/joy_teleop/share/joy_teleop/hook/pythonpath.ps1'
[4.723s] INFO:colcon.colcon_core.shell:Creating environment descriptor '/home/zuiken/Documents/ichosai_2026_trolley/ros2_ws/src/install/joy_teleop/share/joy_teleop/hook/pythonpath.dsv'
[4.724s] INFO:colcon.colcon_core.shell:Creating environment hook '/home/zuiken/Documents/ichosai_2026_trolley/ros2_ws/src/install/joy_teleop/share/joy_teleop/hook/pythonpath.sh'
[4.726s] Level 1:colcon.colcon_core.environment:checking '/home/zuiken/Documents/ichosai_2026_trolley/ros2_ws/src/install/joy_teleop/bin'
[4.726s] Level 1:colcon.colcon_core.environment:create_environment_scripts_only(joy_teleop)
[4.727s] INFO:colcon.colcon_core.shell:Creating package script '/home/zuiken/Documents/ichosai_2026_trolley/ros2_ws/src/install/joy_teleop/share/joy_teleop/package.ps1'
[4.730s] INFO:colcon.colcon_core.shell:Creating package descriptor '/home/zuiken/Documents/ichosai_2026_trolley/ros2_ws/src/install/joy_teleop/share/joy_teleop/package.dsv'
[4.732s] INFO:colcon.colcon_core.shell:Creating package script '/home/zuiken/Documents/ichosai_2026_trolley/ros2_ws/src/install/joy_teleop/share/joy_teleop/package.sh'
[4.734s] INFO:colcon.colcon_core.shell:Creating package script '/home/zuiken/Documents/ichosai_2026_trolley/ros2_ws/src/install/joy_teleop/share/joy_teleop/package.bash'
[4.735s] INFO:colcon.colcon_core.shell:Creating package script '/home/zuiken/Documents/ichosai_2026_trolley/ros2_ws/src/install/joy_teleop/share/joy_teleop/package.zsh'
[4.737s] Level 1:colcon.colcon_core.environment:create_file_with_runtime_dependencies(/home/zuiken/Documents/ichosai_2026_trolley/ros2_ws/src/install/joy_teleop/share/colcon-core/packages/joy_teleop)
[5.059s] Level 1:colcon.colcon_core.environment:checking '/home/zuiken/Documents/ichosai_2026_trolley/ros2_ws/src/install/trolley_drive' for CMake module files
[5.060s] DEBUG:colcon.colcon_core.event_handler.log_command:Invoked command in '/home/zuiken/Documents/ichosai_2026_trolley/ros2_ws/src/trolley_drive' returned '0': PYTHONPATH=/home/zuiken/Documents/ichosai_2026_trolley/ros2_ws/src/build/trolley_drive/prefix_override:/usr/lib/python3/dist-packages/colcon_core/task/python/colcon_distutils_commands:/home/zuiken/Documents/ichosai_2026_trolley/ros2_ws/src/install/trolley_drive/lib/python3.12/site-packages:${PYTHONPATH} /usr/bin/python3 -W ignore:setup.py install is deprecated -W ignore:easy_install command is deprecated setup.py egg_info --egg-base ../build/trolley_drive build --build-base /home/zuiken/Documents/ichosai_2026_trolley/ros2_ws/src/build/trolley_drive/build install --record /home/zuiken/Documents/ichosai_2026_trolley/ros2_ws/src/build/trolley_drive/install.log --install-scripts $base/lib/trolley_drive --single-version-externally-managed install_data
[5.060s] Level 1:colcon.colcon_core.environment:checking '/home/zuiken/Documents/ichosai_2026_trolley/ros2_ws/src/install/trolley_drive' for CMake config files
[5.061s] Level 1:colcon.colcon_core.environment:checking '/home/zuiken/Documents/ichosai_2026_trolley/ros2_ws/src/install/trolley_drive/lib'
[5.061s] Level 1:colcon.colcon_core.environment:checking '/home/zuiken/Documents/ichosai_2026_trolley/ros2_ws/src/install/trolley_drive/bin'
[5.061s] Level 1:colcon.colcon_core.environment:checking '/home/zuiken/Documents/ichosai_2026_trolley/ros2_ws/src/install/trolley_drive/lib/pkgconfig/trolley_drive.pc'
[5.061s] Level 1:colcon.colcon_core.environment:checking '/home/zuiken/Documents/ichosai_2026_trolley/ros2_ws/src/install/trolley_drive/lib/python3.12/site-packages'
[5.061s] Level 1:colcon.colcon_core.shell:create_environment_hook('trolley_drive', 'pythonpath')
[5.062s] INFO:colcon.colcon_core.shell:Creating environment hook '/home/zuiken/Documents/ichosai_2026_trolley/ros2_ws/src/install/trolley_drive/share/trolley_drive/hook/pythonpath.ps1'
[5.194s] INFO:colcon.colcon_core.shell:Creating environment descriptor '/home/zuiken/Documents/ichosai_2026_trolley/ros2_ws/src/install/trolley_drive/share/trolley_drive/hook/pythonpath.dsv'
[5.350s] INFO:colcon.colcon_core.shell:Creating environment hook '/home/zuiken/Documents/ichosai_2026_trolley/ros2_ws/src/install/trolley_drive/share/trolley_drive/hook/pythonpath.sh'
[5.504s] Level 1:colcon.colcon_core.environment:checking '/home/zuiken/Documents/ichosai_2026_trolley/ros2_ws/src/install/trolley_drive/bin'
[5.504s] Level 1:colcon.colcon_core.environment:create_environment_scripts_only(trolley_drive)
[5.505s] INFO:colcon.colcon_core.shell:Creating package script '/home/zuiken/Documents/ichosai_2026_trolley/ros2_ws/src/install/trolley_drive/share/trolley_drive/package.ps1'
[5.805s] INFO:colcon.colcon_core.shell:Creating package descriptor '/home/zuiken/Documents/ichosai_2026_trolley/ros2_ws/src/install/trolley_drive/share/trolley_drive/package.dsv'
[5.807s] INFO:colcon.colcon_core.shell:Creating package script '/home/zuiken/Documents/ichosai_2026_trolley/ros2_ws/src/install/trolley_drive/share/trolley_drive/package.sh'
[5.808s] INFO:colcon.colcon_core.shell:Creating package script '/home/zuiken/Documents/ichosai_2026_trolley/ros2_ws/src/install/trolley_drive/share/trolley_drive/package.bash'
[5.808s] INFO:colcon.colcon_core.shell:Creating package script '/home/zuiken/Documents/ichosai_2026_trolley/ros2_ws/src/install/trolley_drive/share/trolley_drive/package.zsh'
[5.809s] Level 1:colcon.colcon_core.environment:create_file_with_runtime_dependencies(/home/zuiken/Documents/ichosai_2026_trolley/ros2_ws/src/install/trolley_drive/share/colcon-core/packages/trolley_drive)
[5.811s] Level 1:colcon.colcon_core.environment:checking '/home/zuiken/Documents/ichosai_2026_trolley/ros2_ws/src/install/trolley_bringup' for CMake module files
[5.812s] Level 1:colcon.colcon_core.environment:checking '/home/zuiken/Documents/ichosai_2026_trolley/ros2_ws/src/install/trolley_bringup' for CMake config files
[5.813s] Level 1:colcon.colcon_core.environment:checking '/home/zuiken/Documents/ichosai_2026_trolley/ros2_ws/src/install/trolley_bringup/lib'
[5.813s] Level 1:colcon.colcon_core.environment:checking '/home/zuiken/Documents/ichosai_2026_trolley/ros2_ws/src/install/trolley_bringup/bin'
[5.813s] Level 1:colcon.colcon_core.environment:checking '/home/zuiken/Documents/ichosai_2026_trolley/ros2_ws/src/install/trolley_bringup/lib/pkgconfig/trolley_bringup.pc'
[5.813s] Level 1:colcon.colcon_core.environment:checking '/home/zuiken/Documents/ichosai_2026_trolley/ros2_ws/src/install/trolley_bringup/lib/python3.12/site-packages'
[5.814s] Level 1:colcon.colcon_core.shell:create_environment_hook('trolley_bringup', 'pythonpath')
[5.814s] INFO:colcon.colcon_core.shell:Creating environment hook '/home/zuiken/Documents/ichosai_2026_trolley/ros2_ws/src/install/trolley_bringup/share/trolley_bringup/hook/pythonpath.ps1'
[5.815s] INFO:colcon.colcon_core.shell:Creating environment descriptor '/home/zuiken/Documents/ichosai_2026_trolley/ros2_ws/src/install/trolley_bringup/share/trolley_bringup/hook/pythonpath.dsv'
[5.816s] INFO:colcon.colcon_core.shell:Creating environment hook '/home/zuiken/Documents/ichosai_2026_trolley/ros2_ws/src/install/trolley_bringup/share/trolley_bringup/hook/pythonpath.sh'
[5.817s] Level 1:colcon.colcon_core.environment:checking '/home/zuiken/Documents/ichosai_2026_trolley/ros2_ws/src/install/trolley_bringup/bin'
[5.817s] Level 1:colcon.colcon_core.environment:create_environment_scripts_only(trolley_bringup)
[5.818s] INFO:colcon.colcon_core.shell:Creating package script '/home/zuiken/Documents/ichosai_2026_trolley/ros2_ws/src/install/trolley_bringup/share/trolley_bringup/package.ps1'
[5.819s] INFO:colcon.colcon_core.shell:Creating package descriptor '/home/zuiken/Documents/ichosai_2026_trolley/ros2_ws/src/install/trolley_bringup/share/trolley_bringup/package.dsv'
[5.820s] INFO:colcon.colcon_core.shell:Creating package script '/home/zuiken/Documents/ichosai_2026_trolley/ros2_ws/src/install/trolley_bringup/share/trolley_bringup/package.sh'
[5.820s] INFO:colcon.colcon_core.shell:Creating package script '/home/zuiken/Documents/ichosai_2026_trolley/ros2_ws/src/install/trolley_bringup/share/trolley_bringup/package.bash'
[5.821s] INFO:colcon.colcon_core.shell:Creating package script '/home/zuiken/Documents/ichosai_2026_trolley/ros2_ws/src/install/trolley_bringup/share/trolley_bringup/package.zsh'
[5.821s] Level 1:colcon.colcon_core.environment:create_file_with_runtime_dependencies(/home/zuiken/Documents/ichosai_2026_trolley/ros2_ws/src/install/trolley_bringup/share/colcon-core/packages/trolley_bringup)
[5.954s] DEBUG:colcon.colcon_core.event_handler.log_command:Invoked command in '/home/zuiken/Documents/ichosai_2026_trolley/ros2_ws/src/trolley_bringup' returned '0': PYTHONPATH=/home/zuiken/Documents/ichosai_2026_trolley/ros2_ws/src/build/trolley_bringup/prefix_override:/usr/lib/python3/dist-packages/colcon_core/task/python/colcon_distutils_commands:/home/zuiken/Documents/ichosai_2026_trolley/ros2_ws/src/install/trolley_bringup/lib/python3.12/site-packages:${PYTHONPATH} /usr/bin/python3 -W ignore:setup.py install is deprecated -W ignore:easy_install command is deprecated setup.py egg_info --egg-base ../build/trolley_bringup build --build-base /home/zuiken/Documents/ichosai_2026_trolley/ros2_ws/src/build/trolley_bringup/build install --record /home/zuiken/Documents/ichosai_2026_trolley/ros2_ws/src/build/trolley_bringup/install.log --install-scripts $base/lib/trolley_bringup --single-version-externally-managed install_data
[22.893s] DEBUG:colcon.colcon_core.event_handler.log_command:Invoked command in '/home/zuiken/Documents/ichosai_2026_trolley/ros2_ws/src/build/trolley_interfaces' returned '0': CMAKE_PREFIX_PATH=${CMAKE_PREFIX_PATH}:/home/zuiken/Documents/ichosai_2026_trolley/ros2_ws/src/install/trolley_drive:/home/zuiken/Documents/ichosai_2026_trolley/ros2_ws/src/install/trolley_bringup:/home/zuiken/Documents/ichosai_2026_trolley/ros2_ws/src/install/joy_teleop:/opt/ros/jazzy /usr/bin/cmake --build /home/zuiken/Documents/ichosai_2026_trolley/ros2_ws/src/build/trolley_interfaces -- -j4 -l4
[22.912s] DEBUG:colcon.colcon_core.event_handler.log_command:Invoking command in '/home/zuiken/Documents/ichosai_2026_trolley/ros2_ws/src/build/trolley_interfaces': CMAKE_PREFIX_PATH=${CMAKE_PREFIX_PATH}:/home/zuiken/Documents/ichosai_2026_trolley/ros2_ws/src/install/trolley_drive:/home/zuiken/Documents/ichosai_2026_trolley/ros2_ws/src/install/trolley_bringup:/home/zuiken/Documents/ichosai_2026_trolley/ros2_ws/src/install/joy_teleop:/opt/ros/jazzy /usr/bin/cmake --install /home/zuiken/Documents/ichosai_2026_trolley/ros2_ws/src/build/trolley_interfaces
[23.045s] Level 1:colcon.colcon_core.environment:create_environment_scripts_only(trolley_interfaces)
[23.046s] Level 1:colcon.colcon_core.environment:checking '/home/zuiken/Documents/ichosai_2026_trolley/ros2_ws/src/install/trolley_interfaces' for CMake module files
[23.046s] DEBUG:colcon.colcon_core.event_handler.log_command:Invoked command in '/home/zuiken/Documents/ichosai_2026_trolley/ros2_ws/src/build/trolley_interfaces' returned '0': CMAKE_PREFIX_PATH=${CMAKE_PREFIX_PATH}:/home/zuiken/Documents/ichosai_2026_trolley/ros2_ws/src/install/trolley_drive:/home/zuiken/Documents/ichosai_2026_trolley/ros2_ws/src/install/trolley_bringup:/home/zuiken/Documents/ichosai_2026_trolley/ros2_ws/src/install/joy_teleop:/opt/ros/jazzy /usr/bin/cmake --install /home/zuiken/Documents/ichosai_2026_trolley/ros2_ws/src/build/trolley_interfaces
[23.047s] Level 1:colcon.colcon_core.environment:checking '/home/zuiken/Documents/ichosai_2026_trolley/ros2_ws/src/install/trolley_interfaces' for CMake config files
[23.047s] Level 1:colcon.colcon_core.shell:create_environment_hook('trolley_interfaces', 'cmake_prefix_path')
[23.048s] INFO:colcon.colcon_core.shell:Creating environment hook '/home/zuiken/Documents/ichosai_2026_trolley/ros2_ws/src/install/trolley_interfaces/share/trolley_interfaces/hook/cmake_prefix_path.ps1'
[23.187s] INFO:colcon.colcon_core.shell:Creating environment descriptor '/home/zuiken/Documents/ichosai_2026_trolley/ros2_ws/src/install/trolley_interfaces/share/trolley_interfaces/hook/cmake_prefix_path.dsv'
[23.487s] INFO:colcon.colcon_core.shell:Creating environment hook '/home/zuiken/Documents/ichosai_2026_trolley/ros2_ws/src/install/trolley_interfaces/share/trolley_interfaces/hook/cmake_prefix_path.sh'
[23.488s] Level 1:colcon.colcon_core.environment:checking '/home/zuiken/Documents/ichosai_2026_trolley/ros2_ws/src/install/trolley_interfaces/lib'
[23.488s] Level 1:colcon.colcon_core.shell:create_environment_hook('trolley_interfaces', 'ld_library_path_lib')
[23.489s] INFO:colcon.colcon_core.shell:Creating environment hook '/home/zuiken/Documents/ichosai_2026_trolley/ros2_ws/src/install/trolley_interfaces/share/trolley_interfaces/hook/ld_library_path_lib.ps1'
[23.489s] INFO:colcon.colcon_core.shell:Creating environment descriptor '/home/zuiken/Documents/ichosai_2026_trolley/ros2_ws/src/install/trolley_interfaces/share/trolley_interfaces/hook/ld_library_path_lib.dsv'
[23.490s] INFO:colcon.colcon_core.shell:Creating environment hook '/home/zuiken/Documents/ichosai_2026_trolley/ros2_ws/src/install/trolley_interfaces/share/trolley_interfaces/hook/ld_library_path_lib.sh'
[23.491s] Level 1:colcon.colcon_core.environment:checking '/home/zuiken/Documents/ichosai_2026_trolley/ros2_ws/src/install/trolley_interfaces/bin'
[23.491s] Level 1:colcon.colcon_core.environment:checking '/home/zuiken/Documents/ichosai_2026_trolley/ros2_ws/src/install/trolley_interfaces/lib/pkgconfig/trolley_interfaces.pc'
[23.491s] Level 1:colcon.colcon_core.environment:checking '/home/zuiken/Documents/ichosai_2026_trolley/ros2_ws/src/install/trolley_interfaces/lib/python3.12/site-packages'
[23.491s] Level 1:colcon.colcon_core.shell:create_environment_hook('trolley_interfaces', 'pythonpath')
[23.492s] INFO:colcon.colcon_core.shell:Creating environment hook '/home/zuiken/Documents/ichosai_2026_trolley/ros2_ws/src/install/trolley_interfaces/share/trolley_interfaces/hook/pythonpath.ps1'
[23.492s] INFO:colcon.colcon_core.shell:Creating environment descriptor '/home/zuiken/Documents/ichosai_2026_trolley/ros2_ws/src/install/trolley_interfaces/share/trolley_interfaces/hook/pythonpath.dsv'
[23.493s] INFO:colcon.colcon_core.shell:Creating environment hook '/home/zuiken/Documents/ichosai_2026_trolley/ros2_ws/src/install/trolley_interfaces/share/trolley_interfaces/hook/pythonpath.sh'
[23.494s] Level 1:colcon.colcon_core.environment:checking '/home/zuiken/Documents/ichosai_2026_trolley/ros2_ws/src/install/trolley_interfaces/bin'
[23.494s] INFO:colcon.colcon_core.shell:Creating package script '/home/zuiken/Documents/ichosai_2026_trolley/ros2_ws/src/install/trolley_interfaces/share/trolley_interfaces/package.ps1'
[23.495s] INFO:colcon.colcon_core.shell:Creating package descriptor '/home/zuiken/Documents/ichosai_2026_trolley/ros2_ws/src/install/trolley_interfaces/share/trolley_interfaces/package.dsv'
[23.496s] INFO:colcon.colcon_core.shell:Creating package script '/home/zuiken/Documents/ichosai_2026_trolley/ros2_ws/src/install/trolley_interfaces/share/trolley_interfaces/package.sh'
[23.497s] INFO:colcon.colcon_core.shell:Creating package script '/home/zuiken/Documents/ichosai_2026_trolley/ros2_ws/src/install/trolley_interfaces/share/trolley_interfaces/package.bash'
[23.497s] INFO:colcon.colcon_core.shell:Creating package script '/home/zuiken/Documents/ichosai_2026_trolley/ros2_ws/src/install/trolley_interfaces/share/trolley_interfaces/package.zsh'
[23.498s] Level 1:colcon.colcon_core.environment:create_file_with_runtime_dependencies(/home/zuiken/Documents/ichosai_2026_trolley/ros2_ws/src/install/trolley_interfaces/share/colcon-core/packages/trolley_interfaces)
[23.499s] Level 1:colcon.colcon_core.environment:create_environment_scripts_only(trolley_interfaces)
[23.499s] Level 1:colcon.colcon_core.environment:checking '/home/zuiken/Documents/ichosai_2026_trolley/ros2_ws/src/install/trolley_interfaces' for CMake module files
[23.500s] Level 1:colcon.colcon_core.environment:checking '/home/zuiken/Documents/ichosai_2026_trolley/ros2_ws/src/install/trolley_interfaces' for CMake config files
[23.501s] Level 1:colcon.colcon_core.shell:create_environment_hook('trolley_interfaces', 'cmake_prefix_path')
[23.501s] INFO:colcon.colcon_core.shell:Creating environment hook '/home/zuiken/Documents/ichosai_2026_trolley/ros2_ws/src/install/trolley_interfaces/share/trolley_interfaces/hook/cmake_prefix_path.ps1'
[23.502s] INFO:colcon.colcon_core.shell:Creating environment descriptor '/home/zuiken/Documents/ichosai_2026_trolley/ros2_ws/src/install/trolley_interfaces/share/trolley_interfaces/hook/cmake_prefix_path.dsv'
[23.984s] INFO:colcon.colcon_core.shell:Creating environment hook '/home/zuiken/Documents/ichosai_2026_trolley/ros2_ws/src/install/trolley_interfaces/share/trolley_interfaces/hook/cmake_prefix_path.sh'
[24.438s] Level 1:colcon.colcon_core.environment:checking '/home/zuiken/Documents/ichosai_2026_trolley/ros2_ws/src/install/trolley_interfaces/lib'
[24.438s] Level 1:colcon.colcon_core.shell:create_environment_hook('trolley_interfaces', 'ld_library_path_lib')
[24.439s] INFO:colcon.colcon_core.shell:Creating environment hook '/home/zuiken/Documents/ichosai_2026_trolley/ros2_ws/src/install/trolley_interfaces/share/trolley_interfaces/hook/ld_library_path_lib.ps1'
[24.439s] INFO:colcon.colcon_core.shell:Creating environment descriptor '/home/zuiken/Documents/ichosai_2026_trolley/ros2_ws/src/install/trolley_interfaces/share/trolley_interfaces/hook/ld_library_path_lib.dsv'
[24.440s] INFO:colcon.colcon_core.shell:Creating environment hook '/home/zuiken/Documents/ichosai_2026_trolley/ros2_ws/src/install/trolley_interfaces/share/trolley_interfaces/hook/ld_library_path_lib.sh'
[24.441s] Level 1:colcon.colcon_core.environment:checking '/home/zuiken/Documents/ichosai_2026_trolley/ros2_ws/src/install/trolley_interfaces/bin'
[24.441s] Level 1:colcon.colcon_core.environment:checking '/home/zuiken/Documents/ichosai_2026_trolley/ros2_ws/src/install/trolley_interfaces/lib/pkgconfig/trolley_interfaces.pc'
[24.441s] Level 1:colcon.colcon_core.environment:checking '/home/zuiken/Documents/ichosai_2026_trolley/ros2_ws/src/install/trolley_interfaces/lib/python3.12/site-packages'
[24.442s] Level 1:colcon.colcon_core.shell:create_environment_hook('trolley_interfaces', 'pythonpath')
[24.442s] INFO:colcon.colcon_core.shell:Creating environment hook '/home/zuiken/Documents/ichosai_2026_trolley/ros2_ws/src/install/trolley_interfaces/share/trolley_interfaces/hook/pythonpath.ps1'
[24.443s] INFO:colcon.colcon_core.shell:Creating environment descriptor '/home/zuiken/Documents/ichosai_2026_trolley/ros2_ws/src/install/trolley_interfaces/share/trolley_interfaces/hook/pythonpath.dsv'
[24.443s] INFO:colcon.colcon_core.shell:Creating environment hook '/home/zuiken/Documents/ichosai_2026_trolley/ros2_ws/src/install/trolley_interfaces/share/trolley_interfaces/hook/pythonpath.sh'
[24.445s] Level 1:colcon.colcon_core.environment:checking '/home/zuiken/Documents/ichosai_2026_trolley/ros2_ws/src/install/trolley_interfaces/bin'
[24.446s] INFO:colcon.colcon_core.shell:Creating package script '/home/zuiken/Documents/ichosai_2026_trolley/ros2_ws/src/install/trolley_interfaces/share/trolley_interfaces/package.ps1'
[24.447s] INFO:colcon.colcon_core.shell:Creating package descriptor '/home/zuiken/Documents/ichosai_2026_trolley/ros2_ws/src/install/trolley_interfaces/share/trolley_interfaces/package.dsv'
[24.448s] INFO:colcon.colcon_core.shell:Creating package script '/home/zuiken/Documents/ichosai_2026_trolley/ros2_ws/src/install/trolley_interfaces/share/trolley_interfaces/package.sh'
[24.449s] INFO:colcon.colcon_core.shell:Creating package script '/home/zuiken/Documents/ichosai_2026_trolley/ros2_ws/src/install/trolley_interfaces/share/trolley_interfaces/package.bash'
[24.449s] INFO:colcon.colcon_core.shell:Creating package script '/home/zuiken/Documents/ichosai_2026_trolley/ros2_ws/src/install/trolley_interfaces/share/trolley_interfaces/package.zsh'
[24.450s] Level 1:colcon.colcon_core.environment:create_file_with_runtime_dependencies(/home/zuiken/Documents/ichosai_2026_trolley/ros2_ws/src/install/trolley_interfaces/share/colcon-core/packages/trolley_interfaces)
[24.451s] DEBUG:colcon.colcon_parallel_executor.executor.parallel:closing loop
[24.451s] DEBUG:colcon.colcon_parallel_executor.executor.parallel:loop closed
[24.451s] DEBUG:colcon.colcon_parallel_executor.executor.parallel:run_until_complete finished with '0'
[24.451s] DEBUG:colcon.colcon_core.event_reactor:joining thread
[24.531s] DEBUG:colcon.colcon_core.event_reactor:joined thread
[24.531s] INFO:colcon.colcon_core.shell:Creating prefix script '/home/zuiken/Documents/ichosai_2026_trolley/ros2_ws/src/install/local_setup.ps1'
[24.683s] INFO:colcon.colcon_core.shell:Creating prefix util module '/home/zuiken/Documents/ichosai_2026_trolley/ros2_ws/src/install/_local_setup_util_ps1.py'
[24.685s] INFO:colcon.colcon_core.shell:Creating prefix chain script '/home/zuiken/Documents/ichosai_2026_trolley/ros2_ws/src/install/setup.ps1'
[24.687s] INFO:colcon.colcon_core.shell:Creating prefix script '/home/zuiken/Documents/ichosai_2026_trolley/ros2_ws/src/install/local_setup.sh'
[24.688s] INFO:colcon.colcon_core.shell:Creating prefix util module '/home/zuiken/Documents/ichosai_2026_trolley/ros2_ws/src/install/_local_setup_util_sh.py'
[24.689s] INFO:colcon.colcon_core.shell:Creating prefix chain script '/home/zuiken/Documents/ichosai_2026_trolley/ros2_ws/src/install/setup.sh'
[24.691s] INFO:colcon.colcon_core.shell:Creating prefix script '/home/zuiken/Documents/ichosai_2026_trolley/ros2_ws/src/install/local_setup.bash'
[24.692s] INFO:colcon.colcon_core.shell:Creating prefix chain script '/home/zuiken/Documents/ichosai_2026_trolley/ros2_ws/src/install/setup.bash'
[24.693s] INFO:colcon.colcon_core.shell:Creating prefix script '/home/zuiken/Documents/ichosai_2026_trolley/ros2_ws/src/install/local_setup.zsh'
[24.694s] INFO:colcon.colcon_core.shell:Creating prefix chain script '/home/zuiken/Documents/ichosai_2026_trolley/ros2_ws/src/install/setup.zsh'
