[4.888s] Invoking command in '/home/zuiken/Documents/ichosai_2026_trolley/ros2_ws/src/trolley_bringup': PYTHONPATH=/home/zuiken/Documents/ichosai_2026_trolley/ros2_ws/src/build/trolley_bringup/prefix_override:/usr/lib/python3/dist-packages/colcon_core/task/python/colcon_distutils_commands:/home/zuiken/Documents/ichosai_2026_trolley/ros2_ws/src/install/trolley_bringup/lib/python3.12/site-packages:${PYTHONPATH} /usr/bin/python3 -W ignore:setup.py install is deprecated -W ignore:easy_install command is deprecated setup.py egg_info --egg-base ../build/trolley_bringup build --build-base /home/zuiken/Documents/ichosai_2026_trolley/ros2_ws/src/build/trolley_bringup/build install --record /home/zuiken/Documents/ichosai_2026_trolley/ros2_ws/src/build/trolley_bringup/install.log --install-scripts $base/lib/trolley_bringup --single-version-externally-managed install_data
[5.385s] running egg_info
[5.385s] writing ../build/trolley_bringup/trolley_bringup.egg-info/PKG-INFO
[5.556s] writing dependency_links to ../build/trolley_bringup/trolley_bringup.egg-info/dependency_links.txt
[6.144s] writing requirements to ../build/trolley_bringup/trolley_bringup.egg-info/requires.txt
[6.284s] writing top-level names to ../build/trolley_bringup/trolley_bringup.egg-info/top_level.txt
[6.342s] reading manifest file '../build/trolley_bringup/trolley_bringup.egg-info/SOURCES.txt'
[6.668s] writing manifest file '../build/trolley_bringup/trolley_bringup.egg-info/SOURCES.txt'
[6.914s] running build
[6.914s] running build_py
[6.915s] running install
[6.927s] running install_lib
[6.954s] running install_data
[6.954s] copying launch/trolley.launch.py -> /home/zuiken/Documents/ichosai_2026_trolley/ros2_ws/src/install/trolley_bringup/share/trolley_bringup/launch
[7.361s] running install_egg_info
[7.394s] removing '/home/zuiken/Documents/ichosai_2026_trolley/ros2_ws/src/install/trolley_bringup/lib/python3.12/site-packages/trolley_bringup-0.0.0-py3.12.egg-info' (and everything under it)
[7.395s] Copying ../build/trolley_bringup/trolley_bringup.egg-info to /home/zuiken/Documents/ichosai_2026_trolley/ros2_ws/src/install/trolley_bringup/lib/python3.12/site-packages/trolley_bringup-0.0.0-py3.12.egg-info
[7.510s] running install_scripts
[7.699s] writing list of installed files to '/home/zuiken/Documents/ichosai_2026_trolley/ros2_ws/src/build/trolley_bringup/install.log'
[8.687s] Invoked command in '/home/zuiken/Documents/ichosai_2026_trolley/ros2_ws/src/trolley_bringup' returned '0': PYTHONPATH=/home/zuiken/Documents/ichosai_2026_trolley/ros2_ws/src/build/trolley_bringup/prefix_override:/usr/lib/python3/dist-packages/colcon_core/task/python/colcon_distutils_commands:/home/zuiken/Documents/ichosai_2026_trolley/ros2_ws/src/install/trolley_bringup/lib/python3.12/site-packages:${PYTHONPATH} /usr/bin/python3 -W ignore:setup.py install is deprecated -W ignore:easy_install command is deprecated setup.py egg_info --egg-base ../build/trolley_bringup build --build-base /home/zuiken/Documents/ichosai_2026_trolley/ros2_ws/src/build/trolley_bringup/build install --record /home/zuiken/Documents/ichosai_2026_trolley/ros2_ws/src/build/trolley_bringup/install.log --install-scripts $base/lib/trolley_bringup --single-version-externally-managed install_data
