[4.863s] Invoking command in '/home/zuiken/Documents/ichosai_2026_trolley/ros2_ws/src/trolley_drive': PYTHONPATH=/home/zuiken/Documents/ichosai_2026_trolley/ros2_ws/src/build/trolley_drive/prefix_override:/usr/lib/python3/dist-packages/colcon_core/task/python/colcon_distutils_commands:/home/zuiken/Documents/ichosai_2026_trolley/ros2_ws/src/install/trolley_drive/lib/python3.12/site-packages:${PYTHONPATH} /usr/bin/python3 -W ignore:setup.py install is deprecated -W ignore:easy_install command is deprecated setup.py egg_info --egg-base ../build/trolley_drive build --build-base /home/zuiken/Documents/ichosai_2026_trolley/ros2_ws/src/build/trolley_drive/build install --record /home/zuiken/Documents/ichosai_2026_trolley/ros2_ws/src/build/trolley_drive/install.log --install-scripts $base/lib/trolley_drive --single-version-externally-managed install_data
[5.374s] running egg_info
[5.374s] writing ../build/trolley_drive/trolley_drive.egg-info/PKG-INFO
[5.841s] writing dependency_links to ../build/trolley_drive/trolley_drive.egg-info/dependency_links.txt
[5.841s] writing entry points to ../build/trolley_drive/trolley_drive.egg-info/entry_points.txt
[5.842s] writing requirements to ../build/trolley_drive/trolley_drive.egg-info/requires.txt
[5.842s] writing top-level names to ../build/trolley_drive/trolley_drive.egg-info/top_level.txt
[5.898s] reading manifest file '../build/trolley_drive/trolley_drive.egg-info/SOURCES.txt'
[6.564s] writing manifest file '../build/trolley_drive/trolley_drive.egg-info/SOURCES.txt'
[6.748s] running build
[6.749s] running build_py
[6.749s] copying trolley_drive/drive_node.py -> /home/zuiken/Documents/ichosai_2026_trolley/ros2_ws/src/build/trolley_drive/build/lib/trolley_drive
[6.750s] running install
[6.763s] running install_lib
[6.789s] copying /home/zuiken/Documents/ichosai_2026_trolley/ros2_ws/src/build/trolley_drive/build/lib/trolley_drive/drive_node.py -> /home/zuiken/Documents/ichosai_2026_trolley/ros2_ws/src/install/trolley_drive/lib/python3.12/site-packages/trolley_drive
[6.790s] byte-compiling /home/zuiken/Documents/ichosai_2026_trolley/ros2_ws/src/install/trolley_drive/lib/python3.12/site-packages/trolley_drive/drive_node.py to drive_node.cpython-312.pyc
[7.052s] running install_data
[7.052s] running install_egg_info
[7.084s] removing '/home/zuiken/Documents/ichosai_2026_trolley/ros2_ws/src/install/trolley_drive/lib/python3.12/site-packages/trolley_drive-0.0.0-py3.12.egg-info' (and everything under it)
[7.347s] Copying ../build/trolley_drive/trolley_drive.egg-info to /home/zuiken/Documents/ichosai_2026_trolley/ros2_ws/src/install/trolley_drive/lib/python3.12/site-packages/trolley_drive-0.0.0-py3.12.egg-info
[7.354s] running install_scripts
[7.544s] Installing drive_node script to /home/zuiken/Documents/ichosai_2026_trolley/ros2_ws/src/install/trolley_drive/lib/trolley_drive
[7.545s] writing list of installed files to '/home/zuiken/Documents/ichosai_2026_trolley/ros2_ws/src/build/trolley_drive/install.log'
[8.173s] Invoked command in '/home/zuiken/Documents/ichosai_2026_trolley/ros2_ws/src/trolley_drive' returned '0': PYTHONPATH=/home/zuiken/Documents/ichosai_2026_trolley/ros2_ws/src/build/trolley_drive/prefix_override:/usr/lib/python3/dist-packages/colcon_core/task/python/colcon_distutils_commands:/home/zuiken/Documents/ichosai_2026_trolley/ros2_ws/src/install/trolley_drive/lib/python3.12/site-packages:${PYTHONPATH} /usr/bin/python3 -W ignore:setup.py install is deprecated -W ignore:easy_install command is deprecated setup.py egg_info --egg-base ../build/trolley_drive build --build-base /home/zuiken/Documents/ichosai_2026_trolley/ros2_ws/src/build/trolley_drive/build install --record /home/zuiken/Documents/ichosai_2026_trolley/ros2_ws/src/build/trolley_drive/install.log --install-scripts $base/lib/trolley_drive --single-version-externally-managed install_data
