[0.144s] DEBUG:colcon:Command line arguments: ['/usr/bin/colcon', 'build']
[0.144s] DEBUG:colcon:Parsed command line arguments: Namespace(log_base=None, log_level=None, verb_name='build', build_base='build', install_base='install', merge_install=False, symlink_install=False, test_result_base=None, continue_on_error=False, executor='parallel', parallel_workers=4, event_handlers=None, ignore_user_meta=False, metas=['./colcon.meta'], base_paths=['.'], packages_ignore=None, packages_ignore_regex=None, paths=None, packages_up_to=None, packages_up_to_regex=None, packages_above=None, packages_above_and_dependencies=None, packages_above_depth=None, packages_select_by_dep=None, packages_skip_by_dep=None, packages_skip_up_to=None, packages_select_build_failed=False, packages_skip_build_finished=False, packages_select_test_failures=False, packages_skip_test_passed=False, packages_select=None, packages_skip=None, packages_select_regex=None, packages_skip_regex=None, packages_start=None, packages_end=None, allow_overriding=[], cmake_args=None, cmake_target=None, cmake_target_skip_unavailable=False, cmake_clean_cache=False, cmake_clean_first=False, cmake_force_configure=False, ament_cmake_args=None, catkin_cmake_args=None, catkin_skip_building_tests=False, mixin_files=None, mixin=None, verb_parser=<colcon_mixin.mixin.mixin_argument.MixinArgumentDecorator object at 0xffff886095b0>, verb_extension=<colcon_core.verb.build.BuildVerb object at 0xffff887c2090>, main=<bound method BuildVerb.main of <colcon_core.verb.build.BuildVerb object at 0xffff887c2090>>, mixin_verb=('build',))
[0.200s] Level 1:colcon.colcon_core.package_discovery:discover_packages(colcon_meta) check parameters
[0.200s] Level 1:colcon.colcon_core.package_discovery:discover_packages(recursive) check parameters
[0.200s] Level 1:colcon.colcon_core.package_discovery:discover_packages(ignore) check parameters
[0.200s] Level 1:colcon.colcon_core.package_discovery:discover_packages(path) check parameters
[0.200s] Level 1:colcon.colcon_core.package_discovery:discover_packages(colcon_meta) discover
[0.200s] Level 1:colcon.colcon_core.package_discovery:discover_packages(recursive) discover
[0.200s] INFO:colcon.colcon_core.package_discovery:Crawling recursively for packages in '/home/zuiken/Documents/ichosai_2026_trolley/ros2_ws'
[0.200s] Level 1:colcon.colcon_core.package_identification:_identify(.) by extensions ['ignore', 'ignore_ament_install']
[0.200s] Level 1:colcon.colcon_core.package_identification:_identify(.) by extension 'ignore'
[0.200s] Level 1:colcon.colcon_core.package_identification:_identify(.) by extension 'ignore_ament_install'
[0.200s] Level 1:colcon.colcon_core.package_identification:_identify(.) by extensions ['colcon_pkg']
[0.200s] Level 1:colcon.colcon_core.package_identification:_identify(.) by extension 'colcon_pkg'
[0.200s] Level 1:colcon.colcon_core.package_identification:_identify(.) by extensions ['colcon_meta']
[0.200s] Level 1:colcon.colcon_core.package_identification:_identify(.) by extension 'colcon_meta'
[0.201s] Level 1:colcon.colcon_core.package_identification:_identify(.) by extensions ['ros']
[0.201s] Level 1:colcon.colcon_core.package_identification:_identify(.) by extension 'ros'
[0.237s] Level 1:colcon.colcon_core.package_identification:_identify(.) by extensions ['cmake', 'python']
[0.238s] Level 1:colcon.colcon_core.package_identification:_identify(.) by extension 'cmake'
[0.238s] Level 1:colcon.colcon_core.package_identification:_identify(.) by extension 'python'
[0.238s] Level 1:colcon.colcon_core.package_identification:_identify(.) by extensions ['python_setup_py']
[0.238s] Level 1:colcon.colcon_core.package_identification:_identify(.) by extension 'python_setup_py'
[0.238s] Level 1:colcon.colcon_core.package_identification:_identify(build) by extensions ['ignore', 'ignore_ament_install']
[0.238s] Level 1:colcon.colcon_core.package_identification:_identify(build) by extension 'ignore'
[0.238s] Level 1:colcon.colcon_core.package_identification:_identify(build) ignored
[0.238s] Level 1:colcon.colcon_core.package_identification:_identify(install) by extensions ['ignore', 'ignore_ament_install']
[0.238s] Level 1:colcon.colcon_core.package_identification:_identify(install) by extension 'ignore'
[0.239s] Level 1:colcon.colcon_core.package_identification:_identify(install) ignored
[0.239s] Level 1:colcon.colcon_core.package_identification:_identify(log) by extensions ['ignore', 'ignore_ament_install']
[0.239s] Level 1:colcon.colcon_core.package_identification:_identify(log) by extension 'ignore'
[0.239s] Level 1:colcon.colcon_core.package_identification:_identify(log) ignored
[0.239s] Level 1:colcon.colcon_core.package_identification:_identify(src) by extensions ['ignore', 'ignore_ament_install']
[0.239s] Level 1:colcon.colcon_core.package_identification:_identify(src) by extension 'ignore'
[0.239s] Level 1:colcon.colcon_core.package_identification:_identify(src) by extension 'ignore_ament_install'
[0.239s] Level 1:colcon.colcon_core.package_identification:_identify(src) by extensions ['colcon_pkg']
[0.239s] Level 1:colcon.colcon_core.package_identification:_identify(src) by extension 'colcon_pkg'
[0.239s] Level 1:colcon.colcon_core.package_identification:_identify(src) by extensions ['colcon_meta']
[0.239s] Level 1:colcon.colcon_core.package_identification:_identify(src) by extension 'colcon_meta'
[0.239s] Level 1:colcon.colcon_core.package_identification:_identify(src) by extensions ['ros']
[0.239s] Level 1:colcon.colcon_core.package_identification:_identify(src) by extension 'ros'
[0.239s] Level 1:colcon.colcon_core.package_identification:_identify(src) by extensions ['cmake', 'python']
[0.239s] Level 1:colcon.colcon_core.package_identification:_identify(src) by extension 'cmake'
[0.239s] Level 1:colcon.colcon_core.package_identification:_identify(src) by extension 'python'
[0.240s] Level 1:colcon.colcon_core.package_identification:_identify(src) by extensions ['python_setup_py']
[0.240s] Level 1:colcon.colcon_core.package_identification:_identify(src) by extension 'python_setup_py'
[0.240s] Level 1:colcon.colcon_core.package_identification:_identify(src/build) by extensions ['ignore', 'ignore_ament_install']
[0.240s] Level 1:colcon.colcon_core.package_identification:_identify(src/build) by extension 'ignore'
[0.240s] Level 1:colcon.colcon_core.package_identification:_identify(src/build) ignored
[0.240s] Level 1:colcon.colcon_core.package_identification:_identify(src/install) by extensions ['ignore', 'ignore_ament_install']
[0.240s] Level 1:colcon.colcon_core.package_identification:_identify(src/install) by extension 'ignore'
[0.240s] Level 1:colcon.colcon_core.package_identification:_identify(src/install) ignored
[0.240s] Level 1:colcon.colcon_core.package_identification:_identify(src/joy_teleop) by extensions ['ignore', 'ignore_ament_install']
[0.240s] Level 1:colcon.colcon_core.package_identification:_identify(src/joy_teleop) by extension 'ignore'
[0.240s] Level 1:colcon.colcon_core.package_identification:_identify(src/joy_teleop) by extension 'ignore_ament_install'
[0.240s] Level 1:colcon.colcon_core.package_identification:_identify(src/joy_teleop) by extensions ['colcon_pkg']
[0.240s] Level 1:colcon.colcon_core.package_identification:_identify(src/joy_teleop) by extension 'colcon_pkg'
[0.240s] Level 1:colcon.colcon_core.package_identification:_identify(src/joy_teleop) by extensions ['colcon_meta']
[0.240s] Level 1:colcon.colcon_core.package_identification:_identify(src/joy_teleop) by extension 'colcon_meta'
[0.240s] Level 1:colcon.colcon_core.package_identification:_identify(src/joy_teleop) by extensions ['ros']
[0.241s] Level 1:colcon.colcon_core.package_identification:_identify(src/joy_teleop) by extension 'ros'
[0.244s] DEBUG:colcon.colcon_core.package_identification:Package 'src/joy_teleop' with type 'ros.ament_python' and name 'joy_teleop'
[0.244s] Level 1:colcon.colcon_core.package_identification:_identify(src/log) by extensions ['ignore', 'ignore_ament_install']
[0.244s] Level 1:colcon.colcon_core.package_identification:_identify(src/log) by extension 'ignore'
[0.244s] Level 1:colcon.colcon_core.package_identification:_identify(src/log) ignored
[0.244s] Level 1:colcon.colcon_core.package_identification:_identify(src/trolley_bringup) by extensions ['ignore', 'ignore_ament_install']
[0.244s] Level 1:colcon.colcon_core.package_identification:_identify(src/trolley_bringup) by extension 'ignore'
[0.244s] Level 1:colcon.colcon_core.package_identification:_identify(src/trolley_bringup) by extension 'ignore_ament_install'
[0.244s] Level 1:colcon.colcon_core.package_identification:_identify(src/trolley_bringup) by extensions ['colcon_pkg']
[0.244s] Level 1:colcon.colcon_core.package_identification:_identify(src/trolley_bringup) by extension 'colcon_pkg'
[0.245s] Level 1:colcon.colcon_core.package_identification:_identify(src/trolley_bringup) by extensions ['colcon_meta']
[0.245s] Level 1:colcon.colcon_core.package_identification:_identify(src/trolley_bringup) by extension 'colcon_meta'
[0.245s] Level 1:colcon.colcon_core.package_identification:_identify(src/trolley_bringup) by extensions ['ros']
[0.245s] Level 1:colcon.colcon_core.package_identification:_identify(src/trolley_bringup) by extension 'ros'
[0.245s] DEBUG:colcon.colcon_core.package_identification:Package 'src/trolley_bringup' with type 'ros.ament_python' and name 'trolley_bringup'
[0.245s] Level 1:colcon.colcon_core.package_identification:_identify(src/trolley_drive) by extensions ['ignore', 'ignore_ament_install']
[0.245s] Level 1:colcon.colcon_core.package_identification:_identify(src/trolley_drive) by extension 'ignore'
[0.245s] Level 1:colcon.colcon_core.package_identification:_identify(src/trolley_drive) by extension 'ignore_ament_install'
[0.246s] Level 1:colcon.colcon_core.package_identification:_identify(src/trolley_drive) by extensions ['colcon_pkg']
[0.246s] Level 1:colcon.colcon_core.package_identification:_identify(src/trolley_drive) by extension 'colcon_pkg'
[0.246s] Level 1:colcon.colcon_core.package_identification:_identify(src/trolley_drive) by extensions ['colcon_meta']
[0.246s] Level 1:colcon.colcon_core.package_identification:_identify(src/trolley_drive) by extension 'colcon_meta'
[0.246s] Level 1:colcon.colcon_core.package_identification:_identify(src/trolley_drive) by extensions ['ros']
[0.246s] Level 1:colcon.colcon_core.package_identification:_identify(src/trolley_drive) by extension 'ros'
[0.246s] DEBUG:colcon.colcon_core.package_identification:Package 'src/trolley_drive' with type 'ros.ament_python' and name 'trolley_drive'
[0.246s] Level 1:colcon.colcon_core.package_discovery:discover_packages(recursive) using defaults
[0.246s] Level 1:colcon.colcon_core.package_discovery:discover_packages(ignore) discover
[0.246s] Level 1:colcon.colcon_core.package_discovery:discover_packages(ignore) using defaults
[0.247s] Level 1:colcon.colcon_core.package_discovery:discover_packages(path) discover
[0.247s] Level 1:colcon.colcon_core.package_discovery:discover_packages(path) using defaults
[0.271s] Level 1:colcon.colcon_core.package_discovery:discover_packages(prefix_path) check parameters
[0.271s] Level 1:colcon.colcon_core.package_discovery:discover_packages(prefix_path) discover
[0.273s] DEBUG:colcon.colcon_installed_package_information.package_discovery:Found 3 installed packages in /home/zuiken/Documents/ichosai_2026_trolley/ros2_ws/install
[0.274s] DEBUG:colcon.colcon_installed_package_information.package_discovery:Found 3 installed packages in /home/zuiken/Documents/ichosai_2026_trolley/ros2_ws/src/install
[0.276s] DEBUG:colcon.colcon_installed_package_information.package_discovery:Found 287 installed packages in /opt/ros/jazzy
[0.278s] Level 1:colcon.colcon_core.package_discovery:discover_packages(prefix_path) using defaults
[0.339s] Level 5:colcon.colcon_core.verb:set package 'joy_teleop' build argument 'cmake_args' from command line to 'None'
[0.339s] Level 5:colcon.colcon_core.verb:set package 'joy_teleop' build argument 'cmake_target' from command line to 'None'
[0.339s] Level 5:colcon.colcon_core.verb:set package 'joy_teleop' build argument 'cmake_target_skip_unavailable' from command line to 'False'
[0.339s] Level 5:colcon.colcon_core.verb:set package 'joy_teleop' build argument 'cmake_clean_cache' from command line to 'False'
[0.339s] Level 5:colcon.colcon_core.verb:set package 'joy_teleop' build argument 'cmake_clean_first' from command line to 'False'
[0.339s] Level 5:colcon.colcon_core.verb:set package 'joy_teleop' build argument 'cmake_force_configure' from command line to 'False'
[0.339s] Level 5:colcon.colcon_core.verb:set package 'joy_teleop' build argument 'ament_cmake_args' from command line to 'None'
[0.339s] Level 5:colcon.colcon_core.verb:set package 'joy_teleop' build argument 'catkin_cmake_args' from command line to 'None'
[0.339s] Level 5:colcon.colcon_core.verb:set package 'joy_teleop' build argument 'catkin_skip_building_tests' from command line to 'False'
[0.339s] DEBUG:colcon.colcon_core.verb:Building package 'joy_teleop' with the following arguments: {'ament_cmake_args': None, 'build_base': '/home/zuiken/Documents/ichosai_2026_trolley/ros2_ws/build/joy_teleop', 'catkin_cmake_args': None, 'catkin_skip_building_tests': False, 'cmake_args': None, 'cmake_clean_cache': False, 'cmake_clean_first': False, 'cmake_force_configure': False, 'cmake_target': None, 'cmake_target_skip_unavailable': False, 'install_base': '/home/zuiken/Documents/ichosai_2026_trolley/ros2_ws/install/joy_teleop', 'merge_install': False, 'path': '/home/zuiken/Documents/ichosai_2026_trolley/ros2_ws/src/joy_teleop', 'symlink_install': False, 'test_result_base': None}
[0.339s] Level 5:colcon.colcon_core.verb:set package 'trolley_bringup' build argument 'cmake_args' from command line to 'None'
[0.339s] Level 5:colcon.colcon_core.verb:set package 'trolley_bringup' build argument 'cmake_target' from command line to 'None'
[0.340s] Level 5:colcon.colcon_core.verb:set package 'trolley_bringup' build argument 'cmake_target_skip_unavailable' from command line to 'False'
[0.340s] Level 5:colcon.colcon_core.verb:set package 'trolley_bringup' build argument 'cmake_clean_cache' from command line to 'False'
[0.340s] Level 5:colcon.colcon_core.verb:set package 'trolley_bringup' build argument 'cmake_clean_first' from command line to 'False'
[0.340s] Level 5:colcon.colcon_core.verb:set package 'trolley_bringup' build argument 'cmake_force_configure' from command line to 'False'
[0.340s] Level 5:colcon.colcon_core.verb:set package 'trolley_bringup' build argument 'ament_cmake_args' from command line to 'None'
[0.340s] Level 5:colcon.colcon_core.verb:set package 'trolley_bringup' build argument 'catkin_cmake_args' from command line to 'None'
[0.340s] Level 5:colcon.colcon_core.verb:set package 'trolley_bringup' build argument 'catkin_skip_building_tests' from command line to 'False'
[0.340s] DEBUG:colcon.colcon_core.verb:Building package 'trolley_bringup' with the following arguments: {'ament_cmake_args': None, 'build_base': '/home/zuiken/Documents/ichosai_2026_trolley/ros2_ws/build/trolley_bringup', 'catkin_cmake_args': None, 'catkin_skip_building_tests': False, 'cmake_args': None, 'cmake_clean_cache': False, 'cmake_clean_first': False, 'cmake_force_configure': False, 'cmake_target': None, 'cmake_target_skip_unavailable': False, 'install_base': '/home/zuiken/Documents/ichosai_2026_trolley/ros2_ws/install/trolley_bringup', 'merge_install': False, 'path': '/home/zuiken/Documents/ichosai_2026_trolley/ros2_ws/src/trolley_bringup', 'symlink_install': False, 'test_result_base': None}
[0.340s] Level 5:colcon.colcon_core.verb:set package 'trolley_drive' build argument 'cmake_args' from command line to 'None'
[0.340s] Level 5:colcon.colcon_core.verb:set package 'trolley_drive' build argument 'cmake_target' from command line to 'None'
[0.340s] Level 5:colcon.colcon_core.verb:set package 'trolley_drive' build argument 'cmake_target_skip_unavailable' from command line to 'False'
[0.340s] Level 5:colcon.colcon_core.verb:set package 'trolley_drive' build argument 'cmake_clean_cache' from command line to 'False'
[0.340s] Level 5:colcon.colcon_core.verb:set package 'trolley_drive' build argument 'cmake_clean_first' from command line to 'False'
[0.340s] Level 5:colcon.colcon_core.verb:set package 'trolley_drive' build argument 'cmake_force_configure' from command line to 'False'
[0.340s] Level 5:colcon.colcon_core.verb:set package 'trolley_drive' build argument 'ament_cmake_args' from command line to 'None'
[0.340s] Level 5:colcon.colcon_core.verb:set package 'trolley_drive' build argument 'catkin_cmake_args' from command line to 'None'
[0.340s] Level 5:colcon.colcon_core.verb:set package 'trolley_drive' build argument 'catkin_skip_building_tests' from command line to 'False'
[0.340s] DEBUG:colcon.colcon_core.verb:Building package 'trolley_drive' with the following arguments: {'ament_cmake_args': None, 'build_base': '/home/zuiken/Documents/ichosai_2026_trolley/ros2_ws/build/trolley_drive', 'catkin_cmake_args': None, 'catkin_skip_building_tests': False, 'cmake_args': None, 'cmake_clean_cache': False, 'cmake_clean_first': False, 'cmake_force_configure': False, 'cmake_target': None, 'cmake_target_skip_unavailable': False, 'install_base': '/home/zuiken/Documents/ichosai_2026_trolley/ros2_ws/install/trolley_drive', 'merge_install': False, 'path': '/home/zuiken/Documents/ichosai_2026_trolley/ros2_ws/src/trolley_drive', 'symlink_install': False, 'test_result_base': None}
[0.340s] INFO:colcon.colcon_core.executor:Executing jobs using 'parallel' executor
[0.342s] DEBUG:colcon.colcon_parallel_executor.executor.parallel:run_until_complete
[0.342s] INFO:colcon.colcon_ros.task.ament_python.build:Building ROS package in '/home/zuiken/Documents/ichosai_2026_trolley/ros2_ws/src/joy_teleop' with build type 'ament_python'
[0.342s] Level 1:colcon.colcon_core.shell:create_environment_hook('joy_teleop', 'ament_prefix_path')
[0.345s] INFO:colcon.colcon_core.plugin_system:Skipping extension 'colcon_core.shell.bat': Not used on non-Windows systems
[0.345s] INFO:colcon.colcon_core.shell:Creating environment hook '/home/zuiken/Documents/ichosai_2026_trolley/ros2_ws/install/joy_teleop/share/joy_teleop/hook/ament_prefix_path.ps1'
[0.346s] INFO:colcon.colcon_core.shell:Creating environment descriptor '/home/zuiken/Documents/ichosai_2026_trolley/ros2_ws/install/joy_teleop/share/joy_teleop/hook/ament_prefix_path.dsv'
[0.346s] INFO:colcon.colcon_core.shell:Creating environment hook '/home/zuiken/Documents/ichosai_2026_trolley/ros2_ws/install/joy_teleop/share/joy_teleop/hook/ament_prefix_path.sh'
[0.347s] INFO:colcon.colcon_core.shell:Skip shell extension 'powershell' for command environment: Not usable outside of PowerShell
[0.347s] DEBUG:colcon.colcon_core.shell:Skip shell extension 'dsv' for command environment
[0.352s] INFO:colcon.colcon_ros.task.ament_python.build:Building ROS package in '/home/zuiken/Documents/ichosai_2026_trolley/ros2_ws/src/trolley_bringup' with build type 'ament_python'
[0.353s] Level 1:colcon.colcon_core.shell:create_environment_hook('trolley_bringup', 'ament_prefix_path')
[0.353s] INFO:colcon.colcon_core.shell:Creating environment hook '/home/zuiken/Documents/ichosai_2026_trolley/ros2_ws/install/trolley_bringup/share/trolley_bringup/hook/ament_prefix_path.ps1'
[0.354s] INFO:colcon.colcon_core.shell:Creating environment descriptor '/home/zuiken/Documents/ichosai_2026_trolley/ros2_ws/install/trolley_bringup/share/trolley_bringup/hook/ament_prefix_path.dsv'
[0.354s] INFO:colcon.colcon_core.shell:Creating environment hook '/home/zuiken/Documents/ichosai_2026_trolley/ros2_ws/install/trolley_bringup/share/trolley_bringup/hook/ament_prefix_path.sh'
[0.355s] INFO:colcon.colcon_core.shell:Skip shell extension 'powershell' for command environment: Not usable outside of PowerShell
[0.355s] DEBUG:colcon.colcon_core.shell:Skip shell extension 'dsv' for command environment
[0.360s] INFO:colcon.colcon_ros.task.ament_python.build:Building ROS package in '/home/zuiken/Documents/ichosai_2026_trolley/ros2_ws/src/trolley_drive' with build type 'ament_python'
[0.360s] Level 1:colcon.colcon_core.shell:create_environment_hook('trolley_drive', 'ament_prefix_path')
[0.361s] INFO:colcon.colcon_core.shell:Creating environment hook '/home/zuiken/Documents/ichosai_2026_trolley/ros2_ws/install/trolley_drive/share/trolley_drive/hook/ament_prefix_path.ps1'
[0.361s] INFO:colcon.colcon_core.shell:Creating environment descriptor '/home/zuiken/Documents/ichosai_2026_trolley/ros2_ws/install/trolley_drive/share/trolley_drive/hook/ament_prefix_path.dsv'
[0.362s] INFO:colcon.colcon_core.shell:Creating environment hook '/home/zuiken/Documents/ichosai_2026_trolley/ros2_ws/install/trolley_drive/share/trolley_drive/hook/ament_prefix_path.sh'
[0.362s] INFO:colcon.colcon_core.shell:Skip shell extension 'powershell' for command environment: Not usable outside of PowerShell
[0.362s] DEBUG:colcon.colcon_core.shell:Skip shell extension 'dsv' for command environment
[0.683s] INFO:colcon.colcon_core.task.python.build:Building Python package in '/home/zuiken/Documents/ichosai_2026_trolley/ros2_ws/src/joy_teleop'
[0.684s] INFO:colcon.colcon_core.shell:Skip shell extension 'powershell' for command environment: Not usable outside of PowerShell
[0.684s] DEBUG:colcon.colcon_core.shell:Skip shell extension 'dsv' for command environment
[1.014s] INFO:colcon.colcon_core.task.python.build:Building Python package in '/home/zuiken/Documents/ichosai_2026_trolley/ros2_ws/src/trolley_bringup'
[1.015s] INFO:colcon.colcon_core.shell:Skip shell extension 'powershell' for command environment: Not usable outside of PowerShell
[1.015s] DEBUG:colcon.colcon_core.shell:Skip shell extension 'dsv' for command environment
[1.330s] INFO:colcon.colcon_core.task.python.build:Building Python package in '/home/zuiken/Documents/ichosai_2026_trolley/ros2_ws/src/trolley_drive'
[1.330s] INFO:colcon.colcon_core.shell:Skip shell extension 'powershell' for command environment: Not usable outside of PowerShell
[1.330s] DEBUG:colcon.colcon_core.shell:Skip shell extension 'dsv' for command environment
[2.294s] DEBUG:colcon.colcon_core.task.python.build:Available setuptools commands: clean, build, install_data, extract_messages, build_py, install_egg_info, dist_info, init_catalog, update_catalog, easy_install, register, alias, setopt, upload, develop, build_ext, test, upload_docs, compile_catalog, egg_info, install, editable_wheel, install_headers, bdist, bdist_wheel, build_clib, symlink_data, bdist_rpm, bdist_egg, rotate, check, install_scripts, sdist, bdist_dumb, build_scripts, saveopts, install_lib
[2.300s] DEBUG:colcon.colcon_core.event_handler.log_command:Invoking command in '/home/zuiken/Documents/ichosai_2026_trolley/ros2_ws/src/trolley_bringup': PYTHONPATH=/home/zuiken/Documents/ichosai_2026_trolley/ros2_ws/build/trolley_bringup/prefix_override:/usr/lib/python3/dist-packages/colcon_core/task/python/colcon_distutils_commands:/home/zuiken/Documents/ichosai_2026_trolley/ros2_ws/install/trolley_bringup/lib/python3.12/site-packages:${PYTHONPATH} /usr/bin/python3 -W ignore:setup.py install is deprecated -W ignore:easy_install command is deprecated setup.py egg_info --egg-base ../../build/trolley_bringup build --build-base /home/zuiken/Documents/ichosai_2026_trolley/ros2_ws/build/trolley_bringup/build install --record /home/zuiken/Documents/ichosai_2026_trolley/ros2_ws/build/trolley_bringup/install.log --install-scripts $base/lib/trolley_bringup --single-version-externally-managed install_data
[2.303s] DEBUG:colcon.colcon_core.task.python.build:Available setuptools commands: clean, build, install_data, extract_messages, build_py, install_egg_info, dist_info, init_catalog, update_catalog, easy_install, register, alias, setopt, upload, develop, build_ext, test, upload_docs, compile_catalog, egg_info, install, editable_wheel, install_headers, bdist, bdist_wheel, build_clib, symlink_data, bdist_rpm, bdist_egg, rotate, check, install_scripts, sdist, bdist_dumb, build_scripts, saveopts, install_lib
[2.307s] DEBUG:colcon.colcon_core.event_handler.log_command:Invoking command in '/home/zuiken/Documents/ichosai_2026_trolley/ros2_ws/src/joy_teleop': PYTHONPATH=/home/zuiken/Documents/ichosai_2026_trolley/ros2_ws/build/joy_teleop/prefix_override:/usr/lib/python3/dist-packages/colcon_core/task/python/colcon_distutils_commands:/home/zuiken/Documents/ichosai_2026_trolley/ros2_ws/install/joy_teleop/lib/python3.12/site-packages:${PYTHONPATH} /usr/bin/python3 -W ignore:setup.py install is deprecated -W ignore:easy_install command is deprecated setup.py egg_info --egg-base ../../build/joy_teleop build --build-base /home/zuiken/Documents/ichosai_2026_trolley/ros2_ws/build/joy_teleop/build install --record /home/zuiken/Documents/ichosai_2026_trolley/ros2_ws/build/joy_teleop/install.log --install-scripts $base/lib/joy_teleop --single-version-externally-managed install_data
[2.307s] DEBUG:colcon.colcon_core.task.python.build:Available setuptools commands: clean, build, install_data, extract_messages, build_py, install_egg_info, dist_info, init_catalog, update_catalog, easy_install, register, alias, setopt, upload, develop, build_ext, test, upload_docs, compile_catalog, egg_info, install, editable_wheel, install_headers, bdist, bdist_wheel, build_clib, symlink_data, bdist_rpm, bdist_egg, rotate, check, install_scripts, sdist, bdist_dumb, build_scripts, saveopts, install_lib
[2.310s] DEBUG:colcon.colcon_core.event_handler.log_command:Invoking command in '/home/zuiken/Documents/ichosai_2026_trolley/ros2_ws/src/trolley_drive': PYTHONPATH=/home/zuiken/Documents/ichosai_2026_trolley/ros2_ws/build/trolley_drive/prefix_override:/usr/lib/python3/dist-packages/colcon_core/task/python/colcon_distutils_commands:/home/zuiken/Documents/ichosai_2026_trolley/ros2_ws/install/trolley_drive/lib/python3.12/site-packages:${PYTHONPATH} /usr/bin/python3 -W ignore:setup.py install is deprecated -W ignore:easy_install command is deprecated setup.py egg_info --egg-base ../../build/trolley_drive build --build-base /home/zuiken/Documents/ichosai_2026_trolley/ros2_ws/build/trolley_drive/build install --record /home/zuiken/Documents/ichosai_2026_trolley/ros2_ws/build/trolley_drive/install.log --install-scripts $base/lib/trolley_drive --single-version-externally-managed install_data
[3.148s] DEBUG:colcon.colcon_core.event_handler.log_command:Invoked command in '/home/zuiken/Documents/ichosai_2026_trolley/ros2_ws/src/joy_teleop' returned '0': PYTHONPATH=/home/zuiken/Documents/ichosai_2026_trolley/ros2_ws/build/joy_teleop/prefix_override:/usr/lib/python3/dist-packages/colcon_core/task/python/colcon_distutils_commands:/home/zuiken/Documents/ichosai_2026_trolley/ros2_ws/install/joy_teleop/lib/python3.12/site-packages:${PYTHONPATH} /usr/bin/python3 -W ignore:setup.py install is deprecated -W ignore:easy_install command is deprecated setup.py egg_info --egg-base ../../build/joy_teleop build --build-base /home/zuiken/Documents/ichosai_2026_trolley/ros2_ws/build/joy_teleop/build install --record /home/zuiken/Documents/ichosai_2026_trolley/ros2_ws/build/joy_teleop/install.log --install-scripts $base/lib/joy_teleop --single-version-externally-managed install_data
[3.153s] Level 1:colcon.colcon_core.environment:checking '/home/zuiken/Documents/ichosai_2026_trolley/ros2_ws/install/joy_teleop' for CMake module files
[3.154s] Level 1:colcon.colcon_core.environment:checking '/home/zuiken/Documents/ichosai_2026_trolley/ros2_ws/install/joy_teleop' for CMake config files
[3.156s] Level 1:colcon.colcon_core.environment:checking '/home/zuiken/Documents/ichosai_2026_trolley/ros2_ws/install/joy_teleop/lib'
[3.156s] Level 1:colcon.colcon_core.environment:checking '/home/zuiken/Documents/ichosai_2026_trolley/ros2_ws/install/joy_teleop/bin'
[3.156s] Level 1:colcon.colcon_core.environment:checking '/home/zuiken/Documents/ichosai_2026_trolley/ros2_ws/install/joy_teleop/lib/pkgconfig/joy_teleop.pc'
[3.157s] Level 1:colcon.colcon_core.environment:checking '/home/zuiken/Documents/ichosai_2026_trolley/ros2_ws/install/joy_teleop/lib/python3.12/site-packages'
[3.157s] Level 1:colcon.colcon_core.shell:create_environment_hook('joy_teleop', 'pythonpath')
[3.157s] INFO:colcon.colcon_core.shell:Creating environment hook '/home/zuiken/Documents/ichosai_2026_trolley/ros2_ws/install/joy_teleop/share/joy_teleop/hook/pythonpath.ps1'
[3.159s] INFO:colcon.colcon_core.shell:Creating environment descriptor '/home/zuiken/Documents/ichosai_2026_trolley/ros2_ws/install/joy_teleop/share/joy_teleop/hook/pythonpath.dsv'
[3.160s] INFO:colcon.colcon_core.shell:Creating environment hook '/home/zuiken/Documents/ichosai_2026_trolley/ros2_ws/install/joy_teleop/share/joy_teleop/hook/pythonpath.sh'
[3.161s] Level 1:colcon.colcon_core.environment:checking '/home/zuiken/Documents/ichosai_2026_trolley/ros2_ws/install/joy_teleop/bin'
[3.162s] Level 1:colcon.colcon_core.environment:create_environment_scripts_only(joy_teleop)
[3.162s] INFO:colcon.colcon_core.shell:Creating package script '/home/zuiken/Documents/ichosai_2026_trolley/ros2_ws/install/joy_teleop/share/joy_teleop/package.ps1'
[3.164s] INFO:colcon.colcon_core.shell:Creating package descriptor '/home/zuiken/Documents/ichosai_2026_trolley/ros2_ws/install/joy_teleop/share/joy_teleop/package.dsv'
[3.165s] INFO:colcon.colcon_core.shell:Creating package script '/home/zuiken/Documents/ichosai_2026_trolley/ros2_ws/install/joy_teleop/share/joy_teleop/package.sh'
[3.167s] INFO:colcon.colcon_core.shell:Creating package script '/home/zuiken/Documents/ichosai_2026_trolley/ros2_ws/install/joy_teleop/share/joy_teleop/package.bash'
[3.168s] INFO:colcon.colcon_core.shell:Creating package script '/home/zuiken/Documents/ichosai_2026_trolley/ros2_ws/install/joy_teleop/share/joy_teleop/package.zsh'
[3.169s] Level 1:colcon.colcon_core.environment:create_file_with_runtime_dependencies(/home/zuiken/Documents/ichosai_2026_trolley/ros2_ws/install/joy_teleop/share/colcon-core/packages/joy_teleop)
[3.171s] Level 1:colcon.colcon_core.environment:checking '/home/zuiken/Documents/ichosai_2026_trolley/ros2_ws/install/trolley_bringup' for CMake module files
[3.171s] Level 1:colcon.colcon_core.environment:checking '/home/zuiken/Documents/ichosai_2026_trolley/ros2_ws/install/trolley_bringup' for CMake config files
[3.172s] Level 1:colcon.colcon_core.environment:checking '/home/zuiken/Documents/ichosai_2026_trolley/ros2_ws/install/trolley_bringup/lib'
[3.172s] Level 1:colcon.colcon_core.environment:checking '/home/zuiken/Documents/ichosai_2026_trolley/ros2_ws/install/trolley_bringup/bin'
[3.172s] Level 1:colcon.colcon_core.environment:checking '/home/zuiken/Documents/ichosai_2026_trolley/ros2_ws/install/trolley_bringup/lib/pkgconfig/trolley_bringup.pc'
[3.173s] Level 1:colcon.colcon_core.environment:checking '/home/zuiken/Documents/ichosai_2026_trolley/ros2_ws/install/trolley_bringup/lib/python3.12/site-packages'
[3.173s] Level 1:colcon.colcon_core.shell:create_environment_hook('trolley_bringup', 'pythonpath')
[3.173s] INFO:colcon.colcon_core.shell:Creating environment hook '/home/zuiken/Documents/ichosai_2026_trolley/ros2_ws/install/trolley_bringup/share/trolley_bringup/hook/pythonpath.ps1'
[3.174s] DEBUG:colcon.colcon_core.event_handler.log_command:Invoked command in '/home/zuiken/Documents/ichosai_2026_trolley/ros2_ws/src/trolley_bringup' returned '0': PYTHONPATH=/home/zuiken/Documents/ichosai_2026_trolley/ros2_ws/build/trolley_bringup/prefix_override:/usr/lib/python3/dist-packages/colcon_core/task/python/colcon_distutils_commands:/home/zuiken/Documents/ichosai_2026_trolley/ros2_ws/install/trolley_bringup/lib/python3.12/site-packages:${PYTHONPATH} /usr/bin/python3 -W ignore:setup.py install is deprecated -W ignore:easy_install command is deprecated setup.py egg_info --egg-base ../../build/trolley_bringup build --build-base /home/zuiken/Documents/ichosai_2026_trolley/ros2_ws/build/trolley_bringup/build install --record /home/zuiken/Documents/ichosai_2026_trolley/ros2_ws/build/trolley_bringup/install.log --install-scripts $base/lib/trolley_bringup --single-version-externally-managed install_data
[3.175s] INFO:colcon.colcon_core.shell:Creating environment descriptor '/home/zuiken/Documents/ichosai_2026_trolley/ros2_ws/install/trolley_bringup/share/trolley_bringup/hook/pythonpath.dsv'
[3.175s] INFO:colcon.colcon_core.shell:Creating environment hook '/home/zuiken/Documents/ichosai_2026_trolley/ros2_ws/install/trolley_bringup/share/trolley_bringup/hook/pythonpath.sh'
[3.177s] Level 1:colcon.colcon_core.environment:checking '/home/zuiken/Documents/ichosai_2026_trolley/ros2_ws/install/trolley_bringup/bin'
[3.177s] Level 1:colcon.colcon_core.environment:create_environment_scripts_only(trolley_bringup)
[3.177s] INFO:colcon.colcon_core.shell:Creating package script '/home/zuiken/Documents/ichosai_2026_trolley/ros2_ws/install/trolley_bringup/share/trolley_bringup/package.ps1'
[3.178s] INFO:colcon.colcon_core.shell:Creating package descriptor '/home/zuiken/Documents/ichosai_2026_trolley/ros2_ws/install/trolley_bringup/share/trolley_bringup/package.dsv'
[3.179s] INFO:colcon.colcon_core.shell:Creating package script '/home/zuiken/Documents/ichosai_2026_trolley/ros2_ws/install/trolley_bringup/share/trolley_bringup/package.sh'
[3.180s] INFO:colcon.colcon_core.shell:Creating package script '/home/zuiken/Documents/ichosai_2026_trolley/ros2_ws/install/trolley_bringup/share/trolley_bringup/package.bash'
[3.181s] INFO:colcon.colcon_core.shell:Creating package script '/home/zuiken/Documents/ichosai_2026_trolley/ros2_ws/install/trolley_bringup/share/trolley_bringup/package.zsh'
[3.181s] Level 1:colcon.colcon_core.environment:create_file_with_runtime_dependencies(/home/zuiken/Documents/ichosai_2026_trolley/ros2_ws/install/trolley_bringup/share/colcon-core/packages/trolley_bringup)
[3.188s] Level 1:colcon.colcon_core.environment:checking '/home/zuiken/Documents/ichosai_2026_trolley/ros2_ws/install/trolley_drive' for CMake module files
[3.189s] DEBUG:colcon.colcon_core.event_handler.log_command:Invoked command in '/home/zuiken/Documents/ichosai_2026_trolley/ros2_ws/src/trolley_drive' returned '0': PYTHONPATH=/home/zuiken/Documents/ichosai_2026_trolley/ros2_ws/build/trolley_drive/prefix_override:/usr/lib/python3/dist-packages/colcon_core/task/python/colcon_distutils_commands:/home/zuiken/Documents/ichosai_2026_trolley/ros2_ws/install/trolley_drive/lib/python3.12/site-packages:${PYTHONPATH} /usr/bin/python3 -W ignore:setup.py install is deprecated -W ignore:easy_install command is deprecated setup.py egg_info --egg-base ../../build/trolley_drive build --build-base /home/zuiken/Documents/ichosai_2026_trolley/ros2_ws/build/trolley_drive/build install --record /home/zuiken/Documents/ichosai_2026_trolley/ros2_ws/build/trolley_drive/install.log --install-scripts $base/lib/trolley_drive --single-version-externally-managed install_data
[3.189s] Level 1:colcon.colcon_core.environment:checking '/home/zuiken/Documents/ichosai_2026_trolley/ros2_ws/install/trolley_drive' for CMake config files
[3.190s] Level 1:colcon.colcon_core.environment:checking '/home/zuiken/Documents/ichosai_2026_trolley/ros2_ws/install/trolley_drive/lib'
[3.190s] Level 1:colcon.colcon_core.environment:checking '/home/zuiken/Documents/ichosai_2026_trolley/ros2_ws/install/trolley_drive/bin'
[3.190s] Level 1:colcon.colcon_core.environment:checking '/home/zuiken/Documents/ichosai_2026_trolley/ros2_ws/install/trolley_drive/lib/pkgconfig/trolley_drive.pc'
[3.191s] Level 1:colcon.colcon_core.environment:checking '/home/zuiken/Documents/ichosai_2026_trolley/ros2_ws/install/trolley_drive/lib/python3.12/site-packages'
[3.191s] Level 1:colcon.colcon_core.shell:create_environment_hook('trolley_drive', 'pythonpath')
[3.191s] INFO:colcon.colcon_core.shell:Creating environment hook '/home/zuiken/Documents/ichosai_2026_trolley/ros2_ws/install/trolley_drive/share/trolley_drive/hook/pythonpath.ps1'
[3.192s] INFO:colcon.colcon_core.shell:Creating environment descriptor '/home/zuiken/Documents/ichosai_2026_trolley/ros2_ws/install/trolley_drive/share/trolley_drive/hook/pythonpath.dsv'
[3.192s] INFO:colcon.colcon_core.shell:Creating environment hook '/home/zuiken/Documents/ichosai_2026_trolley/ros2_ws/install/trolley_drive/share/trolley_drive/hook/pythonpath.sh'
[3.193s] Level 1:colcon.colcon_core.environment:checking '/home/zuiken/Documents/ichosai_2026_trolley/ros2_ws/install/trolley_drive/bin'
[3.193s] Level 1:colcon.colcon_core.environment:create_environment_scripts_only(trolley_drive)
[3.194s] INFO:colcon.colcon_core.shell:Creating package script '/home/zuiken/Documents/ichosai_2026_trolley/ros2_ws/install/trolley_drive/share/trolley_drive/package.ps1'
[3.194s] INFO:colcon.colcon_core.shell:Creating package descriptor '/home/zuiken/Documents/ichosai_2026_trolley/ros2_ws/install/trolley_drive/share/trolley_drive/package.dsv'
[3.195s] INFO:colcon.colcon_core.shell:Creating package script '/home/zuiken/Documents/ichosai_2026_trolley/ros2_ws/install/trolley_drive/share/trolley_drive/package.sh'
[3.195s] INFO:colcon.colcon_core.shell:Creating package script '/home/zuiken/Documents/ichosai_2026_trolley/ros2_ws/install/trolley_drive/share/trolley_drive/package.bash'
[3.196s] INFO:colcon.colcon_core.shell:Creating package script '/home/zuiken/Documents/ichosai_2026_trolley/ros2_ws/install/trolley_drive/share/trolley_drive/package.zsh'
[3.196s] Level 1:colcon.colcon_core.environment:create_file_with_runtime_dependencies(/home/zuiken/Documents/ichosai_2026_trolley/ros2_ws/install/trolley_drive/share/colcon-core/packages/trolley_drive)
[3.196s] DEBUG:colcon.colcon_parallel_executor.executor.parallel:closing loop
[3.197s] DEBUG:colcon.colcon_parallel_executor.executor.parallel:loop closed
[3.197s] DEBUG:colcon.colcon_parallel_executor.executor.parallel:run_until_complete finished with '0'
[3.197s] DEBUG:colcon.colcon_core.event_reactor:joining thread
[3.198s] DEBUG:colcon.colcon_core.event_reactor:joined thread
[3.198s] INFO:colcon.colcon_core.shell:Creating prefix script '/home/zuiken/Documents/ichosai_2026_trolley/ros2_ws/install/local_setup.ps1'
[3.199s] INFO:colcon.colcon_core.shell:Creating prefix util module '/home/zuiken/Documents/ichosai_2026_trolley/ros2_ws/install/_local_setup_util_ps1.py'
[3.200s] INFO:colcon.colcon_core.shell:Creating prefix chain script '/home/zuiken/Documents/ichosai_2026_trolley/ros2_ws/install/setup.ps1'
[3.202s] INFO:colcon.colcon_core.shell:Creating prefix script '/home/zuiken/Documents/ichosai_2026_trolley/ros2_ws/install/local_setup.sh'
[3.203s] INFO:colcon.colcon_core.shell:Creating prefix util module '/home/zuiken/Documents/ichosai_2026_trolley/ros2_ws/install/_local_setup_util_sh.py'
[3.203s] INFO:colcon.colcon_core.shell:Creating prefix chain script '/home/zuiken/Documents/ichosai_2026_trolley/ros2_ws/install/setup.sh'
[3.205s] INFO:colcon.colcon_core.shell:Creating prefix script '/home/zuiken/Documents/ichosai_2026_trolley/ros2_ws/install/local_setup.bash'
[3.206s] INFO:colcon.colcon_core.shell:Creating prefix chain script '/home/zuiken/Documents/ichosai_2026_trolley/ros2_ws/install/setup.bash'
[3.207s] INFO:colcon.colcon_core.shell:Creating prefix script '/home/zuiken/Documents/ichosai_2026_trolley/ros2_ws/install/local_setup.zsh'
[3.208s] INFO:colcon.colcon_core.shell:Creating prefix chain script '/home/zuiken/Documents/ichosai_2026_trolley/ros2_ws/install/setup.zsh'
