[2.574s] Invoking command in '/home/zuiken/Documents/ichosai_2026_trolley/ros2_ws/src/trolley_drive': PYTHONPATH=/home/zuiken/Documents/ichosai_2026_trolley/ros2_ws/src/build/trolley_drive/prefix_override:/usr/lib/python3/dist-packages/colcon_core/task/python/colcon_distutils_commands:/home/zuiken/Documents/ichosai_2026_trolley/ros2_ws/src/install/trolley_drive/lib/python3.12/site-packages:${PYTHONPATH} /usr/bin/python3 -W ignore:setup.py install is deprecated -W ignore:easy_install command is deprecated setup.py egg_info --egg-base ../build/trolley_drive build --build-base /home/zuiken/Documents/ichosai_2026_trolley/ros2_ws/src/build/trolley_drive/build install --record /home/zuiken/Documents/ichosai_2026_trolley/ros2_ws/src/build/trolley_drive/install.log --install-scripts $base/lib/trolley_drive --single-version-externally-managed install_data
[3.100s] running egg_info
[3.131s] writing ../build/trolley_drive/trolley_drive.egg-info/PKG-INFO
[3.150s] writing dependency_links to ../build/trolley_drive/trolley_drive.egg-info/dependency_links.txt
[3.587s] writing entry points to ../build/trolley_drive/trolley_drive.egg-info/entry_points.txt
[3.587s] writing requirements to ../build/trolley_drive/trolley_drive.egg-info/requires.txt
[3.740s] writing top-level names to ../build/trolley_drive/trolley_drive.egg-info/top_level.txt
[4.026s] reading manifest file '../build/trolley_drive/trolley_drive.egg-info/SOURCES.txt'
[4.026s] writing manifest file '../build/trolley_drive/trolley_drive.egg-info/SOURCES.txt'
[4.026s] running build
[4.027s] running build_py
[4.027s] running install
[4.040s] running install_lib
[4.085s] running install_data
[4.085s] running install_egg_info
[4.120s] removing '/home/zuiken/Documents/ichosai_2026_trolley/ros2_ws/src/install/trolley_drive/lib/python3.12/site-packages/trolley_drive-0.0.0-py3.12.egg-info' (and everything under it)
[4.123s] Copying ../build/trolley_drive/trolley_drive.egg-info to /home/zuiken/Documents/ichosai_2026_trolley/ros2_ws/src/install/trolley_drive/lib/python3.12/site-packages/trolley_drive-0.0.0-py3.12.egg-info
[4.124s] running install_scripts
[4.333s] Installing drive_node script to /home/zuiken/Documents/ichosai_2026_trolley/ros2_ws/src/install/trolley_drive/lib/trolley_drive
[4.334s] writing list of installed files to '/home/zuiken/Documents/ichosai_2026_trolley/ros2_ws/src/build/trolley_drive/install.log'
[4.415s] Invoked command in '/home/zuiken/Documents/ichosai_2026_trolley/ros2_ws/src/trolley_drive' returned '0': PYTHONPATH=/home/zuiken/Documents/ichosai_2026_trolley/ros2_ws/src/build/trolley_drive/prefix_override:/usr/lib/python3/dist-packages/colcon_core/task/python/colcon_distutils_commands:/home/zuiken/Documents/ichosai_2026_trolley/ros2_ws/src/install/trolley_drive/lib/python3.12/site-packages:${PYTHONPATH} /usr/bin/python3 -W ignore:setup.py install is deprecated -W ignore:easy_install command is deprecated setup.py egg_info --egg-base ../build/trolley_drive build --build-base /home/zuiken/Documents/ichosai_2026_trolley/ros2_ws/src/build/trolley_drive/build install --record /home/zuiken/Documents/ichosai_2026_trolley/ros2_ws/src/build/trolley_drive/install.log --install-scripts $base/lib/trolley_drive --single-version-externally-managed install_data
