[0.144s] DEBUG:colcon:Command line arguments: ['/usr/bin/colcon', 'build']
[0.144s] DEBUG:colcon:Parsed command line arguments: Namespace(log_base=None, log_level=None, verb_name='build', build_base='build', install_base='install', merge_install=False, symlink_install=False, test_result_base=None, continue_on_error=False, executor='parallel', parallel_workers=4, event_handlers=None, ignore_user_meta=False, metas=['./colcon.meta'], base_paths=['.'], packages_ignore=None, packages_ignore_regex=None, paths=None, packages_up_to=None, packages_up_to_regex=None, packages_above=None, packages_above_and_dependencies=None, packages_above_depth=None, packages_select_by_dep=None, packages_skip_by_dep=None, packages_skip_up_to=None, packages_select_build_failed=False, packages_skip_build_finished=False, packages_select_test_failures=False, packages_skip_test_passed=False, packages_select=None, packages_skip=None, packages_select_regex=None, packages_skip_regex=None, packages_start=None, packages_end=None, allow_overriding=[], cmake_args=None, cmake_target=None, cmake_target_skip_unavailable=False, cmake_clean_cache=False, cmake_clean_first=False, cmake_force_configure=False, ament_cmake_args=None, catkin_cmake_args=None, catkin_skip_building_tests=False, mixin_files=None, mixin=None, verb_parser=<colcon_mixin.mixin.mixin_argument.MixinArgumentDecorator object at 0xffffa5e98f20>, verb_extension=<colcon_core.verb.build.BuildVerb object at 0xffffa605d0a0>, main=<bound method BuildVerb.main of <colcon_core.verb.build.BuildVerb object at 0xffffa605d0a0>>, mixin_verb=('build',))
[0.199s] Level 1:colcon.colcon_core.package_discovery:discover_packages(colcon_meta) check parameters
[0.199s] Level 1:colcon.colcon_core.package_discovery:discover_packages(recursive) check parameters
[0.199s] Level 1:colcon.colcon_core.package_discovery:discover_packages(ignore) check parameters
[0.200s] Level 1:colcon.colcon_core.package_discovery:discover_packages(path) check parameters
[0.200s] Level 1:colcon.colcon_core.package_discovery:discover_packages(colcon_meta) discover
[0.200s] Level 1:colcon.colcon_core.package_discovery:discover_packages(recursive) discover
[0.200s] INFO:colcon.colcon_core.package_discovery:Crawling recursively for packages in '/home/zuiken/Documents/ichosai_2026_trolley/ros2_ws/src'
[0.200s] Level 1:colcon.colcon_core.package_identification:_identify(.) by extensions ['ignore', 'ignore_ament_install']
[0.200s] Level 1:colcon.colcon_core.package_identification:_identify(.) by extension 'ignore'
[0.200s] Level 1:colcon.colcon_core.package_identification:_identify(.) by extension 'ignore_ament_install'
[0.200s] Level 1:colcon.colcon_core.package_identification:_identify(.) by extensions ['colcon_pkg']
[0.200s] Level 1:colcon.colcon_core.package_identification:_identify(.) by extension 'colcon_pkg'
[0.200s] Level 1:colcon.colcon_core.package_identification:_identify(.) by extensions ['colcon_meta']
[0.200s] Level 1:colcon.colcon_core.package_identification:_identify(.) by extension 'colcon_meta'
[0.200s] Level 1:colcon.colcon_core.package_identification:_identify(.) by extensions ['ros']
[0.200s] Level 1:colcon.colcon_core.package_identification:_identify(.) by extension 'ros'
[0.237s] Level 1:colcon.colcon_core.package_identification:_identify(.) by extensions ['cmake', 'python']
[0.237s] Level 1:colcon.colcon_core.package_identification:_identify(.) by extension 'cmake'
[0.237s] Level 1:colcon.colcon_core.package_identification:_identify(.) by extension 'python'
[0.237s] Level 1:colcon.colcon_core.package_identification:_identify(.) by extensions ['python_setup_py']
[0.237s] Level 1:colcon.colcon_core.package_identification:_identify(.) by extension 'python_setup_py'
[0.237s] Level 1:colcon.colcon_core.package_identification:_identify(build) by extensions ['ignore', 'ignore_ament_install']
[0.237s] Level 1:colcon.colcon_core.package_identification:_identify(build) by extension 'ignore'
[0.237s] Level 1:colcon.colcon_core.package_identification:_identify(build) ignored
[0.237s] Level 1:colcon.colcon_core.package_identification:_identify(install) by extensions ['ignore', 'ignore_ament_install']
[0.238s] Level 1:colcon.colcon_core.package_identification:_identify(install) by extension 'ignore'
[0.238s] Level 1:colcon.colcon_core.package_identification:_identify(install) ignored
[0.238s] Level 1:colcon.colcon_core.package_identification:_identify(joy_teleop) by extensions ['ignore', 'ignore_ament_install']
[0.238s] Level 1:colcon.colcon_core.package_identification:_identify(joy_teleop) by extension 'ignore'
[0.238s] Level 1:colcon.colcon_core.package_identification:_identify(joy_teleop) by extension 'ignore_ament_install'
[0.238s] Level 1:colcon.colcon_core.package_identification:_identify(joy_teleop) by extensions ['colcon_pkg']
[0.238s] Level 1:colcon.colcon_core.package_identification:_identify(joy_teleop) by extension 'colcon_pkg'
[0.238s] Level 1:colcon.colcon_core.package_identification:_identify(joy_teleop) by extensions ['colcon_meta']
[0.238s] Level 1:colcon.colcon_core.package_identification:_identify(joy_teleop) by extension 'colcon_meta'
[0.238s] Level 1:colcon.colcon_core.package_identification:_identify(joy_teleop) by extensions ['ros']
[0.238s] Level 1:colcon.colcon_core.package_identification:_identify(joy_teleop) by extension 'ros'
[0.241s] DEBUG:colcon.colcon_core.package_identification:Package 'joy_teleop' with type 'ros.ament_python' and name 'joy_teleop'
[0.241s] Level 1:colcon.colcon_core.package_identification:_identify(log) by extensions ['ignore', 'ignore_ament_install']
[0.242s] Level 1:colcon.colcon_core.package_identification:_identify(log) by extension 'ignore'
[0.242s] Level 1:colcon.colcon_core.package_identification:_identify(log) ignored
[0.242s] Level 1:colcon.colcon_core.package_identification:_identify(trolley_bringup) by extensions ['ignore', 'ignore_ament_install']
[0.242s] Level 1:colcon.colcon_core.package_identification:_identify(trolley_bringup) by extension 'ignore'
[0.242s] Level 1:colcon.colcon_core.package_identification:_identify(trolley_bringup) by extension 'ignore_ament_install'
[0.242s] Level 1:colcon.colcon_core.package_identification:_identify(trolley_bringup) by extensions ['colcon_pkg']
[0.242s] Level 1:colcon.colcon_core.package_identification:_identify(trolley_bringup) by extension 'colcon_pkg'
[0.242s] Level 1:colcon.colcon_core.package_identification:_identify(trolley_bringup) by extensions ['colcon_meta']
[0.242s] Level 1:colcon.colcon_core.package_identification:_identify(trolley_bringup) by extension 'colcon_meta'
[0.242s] Level 1:colcon.colcon_core.package_identification:_identify(trolley_bringup) by extensions ['ros']
[0.242s] Level 1:colcon.colcon_core.package_identification:_identify(trolley_bringup) by extension 'ros'
[0.243s] DEBUG:colcon.colcon_core.package_identification:Package 'trolley_bringup' with type 'ros.ament_python' and name 'trolley_bringup'
[0.243s] Level 1:colcon.colcon_core.package_identification:_identify(trolley_drive) by extensions ['ignore', 'ignore_ament_install']
[0.243s] Level 1:colcon.colcon_core.package_identification:_identify(trolley_drive) by extension 'ignore'
[0.243s] Level 1:colcon.colcon_core.package_identification:_identify(trolley_drive) by extension 'ignore_ament_install'
[0.243s] Level 1:colcon.colcon_core.package_identification:_identify(trolley_drive) by extensions ['colcon_pkg']
[0.243s] Level 1:colcon.colcon_core.package_identification:_identify(trolley_drive) by extension 'colcon_pkg'
[0.243s] Level 1:colcon.colcon_core.package_identification:_identify(trolley_drive) by extensions ['colcon_meta']
[0.243s] Level 1:colcon.colcon_core.package_identification:_identify(trolley_drive) by extension 'colcon_meta'
[0.243s] Level 1:colcon.colcon_core.package_identification:_identify(trolley_drive) by extensions ['ros']
[0.243s] Level 1:colcon.colcon_core.package_identification:_identify(trolley_drive) by extension 'ros'
[0.244s] DEBUG:colcon.colcon_core.package_identification:Package 'trolley_drive' with type 'ros.ament_python' and name 'trolley_drive'
[0.244s] Level 1:colcon.colcon_core.package_identification:_identify(trolley_interfaces) by extensions ['ignore', 'ignore_ament_install']
[0.244s] Level 1:colcon.colcon_core.package_identification:_identify(trolley_interfaces) by extension 'ignore'
[0.244s] Level 1:colcon.colcon_core.package_identification:_identify(trolley_interfaces) by extension 'ignore_ament_install'
[0.244s] Level 1:colcon.colcon_core.package_identification:_identify(trolley_interfaces) by extensions ['colcon_pkg']
[0.244s] Level 1:colcon.colcon_core.package_identification:_identify(trolley_interfaces) by extension 'colcon_pkg'
[0.244s] Level 1:colcon.colcon_core.package_identification:_identify(trolley_interfaces) by extensions ['colcon_meta']
[0.244s] Level 1:colcon.colcon_core.package_identification:_identify(trolley_interfaces) by extension 'colcon_meta'
[0.244s] Level 1:colcon.colcon_core.package_identification:_identify(trolley_interfaces) by extensions ['ros']
[0.244s] Level 1:colcon.colcon_core.package_identification:_identify(trolley_interfaces) by extension 'ros'
[0.245s] DEBUG:colcon.colcon_core.package_identification:Package 'trolley_interfaces' with type 'ros.ament_cmake' and name 'trolley_interfaces'
[0.245s] Level 1:colcon.colcon_core.package_discovery:discover_packages(recursive) using defaults
[0.245s] Level 1:colcon.colcon_core.package_discovery:discover_packages(ignore) discover
[0.245s] Level 1:colcon.colcon_core.package_discovery:discover_packages(ignore) using defaults
[0.245s] Level 1:colcon.colcon_core.package_discovery:discover_packages(path) discover
[0.245s] Level 1:colcon.colcon_core.package_discovery:discover_packages(path) using defaults
[0.269s] Level 1:colcon.colcon_core.package_discovery:discover_packages(prefix_path) check parameters
[0.269s] Level 1:colcon.colcon_core.package_discovery:discover_packages(prefix_path) discover
[0.271s] DEBUG:colcon.colcon_installed_package_information.package_discovery:Found 4 installed packages in /home/zuiken/Documents/ichosai_2026_trolley/ros2_ws/src/install
[0.273s] DEBUG:colcon.colcon_installed_package_information.package_discovery:Found 287 installed packages in /opt/ros/jazzy
[0.276s] Level 1:colcon.colcon_core.package_discovery:discover_packages(prefix_path) using defaults
[0.336s] Level 5:colcon.colcon_core.verb:set package 'joy_teleop' build argument 'cmake_args' from command line to 'None'
[0.336s] Level 5:colcon.colcon_core.verb:set package 'joy_teleop' build argument 'cmake_target' from command line to 'None'
[0.336s] Level 5:colcon.colcon_core.verb:set package 'joy_teleop' build argument 'cmake_target_skip_unavailable' from command line to 'False'
[0.336s] Level 5:colcon.colcon_core.verb:set package 'joy_teleop' build argument 'cmake_clean_cache' from command line to 'False'
[0.336s] Level 5:colcon.colcon_core.verb:set package 'joy_teleop' build argument 'cmake_clean_first' from command line to 'False'
[0.336s] Level 5:colcon.colcon_core.verb:set package 'joy_teleop' build argument 'cmake_force_configure' from command line to 'False'
[0.336s] Level 5:colcon.colcon_core.verb:set package 'joy_teleop' build argument 'ament_cmake_args' from command line to 'None'
[0.336s] Level 5:colcon.colcon_core.verb:set package 'joy_teleop' build argument 'catkin_cmake_args' from command line to 'None'
[0.336s] Level 5:colcon.colcon_core.verb:set package 'joy_teleop' build argument 'catkin_skip_building_tests' from command line to 'False'
[0.336s] DEBUG:colcon.colcon_core.verb:Building package 'joy_teleop' with the following arguments: {'ament_cmake_args': None, 'build_base': '/home/zuiken/Documents/ichosai_2026_trolley/ros2_ws/src/build/joy_teleop', 'catkin_cmake_args': None, 'catkin_skip_building_tests': False, 'cmake_args': None, 'cmake_clean_cache': False, 'cmake_clean_first': False, 'cmake_force_configure': False, 'cmake_target': None, 'cmake_target_skip_unavailable': False, 'install_base': '/home/zuiken/Documents/ichosai_2026_trolley/ros2_ws/src/install/joy_teleop', 'merge_install': False, 'path': '/home/zuiken/Documents/ichosai_2026_trolley/ros2_ws/src/joy_teleop', 'symlink_install': False, 'test_result_base': None}
[0.337s] Level 5:colcon.colcon_core.verb:set package 'trolley_bringup' build argument 'cmake_args' from command line to 'None'
[0.337s] Level 5:colcon.colcon_core.verb:set package 'trolley_bringup' build argument 'cmake_target' from command line to 'None'
[0.337s] Level 5:colcon.colcon_core.verb:set package 'trolley_bringup' build argument 'cmake_target_skip_unavailable' from command line to 'False'
[0.337s] Level 5:colcon.colcon_core.verb:set package 'trolley_bringup' build argument 'cmake_clean_cache' from command line to 'False'
[0.337s] Level 5:colcon.colcon_core.verb:set package 'trolley_bringup' build argument 'cmake_clean_first' from command line to 'False'
[0.337s] Level 5:colcon.colcon_core.verb:set package 'trolley_bringup' build argument 'cmake_force_configure' from command line to 'False'
[0.337s] Level 5:colcon.colcon_core.verb:set package 'trolley_bringup' build argument 'ament_cmake_args' from command line to 'None'
[0.337s] Level 5:colcon.colcon_core.verb:set package 'trolley_bringup' build argument 'catkin_cmake_args' from command line to 'None'
[0.337s] Level 5:colcon.colcon_core.verb:set package 'trolley_bringup' build argument 'catkin_skip_building_tests' from command line to 'False'
[0.337s] DEBUG:colcon.colcon_core.verb:Building package 'trolley_bringup' with the following arguments: {'ament_cmake_args': None, 'build_base': '/home/zuiken/Documents/ichosai_2026_trolley/ros2_ws/src/build/trolley_bringup', 'catkin_cmake_args': None, 'catkin_skip_building_tests': False, 'cmake_args': None, 'cmake_clean_cache': False, 'cmake_clean_first': False, 'cmake_force_configure': False, 'cmake_target': None, 'cmake_target_skip_unavailable': False, 'install_base': '/home/zuiken/Documents/ichosai_2026_trolley/ros2_ws/src/install/trolley_bringup', 'merge_install': False, 'path': '/home/zuiken/Documents/ichosai_2026_trolley/ros2_ws/src/trolley_bringup', 'symlink_install': False, 'test_result_base': None}
[0.337s] Level 5:colcon.colcon_core.verb:set package 'trolley_drive' build argument 'cmake_args' from command line to 'None'
[0.337s] Level 5:colcon.colcon_core.verb:set package 'trolley_drive' build argument 'cmake_target' from command line to 'None'
[0.337s] Level 5:colcon.colcon_core.verb:set package 'trolley_drive' build argument 'cmake_target_skip_unavailable' from command line to 'False'
[0.337s] Level 5:colcon.colcon_core.verb:set package 'trolley_drive' build argument 'cmake_clean_cache' from command line to 'False'
[0.337s] Level 5:colcon.colcon_core.verb:set package 'trolley_drive' build argument 'cmake_clean_first' from command line to 'False'
[0.337s] Level 5:colcon.colcon_core.verb:set package 'trolley_drive' build argument 'cmake_force_configure' from command line to 'False'
[0.337s] Level 5:colcon.colcon_core.verb:set package 'trolley_drive' build argument 'ament_cmake_args' from command line to 'None'
[0.337s] Level 5:colcon.colcon_core.verb:set package 'trolley_drive' build argument 'catkin_cmake_args' from command line to 'None'
[0.338s] Level 5:colcon.colcon_core.verb:set package 'trolley_drive' build argument 'catkin_skip_building_tests' from command line to 'False'
[0.338s] DEBUG:colcon.colcon_core.verb:Building package 'trolley_drive' with the following arguments: {'ament_cmake_args': None, 'build_base': '/home/zuiken/Documents/ichosai_2026_trolley/ros2_ws/src/build/trolley_drive', 'catkin_cmake_args': None, 'catkin_skip_building_tests': False, 'cmake_args': None, 'cmake_clean_cache': False, 'cmake_clean_first': False, 'cmake_force_configure': False, 'cmake_target': None, 'cmake_target_skip_unavailable': False, 'install_base': '/home/zuiken/Documents/ichosai_2026_trolley/ros2_ws/src/install/trolley_drive', 'merge_install': False, 'path': '/home/zuiken/Documents/ichosai_2026_trolley/ros2_ws/src/trolley_drive', 'symlink_install': False, 'test_result_base': None}
[0.338s] Level 5:colcon.colcon_core.verb:set package 'trolley_interfaces' build argument 'cmake_args' from command line to 'None'
[0.338s] Level 5:colcon.colcon_core.verb:set package 'trolley_interfaces' build argument 'cmake_target' from command line to 'None'
[0.338s] Level 5:colcon.colcon_core.verb:set package 'trolley_interfaces' build argument 'cmake_target_skip_unavailable' from command line to 'False'
[0.338s] Level 5:colcon.colcon_core.verb:set package 'trolley_interfaces' build argument 'cmake_clean_cache' from command line to 'False'
[0.338s] Level 5:colcon.colcon_core.verb:set package 'trolley_interfaces' build argument 'cmake_clean_first' from command line to 'False'
[0.338s] Level 5:colcon.colcon_core.verb:set package 'trolley_interfaces' build argument 'cmake_force_configure' from command line to 'False'
[0.338s] Level 5:colcon.colcon_core.verb:set package 'trolley_interfaces' build argument 'ament_cmake_args' from command line to 'None'
[0.338s] Level 5:colcon.colcon_core.verb:set package 'trolley_interfaces' build argument 'catkin_cmake_args' from command line to 'None'
[0.338s] Level 5:colcon.colcon_core.verb:set package 'trolley_interfaces' build argument 'catkin_skip_building_tests' from command line to 'False'
[0.338s] DEBUG:colcon.colcon_core.verb:Building package 'trolley_interfaces' with the following arguments: {'ament_cmake_args': None, 'build_base': '/home/zuiken/Documents/ichosai_2026_trolley/ros2_ws/src/build/trolley_interfaces', 'catkin_cmake_args': None, 'catkin_skip_building_tests': False, 'cmake_args': None, 'cmake_clean_cache': False, 'cmake_clean_first': False, 'cmake_force_configure': False, 'cmake_target': None, 'cmake_target_skip_unavailable': False, 'install_base': '/home/zuiken/Documents/ichosai_2026_trolley/ros2_ws/src/install/trolley_interfaces', 'merge_install': False, 'path': '/home/zuiken/Documents/ichosai_2026_trolley/ros2_ws/src/trolley_interfaces', 'symlink_install': False, 'test_result_base': None}
[0.338s] INFO:colcon.colcon_core.executor:Executing jobs using 'parallel' executor
[0.340s] DEBUG:colcon.colcon_parallel_executor.executor.parallel:run_until_complete
[0.340s] INFO:colcon.colcon_ros.task.ament_python.build:Building ROS package in '/home/zuiken/Documents/ichosai_2026_trolley/ros2_ws/src/joy_teleop' with build type 'ament_python'
[0.340s] Level 1:colcon.colcon_core.shell:create_environment_hook('joy_teleop', 'ament_prefix_path')
[0.342s] INFO:colcon.colcon_core.plugin_system:Skipping extension 'colcon_core.shell.bat': Not used on non-Windows systems
[0.343s] INFO:colcon.colcon_core.shell:Creating environment hook '/home/zuiken/Documents/ichosai_2026_trolley/ros2_ws/src/install/joy_teleop/share/joy_teleop/hook/ament_prefix_path.ps1'
[0.344s] INFO:colcon.colcon_core.shell:Creating environment descriptor '/home/zuiken/Documents/ichosai_2026_trolley/ros2_ws/src/install/joy_teleop/share/joy_teleop/hook/ament_prefix_path.dsv'
[0.344s] INFO:colcon.colcon_core.shell:Creating environment hook '/home/zuiken/Documents/ichosai_2026_trolley/ros2_ws/src/install/joy_teleop/share/joy_teleop/hook/ament_prefix_path.sh'
[0.345s] INFO:colcon.colcon_core.shell:Skip shell extension 'powershell' for command environment: Not usable outside of PowerShell
[0.345s] DEBUG:colcon.colcon_core.shell:Skip shell extension 'dsv' for command environment
[0.350s] INFO:colcon.colcon_ros.task.ament_python.build:Building ROS package in '/home/zuiken/Documents/ichosai_2026_trolley/ros2_ws/src/trolley_bringup' with build type 'ament_python'
[0.350s] Level 1:colcon.colcon_core.shell:create_environment_hook('trolley_bringup', 'ament_prefix_path')
[0.350s] INFO:colcon.colcon_core.shell:Creating environment hook '/home/zuiken/Documents/ichosai_2026_trolley/ros2_ws/src/install/trolley_bringup/share/trolley_bringup/hook/ament_prefix_path.ps1'
[0.351s] INFO:colcon.colcon_core.shell:Creating environment descriptor '/home/zuiken/Documents/ichosai_2026_trolley/ros2_ws/src/install/trolley_bringup/share/trolley_bringup/hook/ament_prefix_path.dsv'
[0.352s] INFO:colcon.colcon_core.shell:Creating environment hook '/home/zuiken/Documents/ichosai_2026_trolley/ros2_ws/src/install/trolley_bringup/share/trolley_bringup/hook/ament_prefix_path.sh'
[0.353s] INFO:colcon.colcon_core.shell:Skip shell extension 'powershell' for command environment: Not usable outside of PowerShell
[0.353s] DEBUG:colcon.colcon_core.shell:Skip shell extension 'dsv' for command environment
[0.357s] INFO:colcon.colcon_ros.task.ament_python.build:Building ROS package in '/home/zuiken/Documents/ichosai_2026_trolley/ros2_ws/src/trolley_drive' with build type 'ament_python'
[0.357s] Level 1:colcon.colcon_core.shell:create_environment_hook('trolley_drive', 'ament_prefix_path')
[0.358s] INFO:colcon.colcon_core.shell:Creating environment hook '/home/zuiken/Documents/ichosai_2026_trolley/ros2_ws/src/install/trolley_drive/share/trolley_drive/hook/ament_prefix_path.ps1'
[0.359s] INFO:colcon.colcon_core.shell:Creating environment descriptor '/home/zuiken/Documents/ichosai_2026_trolley/ros2_ws/src/install/trolley_drive/share/trolley_drive/hook/ament_prefix_path.dsv'
[0.359s] INFO:colcon.colcon_core.shell:Creating environment hook '/home/zuiken/Documents/ichosai_2026_trolley/ros2_ws/src/install/trolley_drive/share/trolley_drive/hook/ament_prefix_path.sh'
[0.360s] INFO:colcon.colcon_core.shell:Skip shell extension 'powershell' for command environment: Not usable outside of PowerShell
[0.360s] DEBUG:colcon.colcon_core.shell:Skip shell extension 'dsv' for command environment
[0.365s] INFO:colcon.colcon_ros.task.ament_cmake.build:Building ROS package in '/home/zuiken/Documents/ichosai_2026_trolley/ros2_ws/src/trolley_interfaces' with build type 'ament_cmake'
[0.365s] INFO:colcon.colcon_cmake.task.cmake.build:Building CMake package in '/home/zuiken/Documents/ichosai_2026_trolley/ros2_ws/src/trolley_interfaces'
[0.365s] INFO:colcon.colcon_core.shell:Skip shell extension 'powershell' for command environment: Not usable outside of PowerShell
[0.365s] DEBUG:colcon.colcon_core.shell:Skip shell extension 'dsv' for command environment
[0.682s] INFO:colcon.colcon_core.task.python.build:Building Python package in '/home/zuiken/Documents/ichosai_2026_trolley/ros2_ws/src/joy_teleop'
[0.683s] INFO:colcon.colcon_core.shell:Skip shell extension 'powershell' for command environment: Not usable outside of PowerShell
[0.683s] DEBUG:colcon.colcon_core.shell:Skip shell extension 'dsv' for command environment
[1.006s] INFO:colcon.colcon_core.task.python.build:Building Python package in '/home/zuiken/Documents/ichosai_2026_trolley/ros2_ws/src/trolley_bringup'
[1.007s] INFO:colcon.colcon_core.shell:Skip shell extension 'powershell' for command environment: Not usable outside of PowerShell
[1.007s] DEBUG:colcon.colcon_core.shell:Skip shell extension 'dsv' for command environment
[1.321s] INFO:colcon.colcon_core.task.python.build:Building Python package in '/home/zuiken/Documents/ichosai_2026_trolley/ros2_ws/src/trolley_drive'
[1.321s] INFO:colcon.colcon_core.shell:Skip shell extension 'powershell' for command environment: Not usable outside of PowerShell
[1.321s] DEBUG:colcon.colcon_core.shell:Skip shell extension 'dsv' for command environment
[1.333s] DEBUG:colcon.colcon_core.event_handler.log_command:Invoking command in '/home/zuiken/Documents/ichosai_2026_trolley/ros2_ws/src/build/trolley_interfaces': CMAKE_PREFIX_PATH=${CMAKE_PREFIX_PATH}:/home/zuiken/Documents/ichosai_2026_trolley/ros2_ws/src/install/trolley_drive:/home/zuiken/Documents/ichosai_2026_trolley/ros2_ws/src/install/trolley_bringup:/home/zuiken/Documents/ichosai_2026_trolley/ros2_ws/src/install/joy_teleop:/opt/ros/jazzy /usr/bin/cmake --build /home/zuiken/Documents/ichosai_2026_trolley/ros2_ws/src/build/trolley_interfaces -- -j4 -l4
[1.422s] DEBUG:colcon.colcon_core.event_handler.log_command:Invoked command in '/home/zuiken/Documents/ichosai_2026_trolley/ros2_ws/src/build/trolley_interfaces' returned '0': CMAKE_PREFIX_PATH=${CMAKE_PREFIX_PATH}:/home/zuiken/Documents/ichosai_2026_trolley/ros2_ws/src/install/trolley_drive:/home/zuiken/Documents/ichosai_2026_trolley/ros2_ws/src/install/trolley_bringup:/home/zuiken/Documents/ichosai_2026_trolley/ros2_ws/src/install/joy_teleop:/opt/ros/jazzy /usr/bin/cmake --build /home/zuiken/Documents/ichosai_2026_trolley/ros2_ws/src/build/trolley_interfaces -- -j4 -l4
[1.444s] DEBUG:colcon.colcon_core.event_handler.log_command:Invoking command in '/home/zuiken/Documents/ichosai_2026_trolley/ros2_ws/src/build/trolley_interfaces': CMAKE_PREFIX_PATH=${CMAKE_PREFIX_PATH}:/home/zuiken/Documents/ichosai_2026_trolley/ros2_ws/src/install/trolley_drive:/home/zuiken/Documents/ichosai_2026_trolley/ros2_ws/src/install/trolley_bringup:/home/zuiken/Documents/ichosai_2026_trolley/ros2_ws/src/install/joy_teleop:/opt/ros/jazzy /usr/bin/cmake --install /home/zuiken/Documents/ichosai_2026_trolley/ros2_ws/src/build/trolley_interfaces
[1.468s] Level 1:colcon.colcon_core.environment:create_environment_scripts_only(trolley_interfaces)
[1.470s] DEBUG:colcon.colcon_core.event_handler.log_command:Invoked command in '/home/zuiken/Documents/ichosai_2026_trolley/ros2_ws/src/build/trolley_interfaces' returned '0': CMAKE_PREFIX_PATH=${CMAKE_PREFIX_PATH}:/home/zuiken/Documents/ichosai_2026_trolley/ros2_ws/src/install/trolley_drive:/home/zuiken/Documents/ichosai_2026_trolley/ros2_ws/src/install/trolley_bringup:/home/zuiken/Documents/ichosai_2026_trolley/ros2_ws/src/install/joy_teleop:/opt/ros/jazzy /usr/bin/cmake --install /home/zuiken/Documents/ichosai_2026_trolley/ros2_ws/src/build/trolley_interfaces
[1.473s] Level 1:colcon.colcon_core.environment:checking '/home/zuiken/Documents/ichosai_2026_trolley/ros2_ws/src/install/trolley_interfaces' for CMake module files
[1.475s] Level 1:colcon.colcon_core.environment:checking '/home/zuiken/Documents/ichosai_2026_trolley/ros2_ws/src/install/trolley_interfaces' for CMake config files
[1.475s] Level 1:colcon.colcon_core.shell:create_environment_hook('trolley_interfaces', 'cmake_prefix_path')
[1.476s] INFO:colcon.colcon_core.shell:Creating environment hook '/home/zuiken/Documents/ichosai_2026_trolley/ros2_ws/src/install/trolley_interfaces/share/trolley_interfaces/hook/cmake_prefix_path.ps1'
[1.477s] INFO:colcon.colcon_core.shell:Creating environment descriptor '/home/zuiken/Documents/ichosai_2026_trolley/ros2_ws/src/install/trolley_interfaces/share/trolley_interfaces/hook/cmake_prefix_path.dsv'
[1.478s] INFO:colcon.colcon_core.shell:Creating environment hook '/home/zuiken/Documents/ichosai_2026_trolley/ros2_ws/src/install/trolley_interfaces/share/trolley_interfaces/hook/cmake_prefix_path.sh'
[1.479s] Level 1:colcon.colcon_core.environment:checking '/home/zuiken/Documents/ichosai_2026_trolley/ros2_ws/src/install/trolley_interfaces/bin'
[1.479s] Level 1:colcon.colcon_core.environment:checking '/home/zuiken/Documents/ichosai_2026_trolley/ros2_ws/src/install/trolley_interfaces/lib/pkgconfig/trolley_interfaces.pc'
[1.480s] Level 1:colcon.colcon_core.environment:checking '/home/zuiken/Documents/ichosai_2026_trolley/ros2_ws/src/install/trolley_interfaces/lib/python3.12/site-packages'
[1.481s] Level 1:colcon.colcon_core.environment:checking '/home/zuiken/Documents/ichosai_2026_trolley/ros2_ws/src/install/trolley_interfaces/bin'
[1.482s] INFO:colcon.colcon_core.shell:Creating package script '/home/zuiken/Documents/ichosai_2026_trolley/ros2_ws/src/install/trolley_interfaces/share/trolley_interfaces/package.ps1'
[1.484s] INFO:colcon.colcon_core.shell:Creating package descriptor '/home/zuiken/Documents/ichosai_2026_trolley/ros2_ws/src/install/trolley_interfaces/share/trolley_interfaces/package.dsv'
[1.485s] INFO:colcon.colcon_core.shell:Creating package script '/home/zuiken/Documents/ichosai_2026_trolley/ros2_ws/src/install/trolley_interfaces/share/trolley_interfaces/package.sh'
[1.486s] INFO:colcon.colcon_core.shell:Creating package script '/home/zuiken/Documents/ichosai_2026_trolley/ros2_ws/src/install/trolley_interfaces/share/trolley_interfaces/package.bash'
[1.487s] INFO:colcon.colcon_core.shell:Creating package script '/home/zuiken/Documents/ichosai_2026_trolley/ros2_ws/src/install/trolley_interfaces/share/trolley_interfaces/package.zsh'
[1.489s] Level 1:colcon.colcon_core.environment:create_file_with_runtime_dependencies(/home/zuiken/Documents/ichosai_2026_trolley/ros2_ws/src/install/trolley_interfaces/share/colcon-core/packages/trolley_interfaces)
[1.490s] Level 1:colcon.colcon_core.environment:create_environment_scripts_only(trolley_interfaces)
[1.491s] Level 1:colcon.colcon_core.environment:checking '/home/zuiken/Documents/ichosai_2026_trolley/ros2_ws/src/install/trolley_interfaces' for CMake module files
[1.492s] Level 1:colcon.colcon_core.environment:checking '/home/zuiken/Documents/ichosai_2026_trolley/ros2_ws/src/install/trolley_interfaces' for CMake config files
[1.493s] Level 1:colcon.colcon_core.shell:create_environment_hook('trolley_interfaces', 'cmake_prefix_path')
[1.493s] INFO:colcon.colcon_core.shell:Creating environment hook '/home/zuiken/Documents/ichosai_2026_trolley/ros2_ws/src/install/trolley_interfaces/share/trolley_interfaces/hook/cmake_prefix_path.ps1'
[1.494s] INFO:colcon.colcon_core.shell:Creating environment descriptor '/home/zuiken/Documents/ichosai_2026_trolley/ros2_ws/src/install/trolley_interfaces/share/trolley_interfaces/hook/cmake_prefix_path.dsv'
[1.495s] INFO:colcon.colcon_core.shell:Creating environment hook '/home/zuiken/Documents/ichosai_2026_trolley/ros2_ws/src/install/trolley_interfaces/share/trolley_interfaces/hook/cmake_prefix_path.sh'
[1.506s] Level 1:colcon.colcon_core.environment:checking '/home/zuiken/Documents/ichosai_2026_trolley/ros2_ws/src/install/trolley_interfaces/bin'
[1.507s] Level 1:colcon.colcon_core.environment:checking '/home/zuiken/Documents/ichosai_2026_trolley/ros2_ws/src/install/trolley_interfaces/lib/pkgconfig/trolley_interfaces.pc'
[1.507s] Level 1:colcon.colcon_core.environment:checking '/home/zuiken/Documents/ichosai_2026_trolley/ros2_ws/src/install/trolley_interfaces/lib/python3.12/site-packages'
[1.508s] Level 1:colcon.colcon_core.environment:checking '/home/zuiken/Documents/ichosai_2026_trolley/ros2_ws/src/install/trolley_interfaces/bin'
[1.509s] INFO:colcon.colcon_core.shell:Creating package script '/home/zuiken/Documents/ichosai_2026_trolley/ros2_ws/src/install/trolley_interfaces/share/trolley_interfaces/package.ps1'
[1.510s] INFO:colcon.colcon_core.shell:Creating package descriptor '/home/zuiken/Documents/ichosai_2026_trolley/ros2_ws/src/install/trolley_interfaces/share/trolley_interfaces/package.dsv'
[1.511s] INFO:colcon.colcon_core.shell:Creating package script '/home/zuiken/Documents/ichosai_2026_trolley/ros2_ws/src/install/trolley_interfaces/share/trolley_interfaces/package.sh'
[1.512s] INFO:colcon.colcon_core.shell:Creating package script '/home/zuiken/Documents/ichosai_2026_trolley/ros2_ws/src/install/trolley_interfaces/share/trolley_interfaces/package.bash'
[1.513s] INFO:colcon.colcon_core.shell:Creating package script '/home/zuiken/Documents/ichosai_2026_trolley/ros2_ws/src/install/trolley_interfaces/share/trolley_interfaces/package.zsh'
[1.514s] Level 1:colcon.colcon_core.environment:create_file_with_runtime_dependencies(/home/zuiken/Documents/ichosai_2026_trolley/ros2_ws/src/install/trolley_interfaces/share/colcon-core/packages/trolley_interfaces)
[2.326s] DEBUG:colcon.colcon_core.task.python.build:Available setuptools commands: editable_wheel, build, build_ext, sdist, compile_catalog, update_catalog, bdist_egg, bdist, upload, build_py, bdist_wheel, extract_messages, saveopts, install, build_clib, bdist_rpm, register, dist_info, test, upload_docs, develop, install_egg_info, check, setopt, rotate, init_catalog, build_scripts, easy_install, install_scripts, alias, bdist_dumb, symlink_data, clean, install_headers, egg_info, install_lib, install_data
[2.330s] DEBUG:colcon.colcon_core.event_handler.log_command:Invoking command in '/home/zuiken/Documents/ichosai_2026_trolley/ros2_ws/src/joy_teleop': PYTHONPATH=/home/zuiken/Documents/ichosai_2026_trolley/ros2_ws/src/build/joy_teleop/prefix_override:/usr/lib/python3/dist-packages/colcon_core/task/python/colcon_distutils_commands:/home/zuiken/Documents/ichosai_2026_trolley/ros2_ws/src/install/joy_teleop/lib/python3.12/site-packages:${PYTHONPATH} /usr/bin/python3 -W ignore:setup.py install is deprecated -W ignore:easy_install command is deprecated setup.py egg_info --egg-base ../build/joy_teleop build --build-base /home/zuiken/Documents/ichosai_2026_trolley/ros2_ws/src/build/joy_teleop/build install --record /home/zuiken/Documents/ichosai_2026_trolley/ros2_ws/src/build/joy_teleop/install.log --install-scripts $base/lib/joy_teleop --single-version-externally-managed install_data
[2.342s] DEBUG:colcon.colcon_core.task.python.build:Available setuptools commands: editable_wheel, build, build_ext, sdist, compile_catalog, update_catalog, bdist_egg, bdist, upload, build_py, bdist_wheel, extract_messages, saveopts, install, build_clib, bdist_rpm, register, dist_info, test, upload_docs, develop, install_egg_info, check, setopt, rotate, init_catalog, build_scripts, easy_install, install_scripts, alias, bdist_dumb, symlink_data, clean, install_headers, egg_info, install_lib, install_data
[2.345s] DEBUG:colcon.colcon_core.event_handler.log_command:Invoking command in '/home/zuiken/Documents/ichosai_2026_trolley/ros2_ws/src/trolley_drive': PYTHONPATH=/home/zuiken/Documents/ichosai_2026_trolley/ros2_ws/src/build/trolley_drive/prefix_override:/usr/lib/python3/dist-packages/colcon_core/task/python/colcon_distutils_commands:/home/zuiken/Documents/ichosai_2026_trolley/ros2_ws/src/install/trolley_drive/lib/python3.12/site-packages:${PYTHONPATH} /usr/bin/python3 -W ignore:setup.py install is deprecated -W ignore:easy_install command is deprecated setup.py egg_info --egg-base ../build/trolley_drive build --build-base /home/zuiken/Documents/ichosai_2026_trolley/ros2_ws/src/build/trolley_drive/build install --record /home/zuiken/Documents/ichosai_2026_trolley/ros2_ws/src/build/trolley_drive/install.log --install-scripts $base/lib/trolley_drive --single-version-externally-managed install_data
[2.347s] DEBUG:colcon.colcon_core.task.python.build:Available setuptools commands: editable_wheel, build, build_ext, sdist, compile_catalog, update_catalog, bdist_egg, bdist, upload, build_py, bdist_wheel, extract_messages, saveopts, install, build_clib, bdist_rpm, register, dist_info, test, upload_docs, develop, install_egg_info, check, setopt, rotate, init_catalog, build_scripts, easy_install, install_scripts, alias, bdist_dumb, symlink_data, clean, install_headers, egg_info, install_lib, install_data
[2.350s] DEBUG:colcon.colcon_core.event_handler.log_command:Invoking command in '/home/zuiken/Documents/ichosai_2026_trolley/ros2_ws/src/trolley_bringup': PYTHONPATH=/home/zuiken/Documents/ichosai_2026_trolley/ros2_ws/src/build/trolley_bringup/prefix_override:/usr/lib/python3/dist-packages/colcon_core/task/python/colcon_distutils_commands:/home/zuiken/Documents/ichosai_2026_trolley/ros2_ws/src/install/trolley_bringup/lib/python3.12/site-packages:${PYTHONPATH} /usr/bin/python3 -W ignore:setup.py install is deprecated -W ignore:easy_install command is deprecated setup.py egg_info --egg-base ../build/trolley_bringup build --build-base /home/zuiken/Documents/ichosai_2026_trolley/ros2_ws/src/build/trolley_bringup/build install --record /home/zuiken/Documents/ichosai_2026_trolley/ros2_ws/src/build/trolley_bringup/install.log --install-scripts $base/lib/trolley_bringup --single-version-externally-managed install_data
[3.202s] Level 1:colcon.colcon_core.environment:checking '/home/zuiken/Documents/ichosai_2026_trolley/ros2_ws/src/install/joy_teleop' for CMake module files
[3.203s] Level 1:colcon.colcon_core.environment:checking '/home/zuiken/Documents/ichosai_2026_trolley/ros2_ws/src/install/joy_teleop' for CMake config files
[3.205s] DEBUG:colcon.colcon_core.event_handler.log_command:Invoked command in '/home/zuiken/Documents/ichosai_2026_trolley/ros2_ws/src/joy_teleop' returned '0': PYTHONPATH=/home/zuiken/Documents/ichosai_2026_trolley/ros2_ws/src/build/joy_teleop/prefix_override:/usr/lib/python3/dist-packages/colcon_core/task/python/colcon_distutils_commands:/home/zuiken/Documents/ichosai_2026_trolley/ros2_ws/src/install/joy_teleop/lib/python3.12/site-packages:${PYTHONPATH} /usr/bin/python3 -W ignore:setup.py install is deprecated -W ignore:easy_install command is deprecated setup.py egg_info --egg-base ../build/joy_teleop build --build-base /home/zuiken/Documents/ichosai_2026_trolley/ros2_ws/src/build/joy_teleop/build install --record /home/zuiken/Documents/ichosai_2026_trolley/ros2_ws/src/build/joy_teleop/install.log --install-scripts $base/lib/joy_teleop --single-version-externally-managed install_data
[3.205s] Level 1:colcon.colcon_core.environment:checking '/home/zuiken/Documents/ichosai_2026_trolley/ros2_ws/src/install/joy_teleop/lib'
[3.206s] Level 1:colcon.colcon_core.environment:checking '/home/zuiken/Documents/ichosai_2026_trolley/ros2_ws/src/install/joy_teleop/bin'
[3.206s] Level 1:colcon.colcon_core.environment:checking '/home/zuiken/Documents/ichosai_2026_trolley/ros2_ws/src/install/joy_teleop/lib/pkgconfig/joy_teleop.pc'
[3.207s] Level 1:colcon.colcon_core.environment:checking '/home/zuiken/Documents/ichosai_2026_trolley/ros2_ws/src/install/joy_teleop/lib/python3.12/site-packages'
[3.207s] Level 1:colcon.colcon_core.shell:create_environment_hook('joy_teleop', 'pythonpath')
[3.208s] INFO:colcon.colcon_core.shell:Creating environment hook '/home/zuiken/Documents/ichosai_2026_trolley/ros2_ws/src/install/joy_teleop/share/joy_teleop/hook/pythonpath.ps1'
[3.209s] INFO:colcon.colcon_core.shell:Creating environment descriptor '/home/zuiken/Documents/ichosai_2026_trolley/ros2_ws/src/install/joy_teleop/share/joy_teleop/hook/pythonpath.dsv'
[3.211s] INFO:colcon.colcon_core.shell:Creating environment hook '/home/zuiken/Documents/ichosai_2026_trolley/ros2_ws/src/install/joy_teleop/share/joy_teleop/hook/pythonpath.sh'
[3.212s] Level 1:colcon.colcon_core.environment:checking '/home/zuiken/Documents/ichosai_2026_trolley/ros2_ws/src/install/joy_teleop/bin'
[3.213s] Level 1:colcon.colcon_core.environment:create_environment_scripts_only(joy_teleop)
[3.213s] INFO:colcon.colcon_core.shell:Creating package script '/home/zuiken/Documents/ichosai_2026_trolley/ros2_ws/src/install/joy_teleop/share/joy_teleop/package.ps1'
[3.214s] INFO:colcon.colcon_core.shell:Creating package descriptor '/home/zuiken/Documents/ichosai_2026_trolley/ros2_ws/src/install/joy_teleop/share/joy_teleop/package.dsv'
[3.215s] INFO:colcon.colcon_core.shell:Creating package script '/home/zuiken/Documents/ichosai_2026_trolley/ros2_ws/src/install/joy_teleop/share/joy_teleop/package.sh'
[3.216s] INFO:colcon.colcon_core.shell:Creating package script '/home/zuiken/Documents/ichosai_2026_trolley/ros2_ws/src/install/joy_teleop/share/joy_teleop/package.bash'
[3.216s] INFO:colcon.colcon_core.shell:Creating package script '/home/zuiken/Documents/ichosai_2026_trolley/ros2_ws/src/install/joy_teleop/share/joy_teleop/package.zsh'
[3.217s] Level 1:colcon.colcon_core.environment:create_file_with_runtime_dependencies(/home/zuiken/Documents/ichosai_2026_trolley/ros2_ws/src/install/joy_teleop/share/colcon-core/packages/joy_teleop)
[3.219s] Level 1:colcon.colcon_core.environment:checking '/home/zuiken/Documents/ichosai_2026_trolley/ros2_ws/src/install/trolley_drive' for CMake module files
[3.220s] DEBUG:colcon.colcon_core.event_handler.log_command:Invoked command in '/home/zuiken/Documents/ichosai_2026_trolley/ros2_ws/src/trolley_drive' returned '0': PYTHONPATH=/home/zuiken/Documents/ichosai_2026_trolley/ros2_ws/src/build/trolley_drive/prefix_override:/usr/lib/python3/dist-packages/colcon_core/task/python/colcon_distutils_commands:/home/zuiken/Documents/ichosai_2026_trolley/ros2_ws/src/install/trolley_drive/lib/python3.12/site-packages:${PYTHONPATH} /usr/bin/python3 -W ignore:setup.py install is deprecated -W ignore:easy_install command is deprecated setup.py egg_info --egg-base ../build/trolley_drive build --build-base /home/zuiken/Documents/ichosai_2026_trolley/ros2_ws/src/build/trolley_drive/build install --record /home/zuiken/Documents/ichosai_2026_trolley/ros2_ws/src/build/trolley_drive/install.log --install-scripts $base/lib/trolley_drive --single-version-externally-managed install_data
[3.220s] Level 1:colcon.colcon_core.environment:checking '/home/zuiken/Documents/ichosai_2026_trolley/ros2_ws/src/install/trolley_drive' for CMake config files
[3.221s] Level 1:colcon.colcon_core.environment:checking '/home/zuiken/Documents/ichosai_2026_trolley/ros2_ws/src/install/trolley_drive/lib'
[3.221s] Level 1:colcon.colcon_core.environment:checking '/home/zuiken/Documents/ichosai_2026_trolley/ros2_ws/src/install/trolley_drive/bin'
[3.221s] Level 1:colcon.colcon_core.environment:checking '/home/zuiken/Documents/ichosai_2026_trolley/ros2_ws/src/install/trolley_drive/lib/pkgconfig/trolley_drive.pc'
[3.222s] Level 1:colcon.colcon_core.environment:checking '/home/zuiken/Documents/ichosai_2026_trolley/ros2_ws/src/install/trolley_drive/lib/python3.12/site-packages'
[3.222s] Level 1:colcon.colcon_core.shell:create_environment_hook('trolley_drive', 'pythonpath')
[3.222s] INFO:colcon.colcon_core.shell:Creating environment hook '/home/zuiken/Documents/ichosai_2026_trolley/ros2_ws/src/install/trolley_drive/share/trolley_drive/hook/pythonpath.ps1'
[3.223s] INFO:colcon.colcon_core.shell:Creating environment descriptor '/home/zuiken/Documents/ichosai_2026_trolley/ros2_ws/src/install/trolley_drive/share/trolley_drive/hook/pythonpath.dsv'
[3.223s] INFO:colcon.colcon_core.shell:Creating environment hook '/home/zuiken/Documents/ichosai_2026_trolley/ros2_ws/src/install/trolley_drive/share/trolley_drive/hook/pythonpath.sh'
[3.225s] Level 1:colcon.colcon_core.environment:checking '/home/zuiken/Documents/ichosai_2026_trolley/ros2_ws/src/install/trolley_drive/bin'
[3.225s] Level 1:colcon.colcon_core.environment:create_environment_scripts_only(trolley_drive)
[3.225s] INFO:colcon.colcon_core.shell:Creating package script '/home/zuiken/Documents/ichosai_2026_trolley/ros2_ws/src/install/trolley_drive/share/trolley_drive/package.ps1'
[3.226s] INFO:colcon.colcon_core.shell:Creating package descriptor '/home/zuiken/Documents/ichosai_2026_trolley/ros2_ws/src/install/trolley_drive/share/trolley_drive/package.dsv'
[3.227s] INFO:colcon.colcon_core.shell:Creating package script '/home/zuiken/Documents/ichosai_2026_trolley/ros2_ws/src/install/trolley_drive/share/trolley_drive/package.sh'
[3.228s] INFO:colcon.colcon_core.shell:Creating package script '/home/zuiken/Documents/ichosai_2026_trolley/ros2_ws/src/install/trolley_drive/share/trolley_drive/package.bash'
[3.228s] INFO:colcon.colcon_core.shell:Creating package script '/home/zuiken/Documents/ichosai_2026_trolley/ros2_ws/src/install/trolley_drive/share/trolley_drive/package.zsh'
[3.229s] Level 1:colcon.colcon_core.environment:create_file_with_runtime_dependencies(/home/zuiken/Documents/ichosai_2026_trolley/ros2_ws/src/install/trolley_drive/share/colcon-core/packages/trolley_drive)
[3.234s] Level 1:colcon.colcon_core.environment:checking '/home/zuiken/Documents/ichosai_2026_trolley/ros2_ws/src/install/trolley_bringup' for CMake module files
[3.234s] DEBUG:colcon.colcon_core.event_handler.log_command:Invoked command in '/home/zuiken/Documents/ichosai_2026_trolley/ros2_ws/src/trolley_bringup' returned '0': PYTHONPATH=/home/zuiken/Documents/ichosai_2026_trolley/ros2_ws/src/build/trolley_bringup/prefix_override:/usr/lib/python3/dist-packages/colcon_core/task/python/colcon_distutils_commands:/home/zuiken/Documents/ichosai_2026_trolley/ros2_ws/src/install/trolley_bringup/lib/python3.12/site-packages:${PYTHONPATH} /usr/bin/python3 -W ignore:setup.py install is deprecated -W ignore:easy_install command is deprecated setup.py egg_info --egg-base ../build/trolley_bringup build --build-base /home/zuiken/Documents/ichosai_2026_trolley/ros2_ws/src/build/trolley_bringup/build install --record /home/zuiken/Documents/ichosai_2026_trolley/ros2_ws/src/build/trolley_bringup/install.log --install-scripts $base/lib/trolley_bringup --single-version-externally-managed install_data
[3.235s] Level 1:colcon.colcon_core.environment:checking '/home/zuiken/Documents/ichosai_2026_trolley/ros2_ws/src/install/trolley_bringup' for CMake config files
[3.235s] Level 1:colcon.colcon_core.environment:checking '/home/zuiken/Documents/ichosai_2026_trolley/ros2_ws/src/install/trolley_bringup/lib'
[3.235s] Level 1:colcon.colcon_core.environment:checking '/home/zuiken/Documents/ichosai_2026_trolley/ros2_ws/src/install/trolley_bringup/bin'
[3.236s] Level 1:colcon.colcon_core.environment:checking '/home/zuiken/Documents/ichosai_2026_trolley/ros2_ws/src/install/trolley_bringup/lib/pkgconfig/trolley_bringup.pc'
[3.236s] Level 1:colcon.colcon_core.environment:checking '/home/zuiken/Documents/ichosai_2026_trolley/ros2_ws/src/install/trolley_bringup/lib/python3.12/site-packages'
[3.236s] Level 1:colcon.colcon_core.shell:create_environment_hook('trolley_bringup', 'pythonpath')
[3.236s] INFO:colcon.colcon_core.shell:Creating environment hook '/home/zuiken/Documents/ichosai_2026_trolley/ros2_ws/src/install/trolley_bringup/share/trolley_bringup/hook/pythonpath.ps1'
[3.237s] INFO:colcon.colcon_core.shell:Creating environment descriptor '/home/zuiken/Documents/ichosai_2026_trolley/ros2_ws/src/install/trolley_bringup/share/trolley_bringup/hook/pythonpath.dsv'
[3.237s] INFO:colcon.colcon_core.shell:Creating environment hook '/home/zuiken/Documents/ichosai_2026_trolley/ros2_ws/src/install/trolley_bringup/share/trolley_bringup/hook/pythonpath.sh'
[3.238s] Level 1:colcon.colcon_core.environment:checking '/home/zuiken/Documents/ichosai_2026_trolley/ros2_ws/src/install/trolley_bringup/bin'
[3.238s] Level 1:colcon.colcon_core.environment:create_environment_scripts_only(trolley_bringup)
[3.239s] INFO:colcon.colcon_core.shell:Creating package script '/home/zuiken/Documents/ichosai_2026_trolley/ros2_ws/src/install/trolley_bringup/share/trolley_bringup/package.ps1'
[3.239s] INFO:colcon.colcon_core.shell:Creating package descriptor '/home/zuiken/Documents/ichosai_2026_trolley/ros2_ws/src/install/trolley_bringup/share/trolley_bringup/package.dsv'
[3.240s] INFO:colcon.colcon_core.shell:Creating package script '/home/zuiken/Documents/ichosai_2026_trolley/ros2_ws/src/install/trolley_bringup/share/trolley_bringup/package.sh'
[3.240s] INFO:colcon.colcon_core.shell:Creating package script '/home/zuiken/Documents/ichosai_2026_trolley/ros2_ws/src/install/trolley_bringup/share/trolley_bringup/package.bash'
[3.241s] INFO:colcon.colcon_core.shell:Creating package script '/home/zuiken/Documents/ichosai_2026_trolley/ros2_ws/src/install/trolley_bringup/share/trolley_bringup/package.zsh'
[3.241s] Level 1:colcon.colcon_core.environment:create_file_with_runtime_dependencies(/home/zuiken/Documents/ichosai_2026_trolley/ros2_ws/src/install/trolley_bringup/share/colcon-core/packages/trolley_bringup)
[3.241s] DEBUG:colcon.colcon_parallel_executor.executor.parallel:closing loop
[3.242s] DEBUG:colcon.colcon_parallel_executor.executor.parallel:loop closed
[3.242s] DEBUG:colcon.colcon_parallel_executor.executor.parallel:run_until_complete finished with '0'
[3.242s] DEBUG:colcon.colcon_core.event_reactor:joining thread
[3.244s] DEBUG:colcon.colcon_core.event_reactor:joined thread
[3.245s] INFO:colcon.colcon_core.shell:Creating prefix script '/home/zuiken/Documents/ichosai_2026_trolley/ros2_ws/src/install/local_setup.ps1'
[3.246s] INFO:colcon.colcon_core.shell:Creating prefix util module '/home/zuiken/Documents/ichosai_2026_trolley/ros2_ws/src/install/_local_setup_util_ps1.py'
[3.252s] INFO:colcon.colcon_core.shell:Creating prefix chain script '/home/zuiken/Documents/ichosai_2026_trolley/ros2_ws/src/install/setup.ps1'
[3.258s] INFO:colcon.colcon_core.shell:Creating prefix script '/home/zuiken/Documents/ichosai_2026_trolley/ros2_ws/src/install/local_setup.sh'
[3.260s] INFO:colcon.colcon_core.shell:Creating prefix util module '/home/zuiken/Documents/ichosai_2026_trolley/ros2_ws/src/install/_local_setup_util_sh.py'
[3.261s] INFO:colcon.colcon_core.shell:Creating prefix chain script '/home/zuiken/Documents/ichosai_2026_trolley/ros2_ws/src/install/setup.sh'
[3.263s] INFO:colcon.colcon_core.shell:Creating prefix script '/home/zuiken/Documents/ichosai_2026_trolley/ros2_ws/src/install/local_setup.bash'
[3.263s] INFO:colcon.colcon_core.shell:Creating prefix chain script '/home/zuiken/Documents/ichosai_2026_trolley/ros2_ws/src/install/setup.bash'
[3.265s] INFO:colcon.colcon_core.shell:Creating prefix script '/home/zuiken/Documents/ichosai_2026_trolley/ros2_ws/src/install/local_setup.zsh'
[3.266s] INFO:colcon.colcon_core.shell:Creating prefix chain script '/home/zuiken/Documents/ichosai_2026_trolley/ros2_ws/src/install/setup.zsh'
