running egg_info
creating ../../build/joy_teleop/joy_teleop.egg-info
writing ../../build/joy_teleop/joy_teleop.egg-info/PKG-INFO
writing dependency_links to ../../build/joy_teleop/joy_teleop.egg-info/dependency_links.txt
writing entry points to ../../build/joy_teleop/joy_teleop.egg-info/entry_points.txt
writing requirements to ../../build/joy_teleop/joy_teleop.egg-info/requires.txt
writing top-level names to ../../build/joy_teleop/joy_teleop.egg-info/top_level.txt
writing manifest file '../../build/joy_teleop/joy_teleop.egg-info/SOURCES.txt'
reading manifest file '../../build/joy_teleop/joy_teleop.egg-info/SOURCES.txt'
writing manifest file '../../build/joy_teleop/joy_teleop.egg-info/SOURCES.txt'
running build
running build_py
creating /home/zuiken/Documents/ichosai_2026_trolley/ros2_ws/build/joy_teleop/build
creating /home/zuiken/Documents/ichosai_2026_trolley/ros2_ws/build/joy_teleop/build/lib
creating /home/zuiken/Documents/ichosai_2026_trolley/ros2_ws/build/joy_teleop/build/lib/joy_teleop
copying joy_teleop/joy_teleop_node.py -> /home/zuiken/Documents/ichosai_2026_trolley/ros2_ws/build/joy_teleop/build/lib/joy_teleop
copying joy_teleop/__init__.py -> /home/zuiken/Documents/ichosai_2026_trolley/ros2_ws/build/joy_teleop/build/lib/joy_teleop
running install
running install_lib
creating /home/zuiken/Documents/ichosai_2026_trolley/ros2_ws/install/joy_teleop/lib/python3.12/site-packages/joy_teleop
copying /home/zuiken/Documents/ichosai_2026_trolley/ros2_ws/build/joy_teleop/build/lib/joy_teleop/joy_teleop_node.py -> /home/zuiken/Documents/ichosai_2026_trolley/ros2_ws/install/joy_teleop/lib/python3.12/site-packages/joy_teleop
copying /home/zuiken/Documents/ichosai_2026_trolley/ros2_ws/build/joy_teleop/build/lib/joy_teleop/__init__.py -> /home/zuiken/Documents/ichosai_2026_trolley/ros2_ws/install/joy_teleop/lib/python3.12/site-packages/joy_teleop
byte-compiling /home/zuiken/Documents/ichosai_2026_trolley/ros2_ws/install/joy_teleop/lib/python3.12/site-packages/joy_teleop/joy_teleop_node.py to joy_teleop_node.cpython-312.pyc
byte-compiling /home/zuiken/Documents/ichosai_2026_trolley/ros2_ws/install/joy_teleop/lib/python3.12/site-packages/joy_teleop/__init__.py to __init__.cpython-312.pyc
running install_data
creating /home/zuiken/Documents/ichosai_2026_trolley/ros2_ws/install/joy_teleop/share/ament_index
creating /home/zuiken/Documents/ichosai_2026_trolley/ros2_ws/install/joy_teleop/share/ament_index/resource_index
creating /home/zuiken/Documents/ichosai_2026_trolley/ros2_ws/install/joy_teleop/share/ament_index/resource_index/packages
copying resource/joy_teleop -> /home/zuiken/Documents/ichosai_2026_trolley/ros2_ws/install/joy_teleop/share/ament_index/resource_index/packages
copying package.xml -> /home/zuiken/Documents/ichosai_2026_trolley/ros2_ws/install/joy_teleop/share/joy_teleop
running install_egg_info
Copying ../../build/joy_teleop/joy_teleop.egg-info to /home/zuiken/Documents/ichosai_2026_trolley/ros2_ws/install/joy_teleop/lib/python3.12/site-packages/joy_teleop-0.0.0-py3.12.egg-info
running install_scripts
Installing joy_teleop script to /home/zuiken/Documents/ichosai_2026_trolley/ros2_ws/install/joy_teleop/lib/joy_teleop
writing list of installed files to '/home/zuiken/Documents/ichosai_2026_trolley/ros2_ws/build/joy_teleop/install.log'
