[3.065s] Invoking command in '/home/zuiken/Documents/ichosai_2026_trolley/ros2_ws/src/joy_teleop': DEBUGINFOD_URLS=https://debuginfod.ubuntu.com PYTHONPATH=/home/zuiken/Documents/ichosai_2026_trolley/ros2_ws/build/joy_teleop/prefix_override:/usr/lib/python3/dist-packages/colcon_core/task/python/colcon_distutils_commands:/home/zuiken/Documents/ichosai_2026_trolley/ros2_ws/install/joy_teleop/lib/python3.12/site-packages:${PYTHONPATH} /usr/bin/python3 -W ignore:setup.py install is deprecated -W ignore:easy_install command is deprecated setup.py egg_info --egg-base ../../build/joy_teleop build --build-base /home/zuiken/Documents/ichosai_2026_trolley/ros2_ws/build/joy_teleop/build install --record /home/zuiken/Documents/ichosai_2026_trolley/ros2_ws/build/joy_teleop/install.log --install-scripts $base/lib/joy_teleop --single-version-externally-managed install_data
[24.594s] running egg_info
[24.594s] creating ../../build/joy_teleop/joy_teleop.egg-info
[24.618s] writing ../../build/joy_teleop/joy_teleop.egg-info/PKG-INFO
[24.619s] writing dependency_links to ../../build/joy_teleop/joy_teleop.egg-info/dependency_links.txt
[24.619s] writing entry points to ../../build/joy_teleop/joy_teleop.egg-info/entry_points.txt
[24.619s] writing requirements to ../../build/joy_teleop/joy_teleop.egg-info/requires.txt
[24.619s] writing top-level names to ../../build/joy_teleop/joy_teleop.egg-info/top_level.txt
[24.620s] writing manifest file '../../build/joy_teleop/joy_teleop.egg-info/SOURCES.txt'
[24.670s] reading manifest file '../../build/joy_teleop/joy_teleop.egg-info/SOURCES.txt'
[24.671s] writing manifest file '../../build/joy_teleop/joy_teleop.egg-info/SOURCES.txt'
[24.672s] running build
[24.672s] running build_py
[24.672s] creating /home/zuiken/Documents/ichosai_2026_trolley/ros2_ws/build/joy_teleop/build
[24.672s] creating /home/zuiken/Documents/ichosai_2026_trolley/ros2_ws/build/joy_teleop/build/lib
[24.672s] creating /home/zuiken/Documents/ichosai_2026_trolley/ros2_ws/build/joy_teleop/build/lib/joy_teleop
[24.672s] copying joy_teleop/joy_teleop_node.py -> /home/zuiken/Documents/ichosai_2026_trolley/ros2_ws/build/joy_teleop/build/lib/joy_teleop
[24.672s] copying joy_teleop/__init__.py -> /home/zuiken/Documents/ichosai_2026_trolley/ros2_ws/build/joy_teleop/build/lib/joy_teleop
[24.673s] running install
[24.682s] running install_lib
[24.707s] creating /home/zuiken/Documents/ichosai_2026_trolley/ros2_ws/install/joy_teleop/lib/python3.12/site-packages/joy_teleop
[24.707s] copying /home/zuiken/Documents/ichosai_2026_trolley/ros2_ws/build/joy_teleop/build/lib/joy_teleop/joy_teleop_node.py -> /home/zuiken/Documents/ichosai_2026_trolley/ros2_ws/install/joy_teleop/lib/python3.12/site-packages/joy_teleop
[24.708s] copying /home/zuiken/Documents/ichosai_2026_trolley/ros2_ws/build/joy_teleop/build/lib/joy_teleop/__init__.py -> /home/zuiken/Documents/ichosai_2026_trolley/ros2_ws/install/joy_teleop/lib/python3.12/site-packages/joy_teleop
[24.708s] byte-compiling /home/zuiken/Documents/ichosai_2026_trolley/ros2_ws/install/joy_teleop/lib/python3.12/site-packages/joy_teleop/joy_teleop_node.py to joy_teleop_node.cpython-312.pyc
[24.709s] byte-compiling /home/zuiken/Documents/ichosai_2026_trolley/ros2_ws/install/joy_teleop/lib/python3.12/site-packages/joy_teleop/__init__.py to __init__.cpython-312.pyc
[24.710s] running install_data
[24.710s] creating /home/zuiken/Documents/ichosai_2026_trolley/ros2_ws/install/joy_teleop/share/ament_index
[24.710s] creating /home/zuiken/Documents/ichosai_2026_trolley/ros2_ws/install/joy_teleop/share/ament_index/resource_index
[24.710s] creating /home/zuiken/Documents/ichosai_2026_trolley/ros2_ws/install/joy_teleop/share/ament_index/resource_index/packages
[24.710s] copying resource/joy_teleop -> /home/zuiken/Documents/ichosai_2026_trolley/ros2_ws/install/joy_teleop/share/ament_index/resource_index/packages
[24.710s] copying package.xml -> /home/zuiken/Documents/ichosai_2026_trolley/ros2_ws/install/joy_teleop/share/joy_teleop
[24.710s] running install_egg_info
[24.738s] Copying ../../build/joy_teleop/joy_teleop.egg-info to /home/zuiken/Documents/ichosai_2026_trolley/ros2_ws/install/joy_teleop/lib/python3.12/site-packages/joy_teleop-0.0.0-py3.12.egg-info
[24.739s] running install_scripts
[24.919s] Installing joy_teleop script to /home/zuiken/Documents/ichosai_2026_trolley/ros2_ws/install/joy_teleop/lib/joy_teleop
[24.919s] writing list of installed files to '/home/zuiken/Documents/ichosai_2026_trolley/ros2_ws/build/joy_teleop/install.log'
[24.990s] Invoked command in '/home/zuiken/Documents/ichosai_2026_trolley/ros2_ws/src/joy_teleop' returned '0': DEBUGINFOD_URLS=https://debuginfod.ubuntu.com PYTHONPATH=/home/zuiken/Documents/ichosai_2026_trolley/ros2_ws/build/joy_teleop/prefix_override:/usr/lib/python3/dist-packages/colcon_core/task/python/colcon_distutils_commands:/home/zuiken/Documents/ichosai_2026_trolley/ros2_ws/install/joy_teleop/lib/python3.12/site-packages:${PYTHONPATH} /usr/bin/python3 -W ignore:setup.py install is deprecated -W ignore:easy_install command is deprecated setup.py egg_info --egg-base ../../build/joy_teleop build --build-base /home/zuiken/Documents/ichosai_2026_trolley/ros2_ws/build/joy_teleop/build install --record /home/zuiken/Documents/ichosai_2026_trolley/ros2_ws/build/joy_teleop/install.log --install-scripts $base/lib/joy_teleop --single-version-externally-managed install_data
