[1.145s] Invoking command in '/home/zuiken/Documents/ichosai_2026_trolley/ros2_ws/src/joy_teleop': DEBUGINFOD_URLS=https://debuginfod.ubuntu.com PYTHONPATH=/home/zuiken/Documents/ichosai_2026_trolley/ros2_ws/build/joy_teleop/prefix_override:/usr/lib/python3/dist-packages/colcon_core/task/python/colcon_distutils_commands:/home/zuiken/Documents/ichosai_2026_trolley/ros2_ws/install/joy_teleop/lib/python3.12/site-packages:${PYTHONPATH} /usr/bin/python3 -W ignore:setup.py install is deprecated -W ignore:easy_install command is deprecated setup.py egg_info --egg-base ../../build/joy_teleop build --build-base /home/zuiken/Documents/ichosai_2026_trolley/ros2_ws/build/joy_teleop/build install --record /home/zuiken/Documents/ichosai_2026_trolley/ros2_ws/build/joy_teleop/install.log --install-scripts $base/lib/joy_teleop --single-version-externally-managed install_data
[1.499s] running egg_info
[1.524s] writing ../../build/joy_teleop/joy_teleop.egg-info/PKG-INFO
[1.524s] writing dependency_links to ../../build/joy_teleop/joy_teleop.egg-info/dependency_links.txt
[1.524s] writing entry points to ../../build/joy_teleop/joy_teleop.egg-info/entry_points.txt
[1.525s] writing requirements to ../../build/joy_teleop/joy_teleop.egg-info/requires.txt
[1.525s] writing top-level names to ../../build/joy_teleop/joy_teleop.egg-info/top_level.txt
[1.576s] reading manifest file '../../build/joy_teleop/joy_teleop.egg-info/SOURCES.txt'
[1.577s] writing manifest file '../../build/joy_teleop/joy_teleop.egg-info/SOURCES.txt'
[1.577s] running build
[1.577s] running build_py
[1.578s] copying joy_teleop/joy_teleop_node.py -> /home/zuiken/Documents/ichosai_2026_trolley/ros2_ws/build/joy_teleop/build/lib/joy_teleop
[1.578s] running install
[1.587s] running install_lib
[1.613s] copying /home/zuiken/Documents/ichosai_2026_trolley/ros2_ws/build/joy_teleop/build/lib/joy_teleop/joy_teleop_node.py -> /home/zuiken/Documents/ichosai_2026_trolley/ros2_ws/install/joy_teleop/lib/python3.12/site-packages/joy_teleop
[1.614s] byte-compiling /home/zuiken/Documents/ichosai_2026_trolley/ros2_ws/install/joy_teleop/lib/python3.12/site-packages/joy_teleop/joy_teleop_node.py to joy_teleop_node.cpython-312.pyc
[1.615s] running install_data
[1.615s] running install_egg_info
[1.645s] removing '/home/zuiken/Documents/ichosai_2026_trolley/ros2_ws/install/joy_teleop/lib/python3.12/site-packages/joy_teleop-0.0.0-py3.12.egg-info' (and everything under it)
[1.645s] Copying ../../build/joy_teleop/joy_teleop.egg-info to /home/zuiken/Documents/ichosai_2026_trolley/ros2_ws/install/joy_teleop/lib/python3.12/site-packages/joy_teleop-0.0.0-py3.12.egg-info
[1.647s] running install_scripts
[1.828s] Installing joy_teleop script to /home/zuiken/Documents/ichosai_2026_trolley/ros2_ws/install/joy_teleop/lib/joy_teleop
[1.828s] writing list of installed files to '/home/zuiken/Documents/ichosai_2026_trolley/ros2_ws/build/joy_teleop/install.log'
[1.907s] Invoked command in '/home/zuiken/Documents/ichosai_2026_trolley/ros2_ws/src/joy_teleop' returned '0': DEBUGINFOD_URLS=https://debuginfod.ubuntu.com PYTHONPATH=/home/zuiken/Documents/ichosai_2026_trolley/ros2_ws/build/joy_teleop/prefix_override:/usr/lib/python3/dist-packages/colcon_core/task/python/colcon_distutils_commands:/home/zuiken/Documents/ichosai_2026_trolley/ros2_ws/install/joy_teleop/lib/python3.12/site-packages:${PYTHONPATH} /usr/bin/python3 -W ignore:setup.py install is deprecated -W ignore:easy_install command is deprecated setup.py egg_info --egg-base ../../build/joy_teleop build --build-base /home/zuiken/Documents/ichosai_2026_trolley/ros2_ws/build/joy_teleop/build install --record /home/zuiken/Documents/ichosai_2026_trolley/ros2_ws/build/joy_teleop/install.log --install-scripts $base/lib/joy_teleop --single-version-externally-managed install_data
