[3.548s] Invoking command in '/home/zuiken/Documents/ichosai_2026_trolley/ros2_ws/src/joy_teleop': PYTHONPATH=/home/zuiken/Documents/ichosai_2026_trolley/ros2_ws/src/build/joy_teleop/prefix_override:/usr/lib/python3/dist-packages/colcon_core/task/python/colcon_distutils_commands:/home/zuiken/Documents/ichosai_2026_trolley/ros2_ws/src/install/joy_teleop/lib/python3.12/site-packages:${PYTHONPATH} /usr/bin/python3 -W ignore:setup.py install is deprecated -W ignore:easy_install command is deprecated setup.py egg_info --egg-base ../build/joy_teleop build --build-base /home/zuiken/Documents/ichosai_2026_trolley/ros2_ws/src/build/joy_teleop/build install --record /home/zuiken/Documents/ichosai_2026_trolley/ros2_ws/src/build/joy_teleop/install.log --install-scripts $base/lib/joy_teleop --single-version-externally-managed install_data
[3.836s] running egg_info
[3.862s] writing ../build/joy_teleop/joy_teleop.egg-info/PKG-INFO
[3.999s] writing dependency_links to ../build/joy_teleop/joy_teleop.egg-info/dependency_links.txt
[4.002s] writing entry points to ../build/joy_teleop/joy_teleop.egg-info/entry_points.txt
[4.002s] writing requirements to ../build/joy_teleop/joy_teleop.egg-info/requires.txt
[4.002s] writing top-level names to ../build/joy_teleop/joy_teleop.egg-info/top_level.txt
[4.065s] reading manifest file '../build/joy_teleop/joy_teleop.egg-info/SOURCES.txt'
[4.066s] writing manifest file '../build/joy_teleop/joy_teleop.egg-info/SOURCES.txt'
[4.191s] running build
[4.191s] running build_py
[4.191s] running install
[4.201s] running install_lib
[4.228s] running install_data
[4.228s] running install_egg_info
[4.256s] removing '/home/zuiken/Documents/ichosai_2026_trolley/ros2_ws/src/install/joy_teleop/lib/python3.12/site-packages/joy_teleop-0.0.0-py3.12.egg-info' (and everything under it)
[4.258s] Copying ../build/joy_teleop/joy_teleop.egg-info to /home/zuiken/Documents/ichosai_2026_trolley/ros2_ws/src/install/joy_teleop/lib/python3.12/site-packages/joy_teleop-0.0.0-py3.12.egg-info
[4.258s] running install_scripts
[4.446s] Installing joy_teleop script to /home/zuiken/Documents/ichosai_2026_trolley/ros2_ws/src/install/joy_teleop/lib/joy_teleop
[4.447s] writing list of installed files to '/home/zuiken/Documents/ichosai_2026_trolley/ros2_ws/src/build/joy_teleop/install.log'
[4.541s] Invoked command in '/home/zuiken/Documents/ichosai_2026_trolley/ros2_ws/src/joy_teleop' returned '0': PYTHONPATH=/home/zuiken/Documents/ichosai_2026_trolley/ros2_ws/src/build/joy_teleop/prefix_override:/usr/lib/python3/dist-packages/colcon_core/task/python/colcon_distutils_commands:/home/zuiken/Documents/ichosai_2026_trolley/ros2_ws/src/install/joy_teleop/lib/python3.12/site-packages:${PYTHONPATH} /usr/bin/python3 -W ignore:setup.py install is deprecated -W ignore:easy_install command is deprecated setup.py egg_info --egg-base ../build/joy_teleop build --build-base /home/zuiken/Documents/ichosai_2026_trolley/ros2_ws/src/build/joy_teleop/build install --record /home/zuiken/Documents/ichosai_2026_trolley/ros2_ws/src/build/joy_teleop/install.log --install-scripts $base/lib/joy_teleop --single-version-externally-managed install_data
