[1.827s] Invoking command in '/home/zuiken/Documents/ichosai_2026_trolley/ros2_ws/src/trolley_api': AMENT_PREFIX_PATH=/home/zuiken/Documents/ichosai_2026_trolley/ros2_ws/src/install/trolley_interfaces:${AMENT_PREFIX_PATH} CMAKE_PREFIX_PATH=/home/zuiken/Documents/ichosai_2026_trolley/ros2_ws/src/install/trolley_interfaces:${CMAKE_PREFIX_PATH} LD_LIBRARY_PATH=/home/zuiken/Documents/ichosai_2026_trolley/ros2_ws/src/install/trolley_interfaces/lib:${LD_LIBRARY_PATH} PYTHONPATH=/home/zuiken/Documents/ichosai_2026_trolley/ros2_ws/src/build/trolley_api/prefix_override:/usr/lib/python3/dist-packages/colcon_core/task/python/colcon_distutils_commands:/home/zuiken/Documents/ichosai_2026_trolley/ros2_ws/src/install/trolley_api/lib/python3.12/site-packages:/home/zuiken/Documents/ichosai_2026_trolley/ros2_ws/src/install/trolley_interfaces/lib/python3.12/site-packages:${PYTHONPATH} /usr/bin/python3 -W ignore:setup.py install is deprecated -W ignore:easy_install command is deprecated setup.py egg_info --egg-base ../build/trolley_api build --build-base /home/zuiken/Documents/ichosai_2026_trolley/ros2_ws/src/build/trolley_api/build install --record /home/zuiken/Documents/ichosai_2026_trolley/ros2_ws/src/build/trolley_api/install.log --install-scripts $base/lib/trolley_api --single-version-externally-managed install_data
[2.275s] running egg_info
[2.303s] writing ../build/trolley_api/trolley_api.egg-info/PKG-INFO
[2.304s] writing dependency_links to ../build/trolley_api/trolley_api.egg-info/dependency_links.txt
[2.304s] writing entry points to ../build/trolley_api/trolley_api.egg-info/entry_points.txt
[2.305s] writing requirements to ../build/trolley_api/trolley_api.egg-info/requires.txt
[2.305s] writing top-level names to ../build/trolley_api/trolley_api.egg-info/top_level.txt
[2.363s] reading manifest file '../build/trolley_api/trolley_api.egg-info/SOURCES.txt'
[2.366s] writing manifest file '../build/trolley_api/trolley_api.egg-info/SOURCES.txt'
[2.367s] running build
[2.367s] running build_py
[2.367s] copying trolley_api/teleop_ws.py -> /home/zuiken/Documents/ichosai_2026_trolley/ros2_ws/src/build/trolley_api/build/lib/trolley_api
[2.368s] copying trolley_api/run_server.py -> /home/zuiken/Documents/ichosai_2026_trolley/ros2_ws/src/build/trolley_api/build/lib/trolley_api
[2.368s] copying trolley_api/api_server.py -> /home/zuiken/Documents/ichosai_2026_trolley/ros2_ws/src/build/trolley_api/build/lib/trolley_api
[2.368s] running install
[2.378s] running install_lib
[2.408s] copying /home/zuiken/Documents/ichosai_2026_trolley/ros2_ws/src/build/trolley_api/build/lib/trolley_api/teleop_ws.py -> /home/zuiken/Documents/ichosai_2026_trolley/ros2_ws/src/install/trolley_api/lib/python3.12/site-packages/trolley_api
[2.408s] copying /home/zuiken/Documents/ichosai_2026_trolley/ros2_ws/src/build/trolley_api/build/lib/trolley_api/run_server.py -> /home/zuiken/Documents/ichosai_2026_trolley/ros2_ws/src/install/trolley_api/lib/python3.12/site-packages/trolley_api
[2.408s] copying /home/zuiken/Documents/ichosai_2026_trolley/ros2_ws/src/build/trolley_api/build/lib/trolley_api/api_server.py -> /home/zuiken/Documents/ichosai_2026_trolley/ros2_ws/src/install/trolley_api/lib/python3.12/site-packages/trolley_api
[2.410s] byte-compiling /home/zuiken/Documents/ichosai_2026_trolley/ros2_ws/src/install/trolley_api/lib/python3.12/site-packages/trolley_api/teleop_ws.py to teleop_ws.cpython-312.pyc
[2.417s] byte-compiling /home/zuiken/Documents/ichosai_2026_trolley/ros2_ws/src/install/trolley_api/lib/python3.12/site-packages/trolley_api/run_server.py to run_server.cpython-312.pyc
[2.417s] byte-compiling /home/zuiken/Documents/ichosai_2026_trolley/ros2_ws/src/install/trolley_api/lib/python3.12/site-packages/trolley_api/api_server.py to api_server.cpython-312.pyc
[2.419s] running install_data
[2.420s] copying package.xml -> /home/zuiken/Documents/ichosai_2026_trolley/ros2_ws/src/install/trolley_api/share/trolley_api
[2.420s] creating /home/zuiken/Documents/ichosai_2026_trolley/ros2_ws/src/install/trolley_api/share/trolley_api/web
[2.421s] copying web/app.js -> /home/zuiken/Documents/ichosai_2026_trolley/ros2_ws/src/install/trolley_api/share/trolley_api/web
[2.421s] copying web/app.css -> /home/zuiken/Documents/ichosai_2026_trolley/ros2_ws/src/install/trolley_api/share/trolley_api/web
[2.423s] copying web/manifest.webmanifest -> /home/zuiken/Documents/ichosai_2026_trolley/ros2_ws/src/install/trolley_api/share/trolley_api/web
[2.424s] copying web/icon.svg -> /home/zuiken/Documents/ichosai_2026_trolley/ros2_ws/src/install/trolley_api/share/trolley_api/web
[2.424s] copying web/index.html -> /home/zuiken/Documents/ichosai_2026_trolley/ros2_ws/src/install/trolley_api/share/trolley_api/web
[2.424s] running install_egg_info
[2.454s] removing '/home/zuiken/Documents/ichosai_2026_trolley/ros2_ws/src/install/trolley_api/lib/python3.12/site-packages/trolley_api-0.0.0-py3.12.egg-info' (and everything under it)
[2.455s] Copying ../build/trolley_api/trolley_api.egg-info to /home/zuiken/Documents/ichosai_2026_trolley/ros2_ws/src/install/trolley_api/lib/python3.12/site-packages/trolley_api-0.0.0-py3.12.egg-info
[2.456s] running install_scripts
[2.702s] Installing api_server script to /home/zuiken/Documents/ichosai_2026_trolley/ros2_ws/src/install/trolley_api/lib/trolley_api
[2.708s] writing list of installed files to '/home/zuiken/Documents/ichosai_2026_trolley/ros2_ws/src/build/trolley_api/install.log'
[6.479s] Invoked command in '/home/zuiken/Documents/ichosai_2026_trolley/ros2_ws/src/trolley_api' returned '0': AMENT_PREFIX_PATH=/home/zuiken/Documents/ichosai_2026_trolley/ros2_ws/src/install/trolley_interfaces:${AMENT_PREFIX_PATH} CMAKE_PREFIX_PATH=/home/zuiken/Documents/ichosai_2026_trolley/ros2_ws/src/install/trolley_interfaces:${CMAKE_PREFIX_PATH} LD_LIBRARY_PATH=/home/zuiken/Documents/ichosai_2026_trolley/ros2_ws/src/install/trolley_interfaces/lib:${LD_LIBRARY_PATH} PYTHONPATH=/home/zuiken/Documents/ichosai_2026_trolley/ros2_ws/src/build/trolley_api/prefix_override:/usr/lib/python3/dist-packages/colcon_core/task/python/colcon_distutils_commands:/home/zuiken/Documents/ichosai_2026_trolley/ros2_ws/src/install/trolley_api/lib/python3.12/site-packages:/home/zuiken/Documents/ichosai_2026_trolley/ros2_ws/src/install/trolley_interfaces/lib/python3.12/site-packages:${PYTHONPATH} /usr/bin/python3 -W ignore:setup.py install is deprecated -W ignore:easy_install command is deprecated setup.py egg_info --egg-base ../build/trolley_api build --build-base /home/zuiken/Documents/ichosai_2026_trolley/ros2_ws/src/build/trolley_api/build install --record /home/zuiken/Documents/ichosai_2026_trolley/ros2_ws/src/build/trolley_api/install.log --install-scripts $base/lib/trolley_api --single-version-externally-managed install_data
