[6.282s] Invoking command in '/home/zuiken/Documents/ichosai_2026_trolley/ros2_ws/src/joy_teleop': PYTHONPATH=/home/zuiken/Documents/ichosai_2026_trolley/ros2_ws/src/build/joy_teleop/prefix_override:/usr/lib/python3/dist-packages/colcon_core/task/python/colcon_distutils_commands:/home/zuiken/Documents/ichosai_2026_trolley/ros2_ws/src/install/joy_teleop/lib/python3.12/site-packages:${PYTHONPATH} /usr/bin/python3 -W ignore:setup.py install is deprecated -W ignore:easy_install command is deprecated setup.py egg_info --egg-base ../build/joy_teleop build --build-base /home/zuiken/Documents/ichosai_2026_trolley/ros2_ws/src/build/joy_teleop/build install --record /home/zuiken/Documents/ichosai_2026_trolley/ros2_ws/src/build/joy_teleop/install.log --install-scripts $base/lib/joy_teleop --single-version-externally-managed install_data
[6.688s] running egg_info
[6.689s] creating ../build/joy_teleop/joy_teleop.egg-info
[6.715s] writing ../build/joy_teleop/joy_teleop.egg-info/PKG-INFO
[6.715s] writing dependency_links to ../build/joy_teleop/joy_teleop.egg-info/dependency_links.txt
[6.716s] writing entry points to ../build/joy_teleop/joy_teleop.egg-info/entry_points.txt
[6.716s] writing requirements to ../build/joy_teleop/joy_teleop.egg-info/requires.txt
[6.716s] writing top-level names to ../build/joy_teleop/joy_teleop.egg-info/top_level.txt
[6.716s] writing manifest file '../build/joy_teleop/joy_teleop.egg-info/SOURCES.txt'
[6.771s] reading manifest file '../build/joy_teleop/joy_teleop.egg-info/SOURCES.txt'
[6.771s] writing manifest file '../build/joy_teleop/joy_teleop.egg-info/SOURCES.txt'
[7.105s] running build
[7.105s] running build_py
[7.106s] creating /home/zuiken/Documents/ichosai_2026_trolley/ros2_ws/src/build/joy_teleop/build
[7.106s] creating /home/zuiken/Documents/ichosai_2026_trolley/ros2_ws/src/build/joy_teleop/build/lib
[7.106s] creating /home/zuiken/Documents/ichosai_2026_trolley/ros2_ws/src/build/joy_teleop/build/lib/joy_teleop
[7.107s] copying joy_teleop/joy_teleop_node.py -> /home/zuiken/Documents/ichosai_2026_trolley/ros2_ws/src/build/joy_teleop/build/lib/joy_teleop
[7.107s] copying joy_teleop/__init__.py -> /home/zuiken/Documents/ichosai_2026_trolley/ros2_ws/src/build/joy_teleop/build/lib/joy_teleop
[7.108s] running install
[7.120s] running install_lib
[7.157s] creating /home/zuiken/Documents/ichosai_2026_trolley/ros2_ws/src/install/joy_teleop/lib/python3.12/site-packages/joy_teleop
[7.157s] copying /home/zuiken/Documents/ichosai_2026_trolley/ros2_ws/src/build/joy_teleop/build/lib/joy_teleop/joy_teleop_node.py -> /home/zuiken/Documents/ichosai_2026_trolley/ros2_ws/src/install/joy_teleop/lib/python3.12/site-packages/joy_teleop
[7.157s] copying /home/zuiken/Documents/ichosai_2026_trolley/ros2_ws/src/build/joy_teleop/build/lib/joy_teleop/__init__.py -> /home/zuiken/Documents/ichosai_2026_trolley/ros2_ws/src/install/joy_teleop/lib/python3.12/site-packages/joy_teleop
[7.158s] byte-compiling /home/zuiken/Documents/ichosai_2026_trolley/ros2_ws/src/install/joy_teleop/lib/python3.12/site-packages/joy_teleop/joy_teleop_node.py to joy_teleop_node.cpython-312.pyc
[7.159s] byte-compiling /home/zuiken/Documents/ichosai_2026_trolley/ros2_ws/src/install/joy_teleop/lib/python3.12/site-packages/joy_teleop/__init__.py to __init__.cpython-312.pyc
[7.159s] running install_data
[7.159s] creating /home/zuiken/Documents/ichosai_2026_trolley/ros2_ws/src/install/joy_teleop/share/ament_index
[7.159s] creating /home/zuiken/Documents/ichosai_2026_trolley/ros2_ws/src/install/joy_teleop/share/ament_index/resource_index
[7.159s] creating /home/zuiken/Documents/ichosai_2026_trolley/ros2_ws/src/install/joy_teleop/share/ament_index/resource_index/packages
[7.160s] copying resource/joy_teleop -> /home/zuiken/Documents/ichosai_2026_trolley/ros2_ws/src/install/joy_teleop/share/ament_index/resource_index/packages
[7.160s] copying package.xml -> /home/zuiken/Documents/ichosai_2026_trolley/ros2_ws/src/install/joy_teleop/share/joy_teleop
[7.160s] running install_egg_info
[7.188s] Copying ../build/joy_teleop/joy_teleop.egg-info to /home/zuiken/Documents/ichosai_2026_trolley/ros2_ws/src/install/joy_teleop/lib/python3.12/site-packages/joy_teleop-0.0.0-py3.12.egg-info
[7.189s] running install_scripts
[7.367s] Installing joy_teleop script to /home/zuiken/Documents/ichosai_2026_trolley/ros2_ws/src/install/joy_teleop/lib/joy_teleop
[7.367s] writing list of installed files to '/home/zuiken/Documents/ichosai_2026_trolley/ros2_ws/src/build/joy_teleop/install.log'
[7.668s] Invoked command in '/home/zuiken/Documents/ichosai_2026_trolley/ros2_ws/src/joy_teleop' returned '0': PYTHONPATH=/home/zuiken/Documents/ichosai_2026_trolley/ros2_ws/src/build/joy_teleop/prefix_override:/usr/lib/python3/dist-packages/colcon_core/task/python/colcon_distutils_commands:/home/zuiken/Documents/ichosai_2026_trolley/ros2_ws/src/install/joy_teleop/lib/python3.12/site-packages:${PYTHONPATH} /usr/bin/python3 -W ignore:setup.py install is deprecated -W ignore:easy_install command is deprecated setup.py egg_info --egg-base ../build/joy_teleop build --build-base /home/zuiken/Documents/ichosai_2026_trolley/ros2_ws/src/build/joy_teleop/build install --record /home/zuiken/Documents/ichosai_2026_trolley/ros2_ws/src/build/joy_teleop/install.log --install-scripts $base/lib/joy_teleop --single-version-externally-managed install_data
