[0.146s] DEBUG:colcon:Command line arguments: ['/usr/bin/colcon', 'build']
[0.146s] DEBUG:colcon:Parsed command line arguments: Namespace(log_base=None, log_level=None, verb_name='build', build_base='build', install_base='install', merge_install=False, symlink_install=False, test_result_base=None, continue_on_error=False, executor='parallel', parallel_workers=4, event_handlers=None, ignore_user_meta=False, metas=['./colcon.meta'], base_paths=['.'], packages_ignore=None, packages_ignore_regex=None, paths=None, packages_up_to=None, packages_up_to_regex=None, packages_above=None, packages_above_and_dependencies=None, packages_above_depth=None, packages_select_by_dep=None, packages_skip_by_dep=None, packages_skip_up_to=None, packages_select_build_failed=False, packages_skip_build_finished=False, packages_select_test_failures=False, packages_skip_test_passed=False, packages_select=None, packages_skip=None, packages_select_regex=None, packages_skip_regex=None, packages_start=None, packages_end=None, allow_overriding=[], cmake_args=None, cmake_target=None, cmake_target_skip_unavailable=False, cmake_clean_cache=False, cmake_clean_first=False, cmake_force_configure=False, ament_cmake_args=None, catkin_cmake_args=None, catkin_skip_building_tests=False, mixin_files=None, mixin=None, verb_parser=<colcon_mixin.mixin.mixin_argument.MixinArgumentDecorator object at 0xffff93fcff50>, verb_extension=<colcon_core.verb.build.BuildVerb object at 0xffff93fa16a0>, main=<bound method BuildVerb.main of <colcon_core.verb.build.BuildVerb object at 0xffff93fa16a0>>, mixin_verb=('build',))
[0.204s] Level 1:colcon.colcon_core.package_discovery:discover_packages(colcon_meta) check parameters
[0.204s] Level 1:colcon.colcon_core.package_discovery:discover_packages(recursive) check parameters
[0.204s] Level 1:colcon.colcon_core.package_discovery:discover_packages(ignore) check parameters
[0.204s] Level 1:colcon.colcon_core.package_discovery:discover_packages(path) check parameters
[0.204s] Level 1:colcon.colcon_core.package_discovery:discover_packages(colcon_meta) discover
[0.204s] Level 1:colcon.colcon_core.package_discovery:discover_packages(recursive) discover
[0.204s] INFO:colcon.colcon_core.package_discovery:Crawling recursively for packages in '/home/zuiken/Documents/ichosai_2026_trolley/ros2_ws'
[0.204s] Level 1:colcon.colcon_core.package_identification:_identify(.) by extensions ['ignore', 'ignore_ament_install']
[0.204s] Level 1:colcon.colcon_core.package_identification:_identify(.) by extension 'ignore'
[0.204s] Level 1:colcon.colcon_core.package_identification:_identify(.) by extension 'ignore_ament_install'
[0.204s] Level 1:colcon.colcon_core.package_identification:_identify(.) by extensions ['colcon_pkg']
[0.204s] Level 1:colcon.colcon_core.package_identification:_identify(.) by extension 'colcon_pkg'
[0.205s] Level 1:colcon.colcon_core.package_identification:_identify(.) by extensions ['colcon_meta']
[0.205s] Level 1:colcon.colcon_core.package_identification:_identify(.) by extension 'colcon_meta'
[0.205s] Level 1:colcon.colcon_core.package_identification:_identify(.) by extensions ['ros']
[0.205s] Level 1:colcon.colcon_core.package_identification:_identify(.) by extension 'ros'
[0.245s] Level 1:colcon.colcon_core.package_identification:_identify(.) by extensions ['cmake', 'python']
[0.245s] Level 1:colcon.colcon_core.package_identification:_identify(.) by extension 'cmake'
[0.245s] Level 1:colcon.colcon_core.package_identification:_identify(.) by extension 'python'
[0.245s] Level 1:colcon.colcon_core.package_identification:_identify(.) by extensions ['python_setup_py']
[0.245s] Level 1:colcon.colcon_core.package_identification:_identify(.) by extension 'python_setup_py'
[0.245s] Level 1:colcon.colcon_core.package_identification:_identify(build) by extensions ['ignore', 'ignore_ament_install']
[0.245s] Level 1:colcon.colcon_core.package_identification:_identify(build) by extension 'ignore'
[0.245s] Level 1:colcon.colcon_core.package_identification:_identify(build) ignored
[0.245s] Level 1:colcon.colcon_core.package_identification:_identify(install) by extensions ['ignore', 'ignore_ament_install']
[0.246s] Level 1:colcon.colcon_core.package_identification:_identify(install) by extension 'ignore'
[0.246s] Level 1:colcon.colcon_core.package_identification:_identify(install) ignored
[0.246s] Level 1:colcon.colcon_core.package_identification:_identify(log) by extensions ['ignore', 'ignore_ament_install']
[0.246s] Level 1:colcon.colcon_core.package_identification:_identify(log) by extension 'ignore'
[0.246s] Level 1:colcon.colcon_core.package_identification:_identify(log) ignored
[0.246s] Level 1:colcon.colcon_core.package_identification:_identify(src) by extensions ['ignore', 'ignore_ament_install']
[0.246s] Level 1:colcon.colcon_core.package_identification:_identify(src) by extension 'ignore'
[0.246s] Level 1:colcon.colcon_core.package_identification:_identify(src) by extension 'ignore_ament_install'
[0.246s] Level 1:colcon.colcon_core.package_identification:_identify(src) by extensions ['colcon_pkg']
[0.246s] Level 1:colcon.colcon_core.package_identification:_identify(src) by extension 'colcon_pkg'
[0.246s] Level 1:colcon.colcon_core.package_identification:_identify(src) by extensions ['colcon_meta']
[0.246s] Level 1:colcon.colcon_core.package_identification:_identify(src) by extension 'colcon_meta'
[0.246s] Level 1:colcon.colcon_core.package_identification:_identify(src) by extensions ['ros']
[0.246s] Level 1:colcon.colcon_core.package_identification:_identify(src) by extension 'ros'
[0.246s] Level 1:colcon.colcon_core.package_identification:_identify(src) by extensions ['cmake', 'python']
[0.246s] Level 1:colcon.colcon_core.package_identification:_identify(src) by extension 'cmake'
[0.246s] Level 1:colcon.colcon_core.package_identification:_identify(src) by extension 'python'
[0.247s] Level 1:colcon.colcon_core.package_identification:_identify(src) by extensions ['python_setup_py']
[0.247s] Level 1:colcon.colcon_core.package_identification:_identify(src) by extension 'python_setup_py'
[0.247s] Level 1:colcon.colcon_core.package_identification:_identify(src/build) by extensions ['ignore', 'ignore_ament_install']
[0.247s] Level 1:colcon.colcon_core.package_identification:_identify(src/build) by extension 'ignore'
[0.247s] Level 1:colcon.colcon_core.package_identification:_identify(src/build) ignored
[0.247s] Level 1:colcon.colcon_core.package_identification:_identify(src/install) by extensions ['ignore', 'ignore_ament_install']
[0.247s] Level 1:colcon.colcon_core.package_identification:_identify(src/install) by extension 'ignore'
[0.247s] Level 1:colcon.colcon_core.package_identification:_identify(src/install) ignored
[0.247s] Level 1:colcon.colcon_core.package_identification:_identify(src/joy_teleop) by extensions ['ignore', 'ignore_ament_install']
[0.247s] Level 1:colcon.colcon_core.package_identification:_identify(src/joy_teleop) by extension 'ignore'
[0.247s] Level 1:colcon.colcon_core.package_identification:_identify(src/joy_teleop) by extension 'ignore_ament_install'
[0.247s] Level 1:colcon.colcon_core.package_identification:_identify(src/joy_teleop) by extensions ['colcon_pkg']
[0.247s] Level 1:colcon.colcon_core.package_identification:_identify(src/joy_teleop) by extension 'colcon_pkg'
[0.247s] Level 1:colcon.colcon_core.package_identification:_identify(src/joy_teleop) by extensions ['colcon_meta']
[0.247s] Level 1:colcon.colcon_core.package_identification:_identify(src/joy_teleop) by extension 'colcon_meta'
[0.248s] Level 1:colcon.colcon_core.package_identification:_identify(src/joy_teleop) by extensions ['ros']
[0.248s] Level 1:colcon.colcon_core.package_identification:_identify(src/joy_teleop) by extension 'ros'
[0.251s] DEBUG:colcon.colcon_core.package_identification:Package 'src/joy_teleop' with type 'ros.ament_python' and name 'joy_teleop'
[0.251s] Level 1:colcon.colcon_core.package_identification:_identify(src/log) by extensions ['ignore', 'ignore_ament_install']
[0.251s] Level 1:colcon.colcon_core.package_identification:_identify(src/log) by extension 'ignore'
[0.251s] Level 1:colcon.colcon_core.package_identification:_identify(src/log) ignored
[0.251s] Level 1:colcon.colcon_core.package_identification:_identify(src/trolley_bringup) by extensions ['ignore', 'ignore_ament_install']
[0.251s] Level 1:colcon.colcon_core.package_identification:_identify(src/trolley_bringup) by extension 'ignore'
[0.251s] Level 1:colcon.colcon_core.package_identification:_identify(src/trolley_bringup) by extension 'ignore_ament_install'
[0.252s] Level 1:colcon.colcon_core.package_identification:_identify(src/trolley_bringup) by extensions ['colcon_pkg']
[0.252s] Level 1:colcon.colcon_core.package_identification:_identify(src/trolley_bringup) by extension 'colcon_pkg'
[0.252s] Level 1:colcon.colcon_core.package_identification:_identify(src/trolley_bringup) by extensions ['colcon_meta']
[0.252s] Level 1:colcon.colcon_core.package_identification:_identify(src/trolley_bringup) by extension 'colcon_meta'
[0.252s] Level 1:colcon.colcon_core.package_identification:_identify(src/trolley_bringup) by extensions ['ros']
[0.252s] Level 1:colcon.colcon_core.package_identification:_identify(src/trolley_bringup) by extension 'ros'
[0.252s] DEBUG:colcon.colcon_core.package_identification:Package 'src/trolley_bringup' with type 'ros.ament_python' and name 'trolley_bringup'
[0.252s] Level 1:colcon.colcon_core.package_identification:_identify(src/trolley_drive) by extensions ['ignore', 'ignore_ament_install']
[0.252s] Level 1:colcon.colcon_core.package_identification:_identify(src/trolley_drive) by extension 'ignore'
[0.253s] Level 1:colcon.colcon_core.package_identification:_identify(src/trolley_drive) by extension 'ignore_ament_install'
[0.253s] Level 1:colcon.colcon_core.package_identification:_identify(src/trolley_drive) by extensions ['colcon_pkg']
[0.253s] Level 1:colcon.colcon_core.package_identification:_identify(src/trolley_drive) by extension 'colcon_pkg'
[0.253s] Level 1:colcon.colcon_core.package_identification:_identify(src/trolley_drive) by extensions ['colcon_meta']
[0.253s] Level 1:colcon.colcon_core.package_identification:_identify(src/trolley_drive) by extension 'colcon_meta'
[0.253s] Level 1:colcon.colcon_core.package_identification:_identify(src/trolley_drive) by extensions ['ros']
[0.253s] Level 1:colcon.colcon_core.package_identification:_identify(src/trolley_drive) by extension 'ros'
[0.253s] DEBUG:colcon.colcon_core.package_identification:Package 'src/trolley_drive' with type 'ros.ament_python' and name 'trolley_drive'
[0.253s] Level 1:colcon.colcon_core.package_discovery:discover_packages(recursive) using defaults
[0.254s] Level 1:colcon.colcon_core.package_discovery:discover_packages(ignore) discover
[0.254s] Level 1:colcon.colcon_core.package_discovery:discover_packages(ignore) using defaults
[0.254s] Level 1:colcon.colcon_core.package_discovery:discover_packages(path) discover
[0.254s] Level 1:colcon.colcon_core.package_discovery:discover_packages(path) using defaults
[0.278s] Level 1:colcon.colcon_core.package_discovery:discover_packages(prefix_path) check parameters
[0.278s] Level 1:colcon.colcon_core.package_discovery:discover_packages(prefix_path) discover
[0.280s] DEBUG:colcon.colcon_installed_package_information.package_discovery:Found 3 installed packages in /home/zuiken/Documents/ichosai_2026_trolley/ros2_ws/install
[0.281s] DEBUG:colcon.colcon_installed_package_information.package_discovery:Found 3 installed packages in /home/zuiken/Documents/ichosai_2026_trolley/ros2_ws/src/install
[0.283s] DEBUG:colcon.colcon_installed_package_information.package_discovery:Found 287 installed packages in /opt/ros/jazzy
[0.286s] Level 1:colcon.colcon_core.package_discovery:discover_packages(prefix_path) using defaults
[0.346s] Level 5:colcon.colcon_core.verb:set package 'joy_teleop' build argument 'cmake_args' from command line to 'None'
[0.346s] Level 5:colcon.colcon_core.verb:set package 'joy_teleop' build argument 'cmake_target' from command line to 'None'
[0.346s] Level 5:colcon.colcon_core.verb:set package 'joy_teleop' build argument 'cmake_target_skip_unavailable' from command line to 'False'
[0.346s] Level 5:colcon.colcon_core.verb:set package 'joy_teleop' build argument 'cmake_clean_cache' from command line to 'False'
[0.346s] Level 5:colcon.colcon_core.verb:set package 'joy_teleop' build argument 'cmake_clean_first' from command line to 'False'
[0.346s] Level 5:colcon.colcon_core.verb:set package 'joy_teleop' build argument 'cmake_force_configure' from command line to 'False'
[0.346s] Level 5:colcon.colcon_core.verb:set package 'joy_teleop' build argument 'ament_cmake_args' from command line to 'None'
[0.346s] Level 5:colcon.colcon_core.verb:set package 'joy_teleop' build argument 'catkin_cmake_args' from command line to 'None'
[0.346s] Level 5:colcon.colcon_core.verb:set package 'joy_teleop' build argument 'catkin_skip_building_tests' from command line to 'False'
[0.347s] DEBUG:colcon.colcon_core.verb:Building package 'joy_teleop' with the following arguments: {'ament_cmake_args': None, 'build_base': '/home/zuiken/Documents/ichosai_2026_trolley/ros2_ws/build/joy_teleop', 'catkin_cmake_args': None, 'catkin_skip_building_tests': False, 'cmake_args': None, 'cmake_clean_cache': False, 'cmake_clean_first': False, 'cmake_force_configure': False, 'cmake_target': None, 'cmake_target_skip_unavailable': False, 'install_base': '/home/zuiken/Documents/ichosai_2026_trolley/ros2_ws/install/joy_teleop', 'merge_install': False, 'path': '/home/zuiken/Documents/ichosai_2026_trolley/ros2_ws/src/joy_teleop', 'symlink_install': False, 'test_result_base': None}
[0.347s] Level 5:colcon.colcon_core.verb:set package 'trolley_bringup' build argument 'cmake_args' from command line to 'None'
[0.347s] Level 5:colcon.colcon_core.verb:set package 'trolley_bringup' build argument 'cmake_target' from command line to 'None'
[0.347s] Level 5:colcon.colcon_core.verb:set package 'trolley_bringup' build argument 'cmake_target_skip_unavailable' from command line to 'False'
[0.347s] Level 5:colcon.colcon_core.verb:set package 'trolley_bringup' build argument 'cmake_clean_cache' from command line to 'False'
[0.347s] Level 5:colcon.colcon_core.verb:set package 'trolley_bringup' build argument 'cmake_clean_first' from command line to 'False'
[0.347s] Level 5:colcon.colcon_core.verb:set package 'trolley_bringup' build argument 'cmake_force_configure' from command line to 'False'
[0.347s] Level 5:colcon.colcon_core.verb:set package 'trolley_bringup' build argument 'ament_cmake_args' from command line to 'None'
[0.347s] Level 5:colcon.colcon_core.verb:set package 'trolley_bringup' build argument 'catkin_cmake_args' from command line to 'None'
[0.347s] Level 5:colcon.colcon_core.verb:set package 'trolley_bringup' build argument 'catkin_skip_building_tests' from command line to 'False'
[0.347s] DEBUG:colcon.colcon_core.verb:Building package 'trolley_bringup' with the following arguments: {'ament_cmake_args': None, 'build_base': '/home/zuiken/Documents/ichosai_2026_trolley/ros2_ws/build/trolley_bringup', 'catkin_cmake_args': None, 'catkin_skip_building_tests': False, 'cmake_args': None, 'cmake_clean_cache': False, 'cmake_clean_first': False, 'cmake_force_configure': False, 'cmake_target': None, 'cmake_target_skip_unavailable': False, 'install_base': '/home/zuiken/Documents/ichosai_2026_trolley/ros2_ws/install/trolley_bringup', 'merge_install': False, 'path': '/home/zuiken/Documents/ichosai_2026_trolley/ros2_ws/src/trolley_bringup', 'symlink_install': False, 'test_result_base': None}
[0.348s] Level 5:colcon.colcon_core.verb:set package 'trolley_drive' build argument 'cmake_args' from command line to 'None'
[0.348s] Level 5:colcon.colcon_core.verb:set package 'trolley_drive' build argument 'cmake_target' from command line to 'None'
[0.348s] Level 5:colcon.colcon_core.verb:set package 'trolley_drive' build argument 'cmake_target_skip_unavailable' from command line to 'False'
[0.348s] Level 5:colcon.colcon_core.verb:set package 'trolley_drive' build argument 'cmake_clean_cache' from command line to 'False'
[0.348s] Level 5:colcon.colcon_core.verb:set package 'trolley_drive' build argument 'cmake_clean_first' from command line to 'False'
[0.348s] Level 5:colcon.colcon_core.verb:set package 'trolley_drive' build argument 'cmake_force_configure' from command line to 'False'
[0.348s] Level 5:colcon.colcon_core.verb:set package 'trolley_drive' build argument 'ament_cmake_args' from command line to 'None'
[0.348s] Level 5:colcon.colcon_core.verb:set package 'trolley_drive' build argument 'catkin_cmake_args' from command line to 'None'
[0.348s] Level 5:colcon.colcon_core.verb:set package 'trolley_drive' build argument 'catkin_skip_building_tests' from command line to 'False'
[0.348s] DEBUG:colcon.colcon_core.verb:Building package 'trolley_drive' with the following arguments: {'ament_cmake_args': None, 'build_base': '/home/zuiken/Documents/ichosai_2026_trolley/ros2_ws/build/trolley_drive', 'catkin_cmake_args': None, 'catkin_skip_building_tests': False, 'cmake_args': None, 'cmake_clean_cache': False, 'cmake_clean_first': False, 'cmake_force_configure': False, 'cmake_target': None, 'cmake_target_skip_unavailable': False, 'install_base': '/home/zuiken/Documents/ichosai_2026_trolley/ros2_ws/install/trolley_drive', 'merge_install': False, 'path': '/home/zuiken/Documents/ichosai_2026_trolley/ros2_ws/src/trolley_drive', 'symlink_install': False, 'test_result_base': None}
[0.348s] INFO:colcon.colcon_core.executor:Executing jobs using 'parallel' executor
[0.349s] DEBUG:colcon.colcon_parallel_executor.executor.parallel:run_until_complete
[0.350s] INFO:colcon.colcon_ros.task.ament_python.build:Building ROS package in '/home/zuiken/Documents/ichosai_2026_trolley/ros2_ws/src/joy_teleop' with build type 'ament_python'
[0.350s] Level 1:colcon.colcon_core.shell:create_environment_hook('joy_teleop', 'ament_prefix_path')
[0.352s] INFO:colcon.colcon_core.plugin_system:Skipping extension 'colcon_core.shell.bat': Not used on non-Windows systems
[0.353s] INFO:colcon.colcon_core.shell:Creating environment hook '/home/zuiken/Documents/ichosai_2026_trolley/ros2_ws/install/joy_teleop/share/joy_teleop/hook/ament_prefix_path.ps1'
[1.070s] INFO:colcon.colcon_core.shell:Creating environment descriptor '/home/zuiken/Documents/ichosai_2026_trolley/ros2_ws/install/joy_teleop/share/joy_teleop/hook/ament_prefix_path.dsv'
[1.071s] INFO:colcon.colcon_core.shell:Creating environment hook '/home/zuiken/Documents/ichosai_2026_trolley/ros2_ws/install/joy_teleop/share/joy_teleop/hook/ament_prefix_path.sh'
[1.072s] INFO:colcon.colcon_core.shell:Skip shell extension 'powershell' for command environment: Not usable outside of PowerShell
[1.072s] DEBUG:colcon.colcon_core.shell:Skip shell extension 'dsv' for command environment
[1.080s] INFO:colcon.colcon_ros.task.ament_python.build:Building ROS package in '/home/zuiken/Documents/ichosai_2026_trolley/ros2_ws/src/trolley_bringup' with build type 'ament_python'
[1.081s] Level 1:colcon.colcon_core.shell:create_environment_hook('trolley_bringup', 'ament_prefix_path')
[1.081s] INFO:colcon.colcon_core.shell:Creating environment hook '/home/zuiken/Documents/ichosai_2026_trolley/ros2_ws/install/trolley_bringup/share/trolley_bringup/hook/ament_prefix_path.ps1'
[1.082s] INFO:colcon.colcon_core.shell:Creating environment descriptor '/home/zuiken/Documents/ichosai_2026_trolley/ros2_ws/install/trolley_bringup/share/trolley_bringup/hook/ament_prefix_path.dsv'
[1.083s] INFO:colcon.colcon_core.shell:Creating environment hook '/home/zuiken/Documents/ichosai_2026_trolley/ros2_ws/install/trolley_bringup/share/trolley_bringup/hook/ament_prefix_path.sh'
[1.084s] INFO:colcon.colcon_core.shell:Skip shell extension 'powershell' for command environment: Not usable outside of PowerShell
[1.084s] DEBUG:colcon.colcon_core.shell:Skip shell extension 'dsv' for command environment
[1.089s] INFO:colcon.colcon_ros.task.ament_python.build:Building ROS package in '/home/zuiken/Documents/ichosai_2026_trolley/ros2_ws/src/trolley_drive' with build type 'ament_python'
[1.089s] Level 1:colcon.colcon_core.shell:create_environment_hook('trolley_drive', 'ament_prefix_path')
[1.090s] INFO:colcon.colcon_core.shell:Creating environment hook '/home/zuiken/Documents/ichosai_2026_trolley/ros2_ws/install/trolley_drive/share/trolley_drive/hook/ament_prefix_path.ps1'
[1.091s] INFO:colcon.colcon_core.shell:Creating environment descriptor '/home/zuiken/Documents/ichosai_2026_trolley/ros2_ws/install/trolley_drive/share/trolley_drive/hook/ament_prefix_path.dsv'
[1.091s] INFO:colcon.colcon_core.shell:Creating environment hook '/home/zuiken/Documents/ichosai_2026_trolley/ros2_ws/install/trolley_drive/share/trolley_drive/hook/ament_prefix_path.sh'
[1.092s] INFO:colcon.colcon_core.shell:Skip shell extension 'powershell' for command environment: Not usable outside of PowerShell
[1.092s] DEBUG:colcon.colcon_core.shell:Skip shell extension 'dsv' for command environment
[1.413s] INFO:colcon.colcon_core.task.python.build:Building Python package in '/home/zuiken/Documents/ichosai_2026_trolley/ros2_ws/src/joy_teleop'
[1.413s] INFO:colcon.colcon_core.shell:Skip shell extension 'powershell' for command environment: Not usable outside of PowerShell
[1.413s] DEBUG:colcon.colcon_core.shell:Skip shell extension 'dsv' for command environment
[1.982s] INFO:colcon.colcon_core.task.python.build:Building Python package in '/home/zuiken/Documents/ichosai_2026_trolley/ros2_ws/src/trolley_bringup'
[1.983s] INFO:colcon.colcon_core.shell:Skip shell extension 'powershell' for command environment: Not usable outside of PowerShell
[1.983s] DEBUG:colcon.colcon_core.shell:Skip shell extension 'dsv' for command environment
[2.494s] INFO:colcon.colcon_core.task.python.build:Building Python package in '/home/zuiken/Documents/ichosai_2026_trolley/ros2_ws/src/trolley_drive'
[2.827s] INFO:colcon.colcon_core.shell:Skip shell extension 'powershell' for command environment: Not usable outside of PowerShell
[2.827s] DEBUG:colcon.colcon_core.shell:Skip shell extension 'dsv' for command environment
[3.958s] DEBUG:colcon.colcon_core.task.python.build:Available setuptools commands: install_scripts, test, setopt, dist_info, bdist_dumb, editable_wheel, saveopts, install_lib, easy_install, bdist_rpm, install_data, register, clean, egg_info, bdist_wheel, init_catalog, bdist, upload_docs, install_egg_info, sdist, alias, build_ext, install, bdist_egg, rotate, build, build_clib, compile_catalog, extract_messages, upload, update_catalog, symlink_data, install_headers, check, build_scripts, build_py, develop
[4.194s] DEBUG:colcon.colcon_core.event_handler.log_command:Invoking command in '/home/zuiken/Documents/ichosai_2026_trolley/ros2_ws/src/trolley_drive': PYTHONPATH=/home/zuiken/Documents/ichosai_2026_trolley/ros2_ws/build/trolley_drive/prefix_override:/usr/lib/python3/dist-packages/colcon_core/task/python/colcon_distutils_commands:/home/zuiken/Documents/ichosai_2026_trolley/ros2_ws/install/trolley_drive/lib/python3.12/site-packages:${PYTHONPATH} /usr/bin/python3 -W ignore:setup.py install is deprecated -W ignore:easy_install command is deprecated setup.py egg_info --egg-base ../../build/trolley_drive build --build-base /home/zuiken/Documents/ichosai_2026_trolley/ros2_ws/build/trolley_drive/build install --record /home/zuiken/Documents/ichosai_2026_trolley/ros2_ws/build/trolley_drive/install.log --install-scripts $base/lib/trolley_drive --single-version-externally-managed install_data
[5.039s] DEBUG:colcon.colcon_core.task.python.build:Available setuptools commands: install_scripts, test, setopt, dist_info, bdist_dumb, editable_wheel, saveopts, install_lib, easy_install, bdist_rpm, install_data, register, clean, egg_info, bdist_wheel, init_catalog, bdist, upload_docs, install_egg_info, sdist, alias, build_ext, install, bdist_egg, rotate, build, build_clib, compile_catalog, extract_messages, upload, update_catalog, symlink_data, install_headers, check, build_scripts, build_py, develop
[5.042s] DEBUG:colcon.colcon_core.event_handler.log_command:Invoking command in '/home/zuiken/Documents/ichosai_2026_trolley/ros2_ws/src/trolley_bringup': PYTHONPATH=/home/zuiken/Documents/ichosai_2026_trolley/ros2_ws/build/trolley_bringup/prefix_override:/usr/lib/python3/dist-packages/colcon_core/task/python/colcon_distutils_commands:/home/zuiken/Documents/ichosai_2026_trolley/ros2_ws/install/trolley_bringup/lib/python3.12/site-packages:${PYTHONPATH} /usr/bin/python3 -W ignore:setup.py install is deprecated -W ignore:easy_install command is deprecated setup.py egg_info --egg-base ../../build/trolley_bringup build --build-base /home/zuiken/Documents/ichosai_2026_trolley/ros2_ws/build/trolley_bringup/build install --record /home/zuiken/Documents/ichosai_2026_trolley/ros2_ws/build/trolley_bringup/install.log --install-scripts $base/lib/trolley_bringup --single-version-externally-managed install_data
[5.200s] DEBUG:colcon.colcon_core.task.python.build:Available setuptools commands: install_scripts, test, setopt, dist_info, bdist_dumb, editable_wheel, saveopts, install_lib, easy_install, bdist_rpm, install_data, register, clean, egg_info, bdist_wheel, init_catalog, bdist, upload_docs, install_egg_info, sdist, alias, build_ext, install, bdist_egg, rotate, build, build_clib, compile_catalog, extract_messages, upload, update_catalog, symlink_data, install_headers, check, build_scripts, build_py, develop
[5.203s] DEBUG:colcon.colcon_core.event_handler.log_command:Invoking command in '/home/zuiken/Documents/ichosai_2026_trolley/ros2_ws/src/joy_teleop': PYTHONPATH=/home/zuiken/Documents/ichosai_2026_trolley/ros2_ws/build/joy_teleop/prefix_override:/usr/lib/python3/dist-packages/colcon_core/task/python/colcon_distutils_commands:/home/zuiken/Documents/ichosai_2026_trolley/ros2_ws/install/joy_teleop/lib/python3.12/site-packages:${PYTHONPATH} /usr/bin/python3 -W ignore:setup.py install is deprecated -W ignore:easy_install command is deprecated setup.py egg_info --egg-base ../../build/joy_teleop build --build-base /home/zuiken/Documents/ichosai_2026_trolley/ros2_ws/build/joy_teleop/build install --record /home/zuiken/Documents/ichosai_2026_trolley/ros2_ws/build/joy_teleop/install.log --install-scripts $base/lib/joy_teleop --single-version-externally-managed install_data
[7.604s] DEBUG:colcon.colcon_core.event_handler.log_command:Invoked command in '/home/zuiken/Documents/ichosai_2026_trolley/ros2_ws/src/trolley_drive' returned '0': PYTHONPATH=/home/zuiken/Documents/ichosai_2026_trolley/ros2_ws/build/trolley_drive/prefix_override:/usr/lib/python3/dist-packages/colcon_core/task/python/colcon_distutils_commands:/home/zuiken/Documents/ichosai_2026_trolley/ros2_ws/install/trolley_drive/lib/python3.12/site-packages:${PYTHONPATH} /usr/bin/python3 -W ignore:setup.py install is deprecated -W ignore:easy_install command is deprecated setup.py egg_info --egg-base ../../build/trolley_drive build --build-base /home/zuiken/Documents/ichosai_2026_trolley/ros2_ws/build/trolley_drive/build install --record /home/zuiken/Documents/ichosai_2026_trolley/ros2_ws/build/trolley_drive/install.log --install-scripts $base/lib/trolley_drive --single-version-externally-managed install_data
[7.607s] Level 1:colcon.colcon_core.environment:checking '/home/zuiken/Documents/ichosai_2026_trolley/ros2_ws/install/trolley_drive' for CMake module files
[7.607s] Level 1:colcon.colcon_core.environment:checking '/home/zuiken/Documents/ichosai_2026_trolley/ros2_ws/install/trolley_drive' for CMake config files
[7.608s] Level 1:colcon.colcon_core.environment:checking '/home/zuiken/Documents/ichosai_2026_trolley/ros2_ws/install/trolley_drive/lib'
[7.608s] Level 1:colcon.colcon_core.environment:checking '/home/zuiken/Documents/ichosai_2026_trolley/ros2_ws/install/trolley_drive/bin'
[7.609s] Level 1:colcon.colcon_core.environment:checking '/home/zuiken/Documents/ichosai_2026_trolley/ros2_ws/install/trolley_drive/lib/pkgconfig/trolley_drive.pc'
[7.609s] Level 1:colcon.colcon_core.environment:checking '/home/zuiken/Documents/ichosai_2026_trolley/ros2_ws/install/trolley_drive/lib/python3.12/site-packages'
[7.609s] Level 1:colcon.colcon_core.shell:create_environment_hook('trolley_drive', 'pythonpath')
[7.609s] INFO:colcon.colcon_core.shell:Creating environment hook '/home/zuiken/Documents/ichosai_2026_trolley/ros2_ws/install/trolley_drive/share/trolley_drive/hook/pythonpath.ps1'
[8.387s] INFO:colcon.colcon_core.shell:Creating environment descriptor '/home/zuiken/Documents/ichosai_2026_trolley/ros2_ws/install/trolley_drive/share/trolley_drive/hook/pythonpath.dsv'
[8.388s] INFO:colcon.colcon_core.shell:Creating environment hook '/home/zuiken/Documents/ichosai_2026_trolley/ros2_ws/install/trolley_drive/share/trolley_drive/hook/pythonpath.sh'
[9.032s] Level 1:colcon.colcon_core.environment:checking '/home/zuiken/Documents/ichosai_2026_trolley/ros2_ws/install/trolley_drive/bin'
[9.032s] Level 1:colcon.colcon_core.environment:create_environment_scripts_only(trolley_drive)
[9.033s] INFO:colcon.colcon_core.shell:Creating package script '/home/zuiken/Documents/ichosai_2026_trolley/ros2_ws/install/trolley_drive/share/trolley_drive/package.ps1'
[9.338s] INFO:colcon.colcon_core.shell:Creating package descriptor '/home/zuiken/Documents/ichosai_2026_trolley/ros2_ws/install/trolley_drive/share/trolley_drive/package.dsv'
[9.924s] INFO:colcon.colcon_core.shell:Creating package script '/home/zuiken/Documents/ichosai_2026_trolley/ros2_ws/install/trolley_drive/share/trolley_drive/package.sh'
[10.412s] INFO:colcon.colcon_core.shell:Creating package script '/home/zuiken/Documents/ichosai_2026_trolley/ros2_ws/install/trolley_drive/share/trolley_drive/package.bash'
[11.156s] INFO:colcon.colcon_core.shell:Creating package script '/home/zuiken/Documents/ichosai_2026_trolley/ros2_ws/install/trolley_drive/share/trolley_drive/package.zsh'
[11.444s] Level 1:colcon.colcon_core.environment:create_file_with_runtime_dependencies(/home/zuiken/Documents/ichosai_2026_trolley/ros2_ws/install/trolley_drive/share/colcon-core/packages/trolley_drive)
[12.097s] Level 1:colcon.colcon_core.environment:checking '/home/zuiken/Documents/ichosai_2026_trolley/ros2_ws/install/trolley_bringup' for CMake module files
[12.098s] Level 1:colcon.colcon_core.environment:checking '/home/zuiken/Documents/ichosai_2026_trolley/ros2_ws/install/trolley_bringup' for CMake config files
[12.099s] Level 1:colcon.colcon_core.environment:checking '/home/zuiken/Documents/ichosai_2026_trolley/ros2_ws/install/trolley_bringup/lib'
[12.099s] Level 1:colcon.colcon_core.environment:checking '/home/zuiken/Documents/ichosai_2026_trolley/ros2_ws/install/trolley_bringup/bin'
[12.099s] Level 1:colcon.colcon_core.environment:checking '/home/zuiken/Documents/ichosai_2026_trolley/ros2_ws/install/trolley_bringup/lib/pkgconfig/trolley_bringup.pc'
[12.100s] Level 1:colcon.colcon_core.environment:checking '/home/zuiken/Documents/ichosai_2026_trolley/ros2_ws/install/trolley_bringup/lib/python3.12/site-packages'
[12.100s] Level 1:colcon.colcon_core.shell:create_environment_hook('trolley_bringup', 'pythonpath')
[12.101s] INFO:colcon.colcon_core.shell:Creating environment hook '/home/zuiken/Documents/ichosai_2026_trolley/ros2_ws/install/trolley_bringup/share/trolley_bringup/hook/pythonpath.ps1'
[12.541s] DEBUG:colcon.colcon_core.event_handler.log_command:Invoked command in '/home/zuiken/Documents/ichosai_2026_trolley/ros2_ws/src/trolley_bringup' returned '0': PYTHONPATH=/home/zuiken/Documents/ichosai_2026_trolley/ros2_ws/build/trolley_bringup/prefix_override:/usr/lib/python3/dist-packages/colcon_core/task/python/colcon_distutils_commands:/home/zuiken/Documents/ichosai_2026_trolley/ros2_ws/install/trolley_bringup/lib/python3.12/site-packages:${PYTHONPATH} /usr/bin/python3 -W ignore:setup.py install is deprecated -W ignore:easy_install command is deprecated setup.py egg_info --egg-base ../../build/trolley_bringup build --build-base /home/zuiken/Documents/ichosai_2026_trolley/ros2_ws/build/trolley_bringup/build install --record /home/zuiken/Documents/ichosai_2026_trolley/ros2_ws/build/trolley_bringup/install.log --install-scripts $base/lib/trolley_bringup --single-version-externally-managed install_data
[12.685s] INFO:colcon.colcon_core.shell:Creating environment descriptor '/home/zuiken/Documents/ichosai_2026_trolley/ros2_ws/install/trolley_bringup/share/trolley_bringup/hook/pythonpath.dsv'
[12.686s] INFO:colcon.colcon_core.shell:Creating environment hook '/home/zuiken/Documents/ichosai_2026_trolley/ros2_ws/install/trolley_bringup/share/trolley_bringup/hook/pythonpath.sh'
[12.687s] Level 1:colcon.colcon_core.environment:checking '/home/zuiken/Documents/ichosai_2026_trolley/ros2_ws/install/trolley_bringup/bin'
[12.687s] Level 1:colcon.colcon_core.environment:create_environment_scripts_only(trolley_bringup)
[12.688s] INFO:colcon.colcon_core.shell:Creating package script '/home/zuiken/Documents/ichosai_2026_trolley/ros2_ws/install/trolley_bringup/share/trolley_bringup/package.ps1'
[12.689s] INFO:colcon.colcon_core.shell:Creating package descriptor '/home/zuiken/Documents/ichosai_2026_trolley/ros2_ws/install/trolley_bringup/share/trolley_bringup/package.dsv'
[12.690s] INFO:colcon.colcon_core.shell:Creating package script '/home/zuiken/Documents/ichosai_2026_trolley/ros2_ws/install/trolley_bringup/share/trolley_bringup/package.sh'
[12.690s] INFO:colcon.colcon_core.shell:Creating package script '/home/zuiken/Documents/ichosai_2026_trolley/ros2_ws/install/trolley_bringup/share/trolley_bringup/package.bash'
[12.691s] INFO:colcon.colcon_core.shell:Creating package script '/home/zuiken/Documents/ichosai_2026_trolley/ros2_ws/install/trolley_bringup/share/trolley_bringup/package.zsh'
[12.691s] Level 1:colcon.colcon_core.environment:create_file_with_runtime_dependencies(/home/zuiken/Documents/ichosai_2026_trolley/ros2_ws/install/trolley_bringup/share/colcon-core/packages/trolley_bringup)
[12.692s] Level 1:colcon.colcon_core.environment:checking '/home/zuiken/Documents/ichosai_2026_trolley/ros2_ws/install/joy_teleop' for CMake module files
[12.694s] Level 1:colcon.colcon_core.environment:checking '/home/zuiken/Documents/ichosai_2026_trolley/ros2_ws/install/joy_teleop' for CMake config files
[12.695s] Level 1:colcon.colcon_core.environment:checking '/home/zuiken/Documents/ichosai_2026_trolley/ros2_ws/install/joy_teleop/lib'
[12.695s] Level 1:colcon.colcon_core.environment:checking '/home/zuiken/Documents/ichosai_2026_trolley/ros2_ws/install/joy_teleop/bin'
[12.695s] Level 1:colcon.colcon_core.environment:checking '/home/zuiken/Documents/ichosai_2026_trolley/ros2_ws/install/joy_teleop/lib/pkgconfig/joy_teleop.pc'
[12.696s] Level 1:colcon.colcon_core.environment:checking '/home/zuiken/Documents/ichosai_2026_trolley/ros2_ws/install/joy_teleop/lib/python3.12/site-packages'
[12.696s] Level 1:colcon.colcon_core.shell:create_environment_hook('joy_teleop', 'pythonpath')
[12.696s] INFO:colcon.colcon_core.shell:Creating environment hook '/home/zuiken/Documents/ichosai_2026_trolley/ros2_ws/install/joy_teleop/share/joy_teleop/hook/pythonpath.ps1'
[12.697s] INFO:colcon.colcon_core.shell:Creating environment descriptor '/home/zuiken/Documents/ichosai_2026_trolley/ros2_ws/install/joy_teleop/share/joy_teleop/hook/pythonpath.dsv'
[12.697s] INFO:colcon.colcon_core.shell:Creating environment hook '/home/zuiken/Documents/ichosai_2026_trolley/ros2_ws/install/joy_teleop/share/joy_teleop/hook/pythonpath.sh'
[12.698s] Level 1:colcon.colcon_core.environment:checking '/home/zuiken/Documents/ichosai_2026_trolley/ros2_ws/install/joy_teleop/bin'
[12.698s] Level 1:colcon.colcon_core.environment:create_environment_scripts_only(joy_teleop)
[12.699s] INFO:colcon.colcon_core.shell:Creating package script '/home/zuiken/Documents/ichosai_2026_trolley/ros2_ws/install/joy_teleop/share/joy_teleop/package.ps1'
[12.700s] INFO:colcon.colcon_core.shell:Creating package descriptor '/home/zuiken/Documents/ichosai_2026_trolley/ros2_ws/install/joy_teleop/share/joy_teleop/package.dsv'
[12.700s] INFO:colcon.colcon_core.shell:Creating package script '/home/zuiken/Documents/ichosai_2026_trolley/ros2_ws/install/joy_teleop/share/joy_teleop/package.sh'
[12.701s] INFO:colcon.colcon_core.shell:Creating package script '/home/zuiken/Documents/ichosai_2026_trolley/ros2_ws/install/joy_teleop/share/joy_teleop/package.bash'
[12.701s] INFO:colcon.colcon_core.shell:Creating package script '/home/zuiken/Documents/ichosai_2026_trolley/ros2_ws/install/joy_teleop/share/joy_teleop/package.zsh'
[12.701s] Level 1:colcon.colcon_core.environment:create_file_with_runtime_dependencies(/home/zuiken/Documents/ichosai_2026_trolley/ros2_ws/install/joy_teleop/share/colcon-core/packages/joy_teleop)
[12.702s] DEBUG:colcon.colcon_parallel_executor.executor.parallel:closing loop
[12.702s] DEBUG:colcon.colcon_parallel_executor.executor.parallel:loop closed
[12.702s] DEBUG:colcon.colcon_parallel_executor.executor.parallel:run_until_complete finished with '0'
[12.702s] DEBUG:colcon.colcon_core.event_reactor:joining thread
[12.979s] DEBUG:colcon.colcon_core.event_handler.log_command:Invoked command in '/home/zuiken/Documents/ichosai_2026_trolley/ros2_ws/src/joy_teleop' returned '0': PYTHONPATH=/home/zuiken/Documents/ichosai_2026_trolley/ros2_ws/build/joy_teleop/prefix_override:/usr/lib/python3/dist-packages/colcon_core/task/python/colcon_distutils_commands:/home/zuiken/Documents/ichosai_2026_trolley/ros2_ws/install/joy_teleop/lib/python3.12/site-packages:${PYTHONPATH} /usr/bin/python3 -W ignore:setup.py install is deprecated -W ignore:easy_install command is deprecated setup.py egg_info --egg-base ../../build/joy_teleop build --build-base /home/zuiken/Documents/ichosai_2026_trolley/ros2_ws/build/joy_teleop/build install --record /home/zuiken/Documents/ichosai_2026_trolley/ros2_ws/build/joy_teleop/install.log --install-scripts $base/lib/joy_teleop --single-version-externally-managed install_data
[13.170s] DEBUG:colcon.colcon_core.event_reactor:joined thread
[13.170s] INFO:colcon.colcon_core.shell:Creating prefix script '/home/zuiken/Documents/ichosai_2026_trolley/ros2_ws/install/local_setup.ps1'
[13.738s] INFO:colcon.colcon_core.shell:Creating prefix util module '/home/zuiken/Documents/ichosai_2026_trolley/ros2_ws/install/_local_setup_util_ps1.py'
[14.187s] INFO:colcon.colcon_core.shell:Creating prefix chain script '/home/zuiken/Documents/ichosai_2026_trolley/ros2_ws/install/setup.ps1'
[14.189s] INFO:colcon.colcon_core.shell:Creating prefix script '/home/zuiken/Documents/ichosai_2026_trolley/ros2_ws/install/local_setup.sh'
[14.190s] INFO:colcon.colcon_core.shell:Creating prefix util module '/home/zuiken/Documents/ichosai_2026_trolley/ros2_ws/install/_local_setup_util_sh.py'
[14.191s] INFO:colcon.colcon_core.shell:Creating prefix chain script '/home/zuiken/Documents/ichosai_2026_trolley/ros2_ws/install/setup.sh'
[14.193s] INFO:colcon.colcon_core.shell:Creating prefix script '/home/zuiken/Documents/ichosai_2026_trolley/ros2_ws/install/local_setup.bash'
[14.194s] INFO:colcon.colcon_core.shell:Creating prefix chain script '/home/zuiken/Documents/ichosai_2026_trolley/ros2_ws/install/setup.bash'
[14.196s] INFO:colcon.colcon_core.shell:Creating prefix script '/home/zuiken/Documents/ichosai_2026_trolley/ros2_ws/install/local_setup.zsh'
[14.197s] INFO:colcon.colcon_core.shell:Creating prefix chain script '/home/zuiken/Documents/ichosai_2026_trolley/ros2_ws/install/setup.zsh'
