running egg_info
writing ../build/trolley_api/trolley_api.egg-info/PKG-INFO
writing dependency_links to ../build/trolley_api/trolley_api.egg-info/dependency_links.txt
writing entry points to ../build/trolley_api/trolley_api.egg-info/entry_points.txt
writing requirements to ../build/trolley_api/trolley_api.egg-info/requires.txt
writing top-level names to ../build/trolley_api/trolley_api.egg-info/top_level.txt
reading manifest file '../build/trolley_api/trolley_api.egg-info/SOURCES.txt'
writing manifest file '../build/trolley_api/trolley_api.egg-info/SOURCES.txt'
running build
running build_py
copying trolley_api/api_server.py -> /home/zuiken/Documents/ichosai_2026_trolley/ros2_ws/src/build/trolley_api/build/lib/trolley_api
running install
running install_lib
copying /home/zuiken/Documents/ichosai_2026_trolley/ros2_ws/src/build/trolley_api/build/lib/trolley_api/api_server.py -> /home/zuiken/Documents/ichosai_2026_trolley/ros2_ws/src/install/trolley_api/lib/python3.12/site-packages/trolley_api
byte-compiling /home/zuiken/Documents/ichosai_2026_trolley/ros2_ws/src/install/trolley_api/lib/python3.12/site-packages/trolley_api/api_server.py to api_server.cpython-312.pyc
running install_data
running install_egg_info
removing '/home/zuiken/Documents/ichosai_2026_trolley/ros2_ws/src/install/trolley_api/lib/python3.12/site-packages/trolley_api-0.0.0-py3.12.egg-info' (and everything under it)
Copying ../build/trolley_api/trolley_api.egg-info to /home/zuiken/Documents/ichosai_2026_trolley/ros2_ws/src/install/trolley_api/lib/python3.12/site-packages/trolley_api-0.0.0-py3.12.egg-info
running install_scripts
Installing api_server script to /home/zuiken/Documents/ichosai_2026_trolley/ros2_ws/src/install/trolley_api/lib/trolley_api
writing list of installed files to '/home/zuiken/Documents/ichosai_2026_trolley/ros2_ws/src/build/trolley_api/install.log'
