[3.336s] Invoking command in '/home/zuiken/Documents/ichosai_2026_trolley/ros2_ws/src/joy_teleop': DEBUGINFOD_URLS=https://debuginfod.ubuntu.com PYTHONPATH=/home/zuiken/Documents/ichosai_2026_trolley/ros2_ws/src/build/joy_teleop/prefix_override:/usr/lib/python3/dist-packages/colcon_core/task/python/colcon_distutils_commands:/home/zuiken/Documents/ichosai_2026_trolley/ros2_ws/src/install/joy_teleop/lib/python3.12/site-packages:${PYTHONPATH} /usr/bin/python3 -W ignore:setup.py install is deprecated -W ignore:easy_install command is deprecated setup.py egg_info --egg-base ../build/joy_teleop build --build-base /home/zuiken/Documents/ichosai_2026_trolley/ros2_ws/src/build/joy_teleop/build install --record /home/zuiken/Documents/ichosai_2026_trolley/ros2_ws/src/build/joy_teleop/install.log --install-scripts $base/lib/joy_teleop --single-version-externally-managed install_data
[3.835s] running egg_info
[3.872s] writing ../build/joy_teleop/joy_teleop.egg-info/PKG-INFO
[3.872s] writing dependency_links to ../build/joy_teleop/joy_teleop.egg-info/dependency_links.txt
[3.874s] writing entry points to ../build/joy_teleop/joy_teleop.egg-info/entry_points.txt
[3.874s] writing requirements to ../build/joy_teleop/joy_teleop.egg-info/requires.txt
[3.874s] writing top-level names to ../build/joy_teleop/joy_teleop.egg-info/top_level.txt
[3.944s] reading manifest file '../build/joy_teleop/joy_teleop.egg-info/SOURCES.txt'
[3.947s] writing manifest file '../build/joy_teleop/joy_teleop.egg-info/SOURCES.txt'
[3.947s] running build
[3.947s] running build_py
[3.947s] running install
[3.959s] running install_lib
[3.995s] running install_data
[3.995s] running install_egg_info
[4.033s] removing '/home/zuiken/Documents/ichosai_2026_trolley/ros2_ws/src/install/joy_teleop/lib/python3.12/site-packages/joy_teleop-0.0.0-py3.12.egg-info' (and everything under it)
[4.033s] Copying ../build/joy_teleop/joy_teleop.egg-info to /home/zuiken/Documents/ichosai_2026_trolley/ros2_ws/src/install/joy_teleop/lib/python3.12/site-packages/joy_teleop-0.0.0-py3.12.egg-info
[4.035s] running install_scripts
[4.270s] Installing joy_teleop script to /home/zuiken/Documents/ichosai_2026_trolley/ros2_ws/src/install/joy_teleop/lib/joy_teleop
[4.271s] writing list of installed files to '/home/zuiken/Documents/ichosai_2026_trolley/ros2_ws/src/build/joy_teleop/install.log'
[4.491s] Invoked command in '/home/zuiken/Documents/ichosai_2026_trolley/ros2_ws/src/joy_teleop' returned '0': DEBUGINFOD_URLS=https://debuginfod.ubuntu.com PYTHONPATH=/home/zuiken/Documents/ichosai_2026_trolley/ros2_ws/src/build/joy_teleop/prefix_override:/usr/lib/python3/dist-packages/colcon_core/task/python/colcon_distutils_commands:/home/zuiken/Documents/ichosai_2026_trolley/ros2_ws/src/install/joy_teleop/lib/python3.12/site-packages:${PYTHONPATH} /usr/bin/python3 -W ignore:setup.py install is deprecated -W ignore:easy_install command is deprecated setup.py egg_info --egg-base ../build/joy_teleop build --build-base /home/zuiken/Documents/ichosai_2026_trolley/ros2_ws/src/build/joy_teleop/build install --record /home/zuiken/Documents/ichosai_2026_trolley/ros2_ws/src/build/joy_teleop/install.log --install-scripts $base/lib/joy_teleop --single-version-externally-managed install_data
