[0.141s] DEBUG:colcon:Command line arguments: ['/usr/bin/colcon', 'build']
[0.141s] DEBUG:colcon:Parsed command line arguments: Namespace(log_base=None, log_level=None, verb_name='build', build_base='build', install_base='install', merge_install=False, symlink_install=False, test_result_base=None, continue_on_error=False, executor='parallel', parallel_workers=4, event_handlers=None, ignore_user_meta=False, metas=['./colcon.meta'], base_paths=['.'], packages_ignore=None, packages_ignore_regex=None, paths=None, packages_up_to=None, packages_up_to_regex=None, packages_above=None, packages_above_and_dependencies=None, packages_above_depth=None, packages_select_by_dep=None, packages_skip_by_dep=None, packages_skip_up_to=None, packages_select_build_failed=False, packages_skip_build_finished=False, packages_select_test_failures=False, packages_skip_test_passed=False, packages_select=None, packages_skip=None, packages_select_regex=None, packages_skip_regex=None, packages_start=None, packages_end=None, allow_overriding=[], cmake_args=None, cmake_target=None, cmake_target_skip_unavailable=False, cmake_clean_cache=False, cmake_clean_first=False, cmake_force_configure=False, ament_cmake_args=None, catkin_cmake_args=None, catkin_skip_building_tests=False, mixin_files=None, mixin=None, verb_parser=<colcon_mixin.mixin.mixin_argument.MixinArgumentDecorator object at 0xffffa7013e60>, verb_extension=<colcon_core.verb.build.BuildVerb object at 0xffffa71fc7d0>, main=<bound method BuildVerb.main of <colcon_core.verb.build.BuildVerb object at 0xffffa71fc7d0>>, mixin_verb=('build',))
[0.196s] Level 1:colcon.colcon_core.package_discovery:discover_packages(colcon_meta) check parameters
[0.196s] Level 1:colcon.colcon_core.package_discovery:discover_packages(recursive) check parameters
[0.196s] Level 1:colcon.colcon_core.package_discovery:discover_packages(ignore) check parameters
[0.196s] Level 1:colcon.colcon_core.package_discovery:discover_packages(path) check parameters
[0.196s] Level 1:colcon.colcon_core.package_discovery:discover_packages(colcon_meta) discover
[0.196s] Level 1:colcon.colcon_core.package_discovery:discover_packages(recursive) discover
[0.196s] INFO:colcon.colcon_core.package_discovery:Crawling recursively for packages in '/home/zuiken/Documents/ichosai_2026_trolley/ros2_ws/src'
[0.196s] Level 1:colcon.colcon_core.package_identification:_identify(.) by extensions ['ignore', 'ignore_ament_install']
[0.197s] Level 1:colcon.colcon_core.package_identification:_identify(.) by extension 'ignore'
[0.197s] Level 1:colcon.colcon_core.package_identification:_identify(.) by extension 'ignore_ament_install'
[0.197s] Level 1:colcon.colcon_core.package_identification:_identify(.) by extensions ['colcon_pkg']
[0.197s] Level 1:colcon.colcon_core.package_identification:_identify(.) by extension 'colcon_pkg'
[0.197s] Level 1:colcon.colcon_core.package_identification:_identify(.) by extensions ['colcon_meta']
[0.197s] Level 1:colcon.colcon_core.package_identification:_identify(.) by extension 'colcon_meta'
[0.197s] Level 1:colcon.colcon_core.package_identification:_identify(.) by extensions ['ros']
[0.197s] Level 1:colcon.colcon_core.package_identification:_identify(.) by extension 'ros'
[0.234s] Level 1:colcon.colcon_core.package_identification:_identify(.) by extensions ['cmake', 'python']
[0.234s] Level 1:colcon.colcon_core.package_identification:_identify(.) by extension 'cmake'
[0.234s] Level 1:colcon.colcon_core.package_identification:_identify(.) by extension 'python'
[0.234s] Level 1:colcon.colcon_core.package_identification:_identify(.) by extensions ['python_setup_py']
[0.234s] Level 1:colcon.colcon_core.package_identification:_identify(.) by extension 'python_setup_py'
[0.234s] Level 1:colcon.colcon_core.package_identification:_identify(build) by extensions ['ignore', 'ignore_ament_install']
[0.235s] Level 1:colcon.colcon_core.package_identification:_identify(build) by extension 'ignore'
[0.235s] Level 1:colcon.colcon_core.package_identification:_identify(build) ignored
[0.235s] Level 1:colcon.colcon_core.package_identification:_identify(install) by extensions ['ignore', 'ignore_ament_install']
[0.235s] Level 1:colcon.colcon_core.package_identification:_identify(install) by extension 'ignore'
[0.235s] Level 1:colcon.colcon_core.package_identification:_identify(install) ignored
[0.235s] Level 1:colcon.colcon_core.package_identification:_identify(joy_teleop) by extensions ['ignore', 'ignore_ament_install']
[0.235s] Level 1:colcon.colcon_core.package_identification:_identify(joy_teleop) by extension 'ignore'
[0.235s] Level 1:colcon.colcon_core.package_identification:_identify(joy_teleop) by extension 'ignore_ament_install'
[0.235s] Level 1:colcon.colcon_core.package_identification:_identify(joy_teleop) by extensions ['colcon_pkg']
[0.235s] Level 1:colcon.colcon_core.package_identification:_identify(joy_teleop) by extension 'colcon_pkg'
[0.235s] Level 1:colcon.colcon_core.package_identification:_identify(joy_teleop) by extensions ['colcon_meta']
[0.235s] Level 1:colcon.colcon_core.package_identification:_identify(joy_teleop) by extension 'colcon_meta'
[0.235s] Level 1:colcon.colcon_core.package_identification:_identify(joy_teleop) by extensions ['ros']
[0.235s] Level 1:colcon.colcon_core.package_identification:_identify(joy_teleop) by extension 'ros'
[0.239s] DEBUG:colcon.colcon_core.package_identification:Package 'joy_teleop' with type 'ros.ament_python' and name 'joy_teleop'
[0.239s] Level 1:colcon.colcon_core.package_identification:_identify(log) by extensions ['ignore', 'ignore_ament_install']
[0.239s] Level 1:colcon.colcon_core.package_identification:_identify(log) by extension 'ignore'
[0.239s] Level 1:colcon.colcon_core.package_identification:_identify(log) ignored
[0.239s] Level 1:colcon.colcon_core.package_identification:_identify(trolley_bringup) by extensions ['ignore', 'ignore_ament_install']
[0.240s] Level 1:colcon.colcon_core.package_identification:_identify(trolley_bringup) by extension 'ignore'
[0.240s] Level 1:colcon.colcon_core.package_identification:_identify(trolley_bringup) by extension 'ignore_ament_install'
[0.240s] Level 1:colcon.colcon_core.package_identification:_identify(trolley_bringup) by extensions ['colcon_pkg']
[0.240s] Level 1:colcon.colcon_core.package_identification:_identify(trolley_bringup) by extension 'colcon_pkg'
[0.240s] Level 1:colcon.colcon_core.package_identification:_identify(trolley_bringup) by extensions ['colcon_meta']
[0.240s] Level 1:colcon.colcon_core.package_identification:_identify(trolley_bringup) by extension 'colcon_meta'
[0.240s] Level 1:colcon.colcon_core.package_identification:_identify(trolley_bringup) by extensions ['ros']
[0.240s] Level 1:colcon.colcon_core.package_identification:_identify(trolley_bringup) by extension 'ros'
[0.240s] DEBUG:colcon.colcon_core.package_identification:Package 'trolley_bringup' with type 'ros.ament_python' and name 'trolley_bringup'
[0.241s] Level 1:colcon.colcon_core.package_identification:_identify(trolley_drive) by extensions ['ignore', 'ignore_ament_install']
[0.241s] Level 1:colcon.colcon_core.package_identification:_identify(trolley_drive) by extension 'ignore'
[0.241s] Level 1:colcon.colcon_core.package_identification:_identify(trolley_drive) by extension 'ignore_ament_install'
[0.241s] Level 1:colcon.colcon_core.package_identification:_identify(trolley_drive) by extensions ['colcon_pkg']
[0.241s] Level 1:colcon.colcon_core.package_identification:_identify(trolley_drive) by extension 'colcon_pkg'
[0.241s] Level 1:colcon.colcon_core.package_identification:_identify(trolley_drive) by extensions ['colcon_meta']
[0.241s] Level 1:colcon.colcon_core.package_identification:_identify(trolley_drive) by extension 'colcon_meta'
[0.241s] Level 1:colcon.colcon_core.package_identification:_identify(trolley_drive) by extensions ['ros']
[0.241s] Level 1:colcon.colcon_core.package_identification:_identify(trolley_drive) by extension 'ros'
[0.242s] DEBUG:colcon.colcon_core.package_identification:Package 'trolley_drive' with type 'ros.ament_python' and name 'trolley_drive'
[0.242s] Level 1:colcon.colcon_core.package_discovery:discover_packages(recursive) using defaults
[0.242s] Level 1:colcon.colcon_core.package_discovery:discover_packages(ignore) discover
[0.242s] Level 1:colcon.colcon_core.package_discovery:discover_packages(ignore) using defaults
[0.242s] Level 1:colcon.colcon_core.package_discovery:discover_packages(path) discover
[0.242s] Level 1:colcon.colcon_core.package_discovery:discover_packages(path) using defaults
[0.265s] Level 1:colcon.colcon_core.package_discovery:discover_packages(prefix_path) check parameters
[0.266s] Level 1:colcon.colcon_core.package_discovery:discover_packages(prefix_path) discover
[0.269s] DEBUG:colcon.colcon_installed_package_information.package_discovery:Found 287 installed packages in /opt/ros/jazzy
[0.271s] Level 1:colcon.colcon_core.package_discovery:discover_packages(prefix_path) using defaults
[0.331s] Level 5:colcon.colcon_core.verb:set package 'joy_teleop' build argument 'cmake_args' from command line to 'None'
[0.331s] Level 5:colcon.colcon_core.verb:set package 'joy_teleop' build argument 'cmake_target' from command line to 'None'
[0.331s] Level 5:colcon.colcon_core.verb:set package 'joy_teleop' build argument 'cmake_target_skip_unavailable' from command line to 'False'
[0.331s] Level 5:colcon.colcon_core.verb:set package 'joy_teleop' build argument 'cmake_clean_cache' from command line to 'False'
[0.331s] Level 5:colcon.colcon_core.verb:set package 'joy_teleop' build argument 'cmake_clean_first' from command line to 'False'
[0.331s] Level 5:colcon.colcon_core.verb:set package 'joy_teleop' build argument 'cmake_force_configure' from command line to 'False'
[0.331s] Level 5:colcon.colcon_core.verb:set package 'joy_teleop' build argument 'ament_cmake_args' from command line to 'None'
[0.331s] Level 5:colcon.colcon_core.verb:set package 'joy_teleop' build argument 'catkin_cmake_args' from command line to 'None'
[0.331s] Level 5:colcon.colcon_core.verb:set package 'joy_teleop' build argument 'catkin_skip_building_tests' from command line to 'False'
[0.331s] DEBUG:colcon.colcon_core.verb:Building package 'joy_teleop' with the following arguments: {'ament_cmake_args': None, 'build_base': '/home/zuiken/Documents/ichosai_2026_trolley/ros2_ws/src/build/joy_teleop', 'catkin_cmake_args': None, 'catkin_skip_building_tests': False, 'cmake_args': None, 'cmake_clean_cache': False, 'cmake_clean_first': False, 'cmake_force_configure': False, 'cmake_target': None, 'cmake_target_skip_unavailable': False, 'install_base': '/home/zuiken/Documents/ichosai_2026_trolley/ros2_ws/src/install/joy_teleop', 'merge_install': False, 'path': '/home/zuiken/Documents/ichosai_2026_trolley/ros2_ws/src/joy_teleop', 'symlink_install': False, 'test_result_base': None}
[0.331s] Level 5:colcon.colcon_core.verb:set package 'trolley_bringup' build argument 'cmake_args' from command line to 'None'
[0.331s] Level 5:colcon.colcon_core.verb:set package 'trolley_bringup' build argument 'cmake_target' from command line to 'None'
[0.332s] Level 5:colcon.colcon_core.verb:set package 'trolley_bringup' build argument 'cmake_target_skip_unavailable' from command line to 'False'
[0.332s] Level 5:colcon.colcon_core.verb:set package 'trolley_bringup' build argument 'cmake_clean_cache' from command line to 'False'
[0.332s] Level 5:colcon.colcon_core.verb:set package 'trolley_bringup' build argument 'cmake_clean_first' from command line to 'False'
[0.332s] Level 5:colcon.colcon_core.verb:set package 'trolley_bringup' build argument 'cmake_force_configure' from command line to 'False'
[0.332s] Level 5:colcon.colcon_core.verb:set package 'trolley_bringup' build argument 'ament_cmake_args' from command line to 'None'
[0.332s] Level 5:colcon.colcon_core.verb:set package 'trolley_bringup' build argument 'catkin_cmake_args' from command line to 'None'
[0.332s] Level 5:colcon.colcon_core.verb:set package 'trolley_bringup' build argument 'catkin_skip_building_tests' from command line to 'False'
[0.332s] DEBUG:colcon.colcon_core.verb:Building package 'trolley_bringup' with the following arguments: {'ament_cmake_args': None, 'build_base': '/home/zuiken/Documents/ichosai_2026_trolley/ros2_ws/src/build/trolley_bringup', 'catkin_cmake_args': None, 'catkin_skip_building_tests': False, 'cmake_args': None, 'cmake_clean_cache': False, 'cmake_clean_first': False, 'cmake_force_configure': False, 'cmake_target': None, 'cmake_target_skip_unavailable': False, 'install_base': '/home/zuiken/Documents/ichosai_2026_trolley/ros2_ws/src/install/trolley_bringup', 'merge_install': False, 'path': '/home/zuiken/Documents/ichosai_2026_trolley/ros2_ws/src/trolley_bringup', 'symlink_install': False, 'test_result_base': None}
[0.332s] Level 5:colcon.colcon_core.verb:set package 'trolley_drive' build argument 'cmake_args' from command line to 'None'
[0.332s] Level 5:colcon.colcon_core.verb:set package 'trolley_drive' build argument 'cmake_target' from command line to 'None'
[0.332s] Level 5:colcon.colcon_core.verb:set package 'trolley_drive' build argument 'cmake_target_skip_unavailable' from command line to 'False'
[0.332s] Level 5:colcon.colcon_core.verb:set package 'trolley_drive' build argument 'cmake_clean_cache' from command line to 'False'
[0.332s] Level 5:colcon.colcon_core.verb:set package 'trolley_drive' build argument 'cmake_clean_first' from command line to 'False'
[0.332s] Level 5:colcon.colcon_core.verb:set package 'trolley_drive' build argument 'cmake_force_configure' from command line to 'False'
[0.332s] Level 5:colcon.colcon_core.verb:set package 'trolley_drive' build argument 'ament_cmake_args' from command line to 'None'
[0.332s] Level 5:colcon.colcon_core.verb:set package 'trolley_drive' build argument 'catkin_cmake_args' from command line to 'None'
[0.332s] Level 5:colcon.colcon_core.verb:set package 'trolley_drive' build argument 'catkin_skip_building_tests' from command line to 'False'
[0.332s] DEBUG:colcon.colcon_core.verb:Building package 'trolley_drive' with the following arguments: {'ament_cmake_args': None, 'build_base': '/home/zuiken/Documents/ichosai_2026_trolley/ros2_ws/src/build/trolley_drive', 'catkin_cmake_args': None, 'catkin_skip_building_tests': False, 'cmake_args': None, 'cmake_clean_cache': False, 'cmake_clean_first': False, 'cmake_force_configure': False, 'cmake_target': None, 'cmake_target_skip_unavailable': False, 'install_base': '/home/zuiken/Documents/ichosai_2026_trolley/ros2_ws/src/install/trolley_drive', 'merge_install': False, 'path': '/home/zuiken/Documents/ichosai_2026_trolley/ros2_ws/src/trolley_drive', 'symlink_install': False, 'test_result_base': None}
[0.332s] INFO:colcon.colcon_core.executor:Executing jobs using 'parallel' executor
[0.333s] DEBUG:colcon.colcon_parallel_executor.executor.parallel:run_until_complete
[0.334s] INFO:colcon.colcon_ros.task.ament_python.build:Building ROS package in '/home/zuiken/Documents/ichosai_2026_trolley/ros2_ws/src/joy_teleop' with build type 'ament_python'
[0.334s] Level 1:colcon.colcon_core.shell:create_environment_hook('joy_teleop', 'ament_prefix_path')
[0.336s] INFO:colcon.colcon_core.plugin_system:Skipping extension 'colcon_core.shell.bat': Not used on non-Windows systems
[0.337s] INFO:colcon.colcon_core.shell:Creating environment hook '/home/zuiken/Documents/ichosai_2026_trolley/ros2_ws/src/install/joy_teleop/share/joy_teleop/hook/ament_prefix_path.ps1'
[0.527s] INFO:colcon.colcon_core.shell:Creating environment descriptor '/home/zuiken/Documents/ichosai_2026_trolley/ros2_ws/src/install/joy_teleop/share/joy_teleop/hook/ament_prefix_path.dsv'
[0.528s] INFO:colcon.colcon_core.shell:Creating environment hook '/home/zuiken/Documents/ichosai_2026_trolley/ros2_ws/src/install/joy_teleop/share/joy_teleop/hook/ament_prefix_path.sh'
[0.742s] INFO:colcon.colcon_core.shell:Skip shell extension 'powershell' for command environment: Not usable outside of PowerShell
[0.742s] DEBUG:colcon.colcon_core.shell:Skip shell extension 'dsv' for command environment
[0.955s] INFO:colcon.colcon_ros.task.ament_python.build:Building ROS package in '/home/zuiken/Documents/ichosai_2026_trolley/ros2_ws/src/trolley_bringup' with build type 'ament_python'
[0.955s] Level 1:colcon.colcon_core.shell:create_environment_hook('trolley_bringup', 'ament_prefix_path')
[0.956s] INFO:colcon.colcon_core.shell:Creating environment hook '/home/zuiken/Documents/ichosai_2026_trolley/ros2_ws/src/install/trolley_bringup/share/trolley_bringup/hook/ament_prefix_path.ps1'
[0.971s] INFO:colcon.colcon_core.shell:Creating environment descriptor '/home/zuiken/Documents/ichosai_2026_trolley/ros2_ws/src/install/trolley_bringup/share/trolley_bringup/hook/ament_prefix_path.dsv'
[0.972s] INFO:colcon.colcon_core.shell:Creating environment hook '/home/zuiken/Documents/ichosai_2026_trolley/ros2_ws/src/install/trolley_bringup/share/trolley_bringup/hook/ament_prefix_path.sh'
[0.973s] INFO:colcon.colcon_core.shell:Skip shell extension 'powershell' for command environment: Not usable outside of PowerShell
[0.973s] DEBUG:colcon.colcon_core.shell:Skip shell extension 'dsv' for command environment
[0.978s] INFO:colcon.colcon_ros.task.ament_python.build:Building ROS package in '/home/zuiken/Documents/ichosai_2026_trolley/ros2_ws/src/trolley_drive' with build type 'ament_python'
[0.978s] Level 1:colcon.colcon_core.shell:create_environment_hook('trolley_drive', 'ament_prefix_path')
[0.979s] INFO:colcon.colcon_core.shell:Creating environment hook '/home/zuiken/Documents/ichosai_2026_trolley/ros2_ws/src/install/trolley_drive/share/trolley_drive/hook/ament_prefix_path.ps1'
[0.980s] INFO:colcon.colcon_core.shell:Creating environment descriptor '/home/zuiken/Documents/ichosai_2026_trolley/ros2_ws/src/install/trolley_drive/share/trolley_drive/hook/ament_prefix_path.dsv'
[0.981s] INFO:colcon.colcon_core.shell:Creating environment hook '/home/zuiken/Documents/ichosai_2026_trolley/ros2_ws/src/install/trolley_drive/share/trolley_drive/hook/ament_prefix_path.sh'
[0.982s] INFO:colcon.colcon_core.shell:Skip shell extension 'powershell' for command environment: Not usable outside of PowerShell
[0.982s] DEBUG:colcon.colcon_core.shell:Skip shell extension 'dsv' for command environment
[1.290s] INFO:colcon.colcon_core.task.python.build:Building Python package in '/home/zuiken/Documents/ichosai_2026_trolley/ros2_ws/src/joy_teleop'
[1.290s] INFO:colcon.colcon_core.shell:Skip shell extension 'powershell' for command environment: Not usable outside of PowerShell
[1.290s] DEBUG:colcon.colcon_core.shell:Skip shell extension 'dsv' for command environment
[1.893s] INFO:colcon.colcon_core.task.python.build:Building Python package in '/home/zuiken/Documents/ichosai_2026_trolley/ros2_ws/src/trolley_bringup'
[1.893s] INFO:colcon.colcon_core.shell:Skip shell extension 'powershell' for command environment: Not usable outside of PowerShell
[1.893s] DEBUG:colcon.colcon_core.shell:Skip shell extension 'dsv' for command environment
[2.343s] INFO:colcon.colcon_core.task.python.build:Building Python package in '/home/zuiken/Documents/ichosai_2026_trolley/ros2_ws/src/trolley_drive'
[2.343s] INFO:colcon.colcon_core.shell:Skip shell extension 'powershell' for command environment: Not usable outside of PowerShell
[2.343s] DEBUG:colcon.colcon_core.shell:Skip shell extension 'dsv' for command environment
[3.335s] DEBUG:colcon.colcon_core.task.python.build:Available setuptools commands: build, egg_info, extract_messages, bdist_dumb, symlink_data, init_catalog, install_data, bdist_egg, compile_catalog, register, build_py, update_catalog, bdist, setopt, saveopts, install, upload_docs, alias, check, editable_wheel, test, install_lib, develop, install_headers, build_ext, upload, build_clib, rotate, clean, bdist_rpm, install_scripts, dist_info, easy_install, install_egg_info, sdist, build_scripts
[3.340s] DEBUG:colcon.colcon_core.event_handler.log_command:Invoking command in '/home/zuiken/Documents/ichosai_2026_trolley/ros2_ws/src/joy_teleop': DEBUGINFOD_URLS=https://debuginfod.ubuntu.com PYTHONPATH=/home/zuiken/Documents/ichosai_2026_trolley/ros2_ws/src/build/joy_teleop/prefix_override:/usr/lib/python3/dist-packages/colcon_core/task/python/colcon_distutils_commands:/home/zuiken/Documents/ichosai_2026_trolley/ros2_ws/src/install/joy_teleop/lib/python3.12/site-packages:${PYTHONPATH} /usr/bin/python3 -W ignore:setup.py install is deprecated -W ignore:easy_install command is deprecated setup.py egg_info --egg-base ../build/joy_teleop build --build-base /home/zuiken/Documents/ichosai_2026_trolley/ros2_ws/src/build/joy_teleop/build install --record /home/zuiken/Documents/ichosai_2026_trolley/ros2_ws/src/build/joy_teleop/install.log --install-scripts $base/lib/joy_teleop --single-version-externally-managed install_data
[3.540s] DEBUG:colcon.colcon_core.task.python.build:Available setuptools commands: build, egg_info, extract_messages, bdist_dumb, symlink_data, init_catalog, install_data, bdist_egg, compile_catalog, register, build_py, update_catalog, bdist, setopt, saveopts, install, upload_docs, alias, check, editable_wheel, test, install_lib, develop, install_headers, build_ext, upload, build_clib, rotate, clean, bdist_rpm, install_scripts, dist_info, easy_install, install_egg_info, sdist, build_scripts
[3.548s] DEBUG:colcon.colcon_core.event_handler.log_command:Invoking command in '/home/zuiken/Documents/ichosai_2026_trolley/ros2_ws/src/trolley_bringup': DEBUGINFOD_URLS=https://debuginfod.ubuntu.com PYTHONPATH=/home/zuiken/Documents/ichosai_2026_trolley/ros2_ws/src/build/trolley_bringup/prefix_override:/usr/lib/python3/dist-packages/colcon_core/task/python/colcon_distutils_commands:/home/zuiken/Documents/ichosai_2026_trolley/ros2_ws/src/install/trolley_bringup/lib/python3.12/site-packages:${PYTHONPATH} /usr/bin/python3 -W ignore:setup.py install is deprecated -W ignore:easy_install command is deprecated setup.py egg_info --egg-base ../build/trolley_bringup build --build-base /home/zuiken/Documents/ichosai_2026_trolley/ros2_ws/src/build/trolley_bringup/build install --record /home/zuiken/Documents/ichosai_2026_trolley/ros2_ws/src/build/trolley_bringup/install.log --install-scripts $base/lib/trolley_bringup --single-version-externally-managed install_data
[3.549s] DEBUG:colcon.colcon_core.task.python.build:Available setuptools commands: build, egg_info, extract_messages, bdist_dumb, symlink_data, init_catalog, install_data, bdist_egg, compile_catalog, register, build_py, update_catalog, bdist, setopt, saveopts, install, upload_docs, alias, check, editable_wheel, test, install_lib, develop, install_headers, build_ext, upload, build_clib, rotate, clean, bdist_rpm, install_scripts, dist_info, easy_install, install_egg_info, sdist, build_scripts
[3.552s] DEBUG:colcon.colcon_core.event_handler.log_command:Invoking command in '/home/zuiken/Documents/ichosai_2026_trolley/ros2_ws/src/trolley_drive': DEBUGINFOD_URLS=https://debuginfod.ubuntu.com PYTHONPATH=/home/zuiken/Documents/ichosai_2026_trolley/ros2_ws/src/build/trolley_drive/prefix_override:/usr/lib/python3/dist-packages/colcon_core/task/python/colcon_distutils_commands:/home/zuiken/Documents/ichosai_2026_trolley/ros2_ws/src/install/trolley_drive/lib/python3.12/site-packages:${PYTHONPATH} /usr/bin/python3 -W ignore:setup.py install is deprecated -W ignore:easy_install command is deprecated setup.py egg_info --egg-base ../build/trolley_drive build --build-base /home/zuiken/Documents/ichosai_2026_trolley/ros2_ws/src/build/trolley_drive/build install --record /home/zuiken/Documents/ichosai_2026_trolley/ros2_ws/src/build/trolley_drive/install.log --install-scripts $base/lib/trolley_drive --single-version-externally-managed install_data
[4.235s] DEBUG:colcon.colcon_core.event_handler.log_command:Invoked command in '/home/zuiken/Documents/ichosai_2026_trolley/ros2_ws/src/joy_teleop' returned '0': DEBUGINFOD_URLS=https://debuginfod.ubuntu.com PYTHONPATH=/home/zuiken/Documents/ichosai_2026_trolley/ros2_ws/src/build/joy_teleop/prefix_override:/usr/lib/python3/dist-packages/colcon_core/task/python/colcon_distutils_commands:/home/zuiken/Documents/ichosai_2026_trolley/ros2_ws/src/install/joy_teleop/lib/python3.12/site-packages:${PYTHONPATH} /usr/bin/python3 -W ignore:setup.py install is deprecated -W ignore:easy_install command is deprecated setup.py egg_info --egg-base ../build/joy_teleop build --build-base /home/zuiken/Documents/ichosai_2026_trolley/ros2_ws/src/build/joy_teleop/build install --record /home/zuiken/Documents/ichosai_2026_trolley/ros2_ws/src/build/joy_teleop/install.log --install-scripts $base/lib/joy_teleop --single-version-externally-managed install_data
[4.237s] Level 1:colcon.colcon_core.environment:checking '/home/zuiken/Documents/ichosai_2026_trolley/ros2_ws/src/install/joy_teleop' for CMake module files
[4.238s] Level 1:colcon.colcon_core.environment:checking '/home/zuiken/Documents/ichosai_2026_trolley/ros2_ws/src/install/joy_teleop' for CMake config files
[4.239s] Level 1:colcon.colcon_core.environment:checking '/home/zuiken/Documents/ichosai_2026_trolley/ros2_ws/src/install/joy_teleop/lib'
[4.240s] Level 1:colcon.colcon_core.environment:checking '/home/zuiken/Documents/ichosai_2026_trolley/ros2_ws/src/install/joy_teleop/bin'
[4.240s] Level 1:colcon.colcon_core.environment:checking '/home/zuiken/Documents/ichosai_2026_trolley/ros2_ws/src/install/joy_teleop/lib/pkgconfig/joy_teleop.pc'
[4.241s] Level 1:colcon.colcon_core.environment:checking '/home/zuiken/Documents/ichosai_2026_trolley/ros2_ws/src/install/joy_teleop/lib/python3.12/site-packages'
[4.241s] Level 1:colcon.colcon_core.shell:create_environment_hook('joy_teleop', 'pythonpath')
[4.241s] INFO:colcon.colcon_core.shell:Creating environment hook '/home/zuiken/Documents/ichosai_2026_trolley/ros2_ws/src/install/joy_teleop/share/joy_teleop/hook/pythonpath.ps1'
[4.242s] INFO:colcon.colcon_core.shell:Creating environment descriptor '/home/zuiken/Documents/ichosai_2026_trolley/ros2_ws/src/install/joy_teleop/share/joy_teleop/hook/pythonpath.dsv'
[4.243s] INFO:colcon.colcon_core.shell:Creating environment hook '/home/zuiken/Documents/ichosai_2026_trolley/ros2_ws/src/install/joy_teleop/share/joy_teleop/hook/pythonpath.sh'
[4.244s] Level 1:colcon.colcon_core.environment:checking '/home/zuiken/Documents/ichosai_2026_trolley/ros2_ws/src/install/joy_teleop/bin'
[4.245s] Level 1:colcon.colcon_core.environment:create_environment_scripts_only(joy_teleop)
[4.245s] INFO:colcon.colcon_core.shell:Creating package script '/home/zuiken/Documents/ichosai_2026_trolley/ros2_ws/src/install/joy_teleop/share/joy_teleop/package.ps1'
[4.247s] INFO:colcon.colcon_core.shell:Creating package descriptor '/home/zuiken/Documents/ichosai_2026_trolley/ros2_ws/src/install/joy_teleop/share/joy_teleop/package.dsv'
[4.248s] INFO:colcon.colcon_core.shell:Creating package script '/home/zuiken/Documents/ichosai_2026_trolley/ros2_ws/src/install/joy_teleop/share/joy_teleop/package.sh'
[4.252s] INFO:colcon.colcon_core.shell:Creating package script '/home/zuiken/Documents/ichosai_2026_trolley/ros2_ws/src/install/joy_teleop/share/joy_teleop/package.bash'
[4.253s] INFO:colcon.colcon_core.shell:Creating package script '/home/zuiken/Documents/ichosai_2026_trolley/ros2_ws/src/install/joy_teleop/share/joy_teleop/package.zsh'
[4.254s] Level 1:colcon.colcon_core.environment:create_file_with_runtime_dependencies(/home/zuiken/Documents/ichosai_2026_trolley/ros2_ws/src/install/joy_teleop/share/colcon-core/packages/joy_teleop)
[4.396s] Level 1:colcon.colcon_core.environment:checking '/home/zuiken/Documents/ichosai_2026_trolley/ros2_ws/src/install/trolley_bringup' for CMake module files
[4.397s] DEBUG:colcon.colcon_core.event_handler.log_command:Invoked command in '/home/zuiken/Documents/ichosai_2026_trolley/ros2_ws/src/trolley_bringup' returned '0': DEBUGINFOD_URLS=https://debuginfod.ubuntu.com PYTHONPATH=/home/zuiken/Documents/ichosai_2026_trolley/ros2_ws/src/build/trolley_bringup/prefix_override:/usr/lib/python3/dist-packages/colcon_core/task/python/colcon_distutils_commands:/home/zuiken/Documents/ichosai_2026_trolley/ros2_ws/src/install/trolley_bringup/lib/python3.12/site-packages:${PYTHONPATH} /usr/bin/python3 -W ignore:setup.py install is deprecated -W ignore:easy_install command is deprecated setup.py egg_info --egg-base ../build/trolley_bringup build --build-base /home/zuiken/Documents/ichosai_2026_trolley/ros2_ws/src/build/trolley_bringup/build install --record /home/zuiken/Documents/ichosai_2026_trolley/ros2_ws/src/build/trolley_bringup/install.log --install-scripts $base/lib/trolley_bringup --single-version-externally-managed install_data
[4.398s] Level 1:colcon.colcon_core.environment:checking '/home/zuiken/Documents/ichosai_2026_trolley/ros2_ws/src/install/trolley_bringup' for CMake config files
[4.399s] Level 1:colcon.colcon_core.environment:checking '/home/zuiken/Documents/ichosai_2026_trolley/ros2_ws/src/install/trolley_bringup/lib'
[4.399s] Level 1:colcon.colcon_core.environment:checking '/home/zuiken/Documents/ichosai_2026_trolley/ros2_ws/src/install/trolley_bringup/bin'
[4.399s] Level 1:colcon.colcon_core.environment:checking '/home/zuiken/Documents/ichosai_2026_trolley/ros2_ws/src/install/trolley_bringup/lib/pkgconfig/trolley_bringup.pc'
[4.399s] Level 1:colcon.colcon_core.environment:checking '/home/zuiken/Documents/ichosai_2026_trolley/ros2_ws/src/install/trolley_bringup/lib/python3.12/site-packages'
[4.399s] Level 1:colcon.colcon_core.shell:create_environment_hook('trolley_bringup', 'pythonpath')
[4.400s] INFO:colcon.colcon_core.shell:Creating environment hook '/home/zuiken/Documents/ichosai_2026_trolley/ros2_ws/src/install/trolley_bringup/share/trolley_bringup/hook/pythonpath.ps1'
[4.400s] INFO:colcon.colcon_core.shell:Creating environment descriptor '/home/zuiken/Documents/ichosai_2026_trolley/ros2_ws/src/install/trolley_bringup/share/trolley_bringup/hook/pythonpath.dsv'
[4.401s] INFO:colcon.colcon_core.shell:Creating environment hook '/home/zuiken/Documents/ichosai_2026_trolley/ros2_ws/src/install/trolley_bringup/share/trolley_bringup/hook/pythonpath.sh'
[4.402s] Level 1:colcon.colcon_core.environment:checking '/home/zuiken/Documents/ichosai_2026_trolley/ros2_ws/src/install/trolley_bringup/bin'
[4.402s] Level 1:colcon.colcon_core.environment:create_environment_scripts_only(trolley_bringup)
[4.402s] INFO:colcon.colcon_core.shell:Creating package script '/home/zuiken/Documents/ichosai_2026_trolley/ros2_ws/src/install/trolley_bringup/share/trolley_bringup/package.ps1'
[4.403s] INFO:colcon.colcon_core.shell:Creating package descriptor '/home/zuiken/Documents/ichosai_2026_trolley/ros2_ws/src/install/trolley_bringup/share/trolley_bringup/package.dsv'
[4.404s] INFO:colcon.colcon_core.shell:Creating package script '/home/zuiken/Documents/ichosai_2026_trolley/ros2_ws/src/install/trolley_bringup/share/trolley_bringup/package.sh'
[4.404s] INFO:colcon.colcon_core.shell:Creating package script '/home/zuiken/Documents/ichosai_2026_trolley/ros2_ws/src/install/trolley_bringup/share/trolley_bringup/package.bash'
[4.405s] INFO:colcon.colcon_core.shell:Creating package script '/home/zuiken/Documents/ichosai_2026_trolley/ros2_ws/src/install/trolley_bringup/share/trolley_bringup/package.zsh'
[4.405s] Level 1:colcon.colcon_core.environment:create_file_with_runtime_dependencies(/home/zuiken/Documents/ichosai_2026_trolley/ros2_ws/src/install/trolley_bringup/share/colcon-core/packages/trolley_bringup)
[4.407s] Level 1:colcon.colcon_core.environment:checking '/home/zuiken/Documents/ichosai_2026_trolley/ros2_ws/src/install/trolley_drive' for CMake module files
[4.407s] DEBUG:colcon.colcon_core.event_handler.log_command:Invoked command in '/home/zuiken/Documents/ichosai_2026_trolley/ros2_ws/src/trolley_drive' returned '0': DEBUGINFOD_URLS=https://debuginfod.ubuntu.com PYTHONPATH=/home/zuiken/Documents/ichosai_2026_trolley/ros2_ws/src/build/trolley_drive/prefix_override:/usr/lib/python3/dist-packages/colcon_core/task/python/colcon_distutils_commands:/home/zuiken/Documents/ichosai_2026_trolley/ros2_ws/src/install/trolley_drive/lib/python3.12/site-packages:${PYTHONPATH} /usr/bin/python3 -W ignore:setup.py install is deprecated -W ignore:easy_install command is deprecated setup.py egg_info --egg-base ../build/trolley_drive build --build-base /home/zuiken/Documents/ichosai_2026_trolley/ros2_ws/src/build/trolley_drive/build install --record /home/zuiken/Documents/ichosai_2026_trolley/ros2_ws/src/build/trolley_drive/install.log --install-scripts $base/lib/trolley_drive --single-version-externally-managed install_data
[4.408s] Level 1:colcon.colcon_core.environment:checking '/home/zuiken/Documents/ichosai_2026_trolley/ros2_ws/src/install/trolley_drive' for CMake config files
[4.408s] Level 1:colcon.colcon_core.environment:checking '/home/zuiken/Documents/ichosai_2026_trolley/ros2_ws/src/install/trolley_drive/lib'
[4.408s] Level 1:colcon.colcon_core.environment:checking '/home/zuiken/Documents/ichosai_2026_trolley/ros2_ws/src/install/trolley_drive/bin'
[4.408s] Level 1:colcon.colcon_core.environment:checking '/home/zuiken/Documents/ichosai_2026_trolley/ros2_ws/src/install/trolley_drive/lib/pkgconfig/trolley_drive.pc'
[4.409s] Level 1:colcon.colcon_core.environment:checking '/home/zuiken/Documents/ichosai_2026_trolley/ros2_ws/src/install/trolley_drive/lib/python3.12/site-packages'
[4.409s] Level 1:colcon.colcon_core.shell:create_environment_hook('trolley_drive', 'pythonpath')
[4.409s] INFO:colcon.colcon_core.shell:Creating environment hook '/home/zuiken/Documents/ichosai_2026_trolley/ros2_ws/src/install/trolley_drive/share/trolley_drive/hook/pythonpath.ps1'
[4.410s] INFO:colcon.colcon_core.shell:Creating environment descriptor '/home/zuiken/Documents/ichosai_2026_trolley/ros2_ws/src/install/trolley_drive/share/trolley_drive/hook/pythonpath.dsv'
[4.410s] INFO:colcon.colcon_core.shell:Creating environment hook '/home/zuiken/Documents/ichosai_2026_trolley/ros2_ws/src/install/trolley_drive/share/trolley_drive/hook/pythonpath.sh'
[4.411s] Level 1:colcon.colcon_core.environment:checking '/home/zuiken/Documents/ichosai_2026_trolley/ros2_ws/src/install/trolley_drive/bin'
[4.411s] Level 1:colcon.colcon_core.environment:create_environment_scripts_only(trolley_drive)
[4.411s] INFO:colcon.colcon_core.shell:Creating package script '/home/zuiken/Documents/ichosai_2026_trolley/ros2_ws/src/install/trolley_drive/share/trolley_drive/package.ps1'
[4.412s] INFO:colcon.colcon_core.shell:Creating package descriptor '/home/zuiken/Documents/ichosai_2026_trolley/ros2_ws/src/install/trolley_drive/share/trolley_drive/package.dsv'
[4.413s] INFO:colcon.colcon_core.shell:Creating package script '/home/zuiken/Documents/ichosai_2026_trolley/ros2_ws/src/install/trolley_drive/share/trolley_drive/package.sh'
[4.413s] INFO:colcon.colcon_core.shell:Creating package script '/home/zuiken/Documents/ichosai_2026_trolley/ros2_ws/src/install/trolley_drive/share/trolley_drive/package.bash'
[4.414s] INFO:colcon.colcon_core.shell:Creating package script '/home/zuiken/Documents/ichosai_2026_trolley/ros2_ws/src/install/trolley_drive/share/trolley_drive/package.zsh'
[4.414s] Level 1:colcon.colcon_core.environment:create_file_with_runtime_dependencies(/home/zuiken/Documents/ichosai_2026_trolley/ros2_ws/src/install/trolley_drive/share/colcon-core/packages/trolley_drive)
[4.414s] DEBUG:colcon.colcon_parallel_executor.executor.parallel:closing loop
[4.415s] DEBUG:colcon.colcon_parallel_executor.executor.parallel:loop closed
[4.415s] DEBUG:colcon.colcon_parallel_executor.executor.parallel:run_until_complete finished with '0'
[4.415s] DEBUG:colcon.colcon_core.event_reactor:joining thread
[4.416s] DEBUG:colcon.colcon_core.event_reactor:joined thread
[4.416s] INFO:colcon.colcon_core.shell:Creating prefix script '/home/zuiken/Documents/ichosai_2026_trolley/ros2_ws/src/install/local_setup.ps1'
[4.418s] INFO:colcon.colcon_core.shell:Creating prefix util module '/home/zuiken/Documents/ichosai_2026_trolley/ros2_ws/src/install/_local_setup_util_ps1.py'
[4.420s] INFO:colcon.colcon_core.shell:Creating prefix chain script '/home/zuiken/Documents/ichosai_2026_trolley/ros2_ws/src/install/setup.ps1'
[4.421s] INFO:colcon.colcon_core.shell:Creating prefix script '/home/zuiken/Documents/ichosai_2026_trolley/ros2_ws/src/install/local_setup.sh'
[4.422s] INFO:colcon.colcon_core.shell:Creating prefix util module '/home/zuiken/Documents/ichosai_2026_trolley/ros2_ws/src/install/_local_setup_util_sh.py'
[4.423s] INFO:colcon.colcon_core.shell:Creating prefix chain script '/home/zuiken/Documents/ichosai_2026_trolley/ros2_ws/src/install/setup.sh'
[4.424s] INFO:colcon.colcon_core.shell:Creating prefix script '/home/zuiken/Documents/ichosai_2026_trolley/ros2_ws/src/install/local_setup.bash'
[4.424s] INFO:colcon.colcon_core.shell:Creating prefix chain script '/home/zuiken/Documents/ichosai_2026_trolley/ros2_ws/src/install/setup.bash'
[4.425s] INFO:colcon.colcon_core.shell:Creating prefix script '/home/zuiken/Documents/ichosai_2026_trolley/ros2_ws/src/install/local_setup.zsh'
[4.426s] INFO:colcon.colcon_core.shell:Creating prefix chain script '/home/zuiken/Documents/ichosai_2026_trolley/ros2_ws/src/install/setup.zsh'
