[2.377s] Invoking command in '/home/zuiken/Documents/ichosai_2026_trolley/ros2_ws/src/trolley_drive': PYTHONPATH=/home/zuiken/Documents/ichosai_2026_trolley/ros2_ws/build/trolley_drive/prefix_override:/usr/lib/python3/dist-packages/colcon_core/task/python/colcon_distutils_commands:/home/zuiken/Documents/ichosai_2026_trolley/ros2_ws/install/trolley_drive/lib/python3.12/site-packages:${PYTHONPATH} /usr/bin/python3 -W ignore:setup.py install is deprecated -W ignore:easy_install command is deprecated setup.py egg_info --egg-base ../../build/trolley_drive build --build-base /home/zuiken/Documents/ichosai_2026_trolley/ros2_ws/build/trolley_drive/build install --record /home/zuiken/Documents/ichosai_2026_trolley/ros2_ws/build/trolley_drive/install.log --install-scripts $base/lib/trolley_drive --single-version-externally-managed install_data
[2.764s] running egg_info
[2.792s] writing ../../build/trolley_drive/trolley_drive.egg-info/PKG-INFO
[2.845s] writing dependency_links to ../../build/trolley_drive/trolley_drive.egg-info/dependency_links.txt
[2.845s] writing entry points to ../../build/trolley_drive/trolley_drive.egg-info/entry_points.txt
[2.845s] writing requirements to ../../build/trolley_drive/trolley_drive.egg-info/requires.txt
[2.845s] writing top-level names to ../../build/trolley_drive/trolley_drive.egg-info/top_level.txt
[2.897s] reading manifest file '../../build/trolley_drive/trolley_drive.egg-info/SOURCES.txt'
[2.898s] writing manifest file '../../build/trolley_drive/trolley_drive.egg-info/SOURCES.txt'
[2.899s] running build
[2.899s] running build_py
[2.899s] running install
[2.909s] running install_lib
[2.936s] running install_data
[2.936s] running install_egg_info
[2.968s] removing '/home/zuiken/Documents/ichosai_2026_trolley/ros2_ws/install/trolley_drive/lib/python3.12/site-packages/trolley_drive-0.0.0-py3.12.egg-info' (and everything under it)
[2.972s] Copying ../../build/trolley_drive/trolley_drive.egg-info to /home/zuiken/Documents/ichosai_2026_trolley/ros2_ws/install/trolley_drive/lib/python3.12/site-packages/trolley_drive-0.0.0-py3.12.egg-info
[2.973s] running install_scripts
[3.187s] Installing drive_node script to /home/zuiken/Documents/ichosai_2026_trolley/ros2_ws/install/trolley_drive/lib/trolley_drive
[3.188s] writing list of installed files to '/home/zuiken/Documents/ichosai_2026_trolley/ros2_ws/build/trolley_drive/install.log'
[3.258s] Invoked command in '/home/zuiken/Documents/ichosai_2026_trolley/ros2_ws/src/trolley_drive' returned '0': PYTHONPATH=/home/zuiken/Documents/ichosai_2026_trolley/ros2_ws/build/trolley_drive/prefix_override:/usr/lib/python3/dist-packages/colcon_core/task/python/colcon_distutils_commands:/home/zuiken/Documents/ichosai_2026_trolley/ros2_ws/install/trolley_drive/lib/python3.12/site-packages:${PYTHONPATH} /usr/bin/python3 -W ignore:setup.py install is deprecated -W ignore:easy_install command is deprecated setup.py egg_info --egg-base ../../build/trolley_drive build --build-base /home/zuiken/Documents/ichosai_2026_trolley/ros2_ws/build/trolley_drive/build install --record /home/zuiken/Documents/ichosai_2026_trolley/ros2_ws/build/trolley_drive/install.log --install-scripts $base/lib/trolley_drive --single-version-externally-managed install_data
