[4.668s] Invoking command in '/home/zuiken/Documents/ichosai_2026_trolley/ros2_ws/src/trolley_drive': AMENT_PREFIX_PATH=/home/zuiken/Documents/ichosai_2026_trolley/ros2_ws/src/install/trolley_interfaces:${AMENT_PREFIX_PATH} CMAKE_PREFIX_PATH=/home/zuiken/Documents/ichosai_2026_trolley/ros2_ws/src/install/trolley_interfaces:${CMAKE_PREFIX_PATH} LD_LIBRARY_PATH=/home/zuiken/Documents/ichosai_2026_trolley/ros2_ws/src/install/trolley_interfaces/lib:${LD_LIBRARY_PATH} PYTHONPATH=/home/zuiken/Documents/ichosai_2026_trolley/ros2_ws/src/build/trolley_drive/prefix_override:/usr/lib/python3/dist-packages/colcon_core/task/python/colcon_distutils_commands:/home/zuiken/Documents/ichosai_2026_trolley/ros2_ws/src/install/trolley_drive/lib/python3.12/site-packages:/home/zuiken/Documents/ichosai_2026_trolley/ros2_ws/src/install/trolley_interfaces/lib/python3.12/site-packages:${PYTHONPATH} /usr/bin/python3 -W ignore:setup.py install is deprecated -W ignore:easy_install command is deprecated setup.py egg_info --egg-base ../build/trolley_drive build --build-base /home/zuiken/Documents/ichosai_2026_trolley/ros2_ws/src/build/trolley_drive/build install --record /home/zuiken/Documents/ichosai_2026_trolley/ros2_ws/src/build/trolley_drive/install.log --install-scripts $base/lib/trolley_drive --single-version-externally-managed install_data
[5.035s] running egg_info
[5.061s] writing ../build/trolley_drive/trolley_drive.egg-info/PKG-INFO
[5.061s] writing dependency_links to ../build/trolley_drive/trolley_drive.egg-info/dependency_links.txt
[5.062s] writing entry points to ../build/trolley_drive/trolley_drive.egg-info/entry_points.txt
[5.062s] writing requirements to ../build/trolley_drive/trolley_drive.egg-info/requires.txt
[5.062s] writing top-level names to ../build/trolley_drive/trolley_drive.egg-info/top_level.txt
[5.116s] reading manifest file '../build/trolley_drive/trolley_drive.egg-info/SOURCES.txt'
[5.274s] writing manifest file '../build/trolley_drive/trolley_drive.egg-info/SOURCES.txt'
[5.274s] running build
[5.275s] running build_py
[5.275s] running install
[5.285s] running install_lib
[5.314s] running install_data
[5.314s] running install_egg_info
[5.342s] removing '/home/zuiken/Documents/ichosai_2026_trolley/ros2_ws/src/install/trolley_drive/lib/python3.12/site-packages/trolley_drive-0.0.0-py3.12.egg-info' (and everything under it)
[5.342s] Copying ../build/trolley_drive/trolley_drive.egg-info to /home/zuiken/Documents/ichosai_2026_trolley/ros2_ws/src/install/trolley_drive/lib/python3.12/site-packages/trolley_drive-0.0.0-py3.12.egg-info
[5.493s] running install_scripts
[5.681s] Installing drive_node script to /home/zuiken/Documents/ichosai_2026_trolley/ros2_ws/src/install/trolley_drive/lib/trolley_drive
[5.681s] writing list of installed files to '/home/zuiken/Documents/ichosai_2026_trolley/ros2_ws/src/build/trolley_drive/install.log'
[5.757s] Invoked command in '/home/zuiken/Documents/ichosai_2026_trolley/ros2_ws/src/trolley_drive' returned '0': AMENT_PREFIX_PATH=/home/zuiken/Documents/ichosai_2026_trolley/ros2_ws/src/install/trolley_interfaces:${AMENT_PREFIX_PATH} CMAKE_PREFIX_PATH=/home/zuiken/Documents/ichosai_2026_trolley/ros2_ws/src/install/trolley_interfaces:${CMAKE_PREFIX_PATH} LD_LIBRARY_PATH=/home/zuiken/Documents/ichosai_2026_trolley/ros2_ws/src/install/trolley_interfaces/lib:${LD_LIBRARY_PATH} PYTHONPATH=/home/zuiken/Documents/ichosai_2026_trolley/ros2_ws/src/build/trolley_drive/prefix_override:/usr/lib/python3/dist-packages/colcon_core/task/python/colcon_distutils_commands:/home/zuiken/Documents/ichosai_2026_trolley/ros2_ws/src/install/trolley_drive/lib/python3.12/site-packages:/home/zuiken/Documents/ichosai_2026_trolley/ros2_ws/src/install/trolley_interfaces/lib/python3.12/site-packages:${PYTHONPATH} /usr/bin/python3 -W ignore:setup.py install is deprecated -W ignore:easy_install command is deprecated setup.py egg_info --egg-base ../build/trolley_drive build --build-base /home/zuiken/Documents/ichosai_2026_trolley/ros2_ws/src/build/trolley_drive/build install --record /home/zuiken/Documents/ichosai_2026_trolley/ros2_ws/src/build/trolley_drive/install.log --install-scripts $base/lib/trolley_drive --single-version-externally-managed install_data
